Archive member included to satisfy reference by file (symbol)

c:/program files (x86)/gnu arm embedded toolchain/10 2021.10/bin/../lib/gcc/arm-none-eabi/10.3.1/thumb/v7e-m+fp/hard\libgcc.a(_aeabi_uldivmod.o)
                              CMakeFiles/bootloader.elf.dir/Drivers/STM32F4xx_HAL_Driver/Src/stm32f4xx_hal_rcc.c.obj (__aeabi_uldivmod)
c:/program files (x86)/gnu arm embedded toolchain/10 2021.10/bin/../lib/gcc/arm-none-eabi/10.3.1/thumb/v7e-m+fp/hard\libgcc.a(_udivmoddi4.o)
                              c:/program files (x86)/gnu arm embedded toolchain/10 2021.10/bin/../lib/gcc/arm-none-eabi/10.3.1/thumb/v7e-m+fp/hard\libgcc.a(_aeabi_uldivmod.o) (__udivmoddi4)
c:/program files (x86)/gnu arm embedded toolchain/10 2021.10/bin/../lib/gcc/arm-none-eabi/10.3.1/thumb/v7e-m+fp/hard\libgcc.a(_dvmd_tls.o)
                              c:/program files (x86)/gnu arm embedded toolchain/10 2021.10/bin/../lib/gcc/arm-none-eabi/10.3.1/thumb/v7e-m+fp/hard\libgcc.a(_aeabi_uldivmod.o) (__aeabi_ldiv0)
c:/program files (x86)/gnu arm embedded toolchain/10 2021.10/bin/../lib/gcc/arm-none-eabi/10.3.1/../../../../arm-none-eabi/lib/thumb/v7e-m+fp/hard\libc.a(lib_a-errno.o)
                              CMakeFiles/bootloader.elf.dir/Core/Src/syscalls.c.obj (__errno)
c:/program files (x86)/gnu arm embedded toolchain/10 2021.10/bin/../lib/gcc/arm-none-eabi/10.3.1/../../../../arm-none-eabi/lib/thumb/v7e-m+fp/hard\libc.a(lib_a-exit.o)
                              c:/program files (x86)/gnu arm embedded toolchain/10 2021.10/bin/../lib/gcc/arm-none-eabi/10.3.1/../../../../arm-none-eabi/lib/thumb/v7e-m+fp/hard/crt0.o (exit)
c:/program files (x86)/gnu arm embedded toolchain/10 2021.10/bin/../lib/gcc/arm-none-eabi/10.3.1/../../../../arm-none-eabi/lib/thumb/v7e-m+fp/hard\libc.a(lib_a-impure.o)
                              c:/program files (x86)/gnu arm embedded toolchain/10 2021.10/bin/../lib/gcc/arm-none-eabi/10.3.1/../../../../arm-none-eabi/lib/thumb/v7e-m+fp/hard\libc.a(lib_a-exit.o) (_global_impure_ptr)
c:/program files (x86)/gnu arm embedded toolchain/10 2021.10/bin/../lib/gcc/arm-none-eabi/10.3.1/../../../../arm-none-eabi/lib/thumb/v7e-m+fp/hard\libc.a(lib_a-init.o)
                              c:/program files (x86)/gnu arm embedded toolchain/10 2021.10/bin/../lib/gcc/arm-none-eabi/10.3.1/../../../../arm-none-eabi/lib/thumb/v7e-m+fp/hard/crt0.o (__libc_init_array)
c:/program files (x86)/gnu arm embedded toolchain/10 2021.10/bin/../lib/gcc/arm-none-eabi/10.3.1/../../../../arm-none-eabi/lib/thumb/v7e-m+fp/hard\libc.a(lib_a-memset.o)
                              c:/program files (x86)/gnu arm embedded toolchain/10 2021.10/bin/../lib/gcc/arm-none-eabi/10.3.1/../../../../arm-none-eabi/lib/thumb/v7e-m+fp/hard/crt0.o (memset)
c:/program files (x86)/gnu arm embedded toolchain/10 2021.10/bin/../lib/gcc/arm-none-eabi/10.3.1/../../../../arm-none-eabi/lib/thumb/v7e-m+fp/hard\libc.a(lib_a-printf.o)
                              CMakeFiles/bootloader.elf.dir/Core/Src/main.c.obj (printf)
c:/program files (x86)/gnu arm embedded toolchain/10 2021.10/bin/../lib/gcc/arm-none-eabi/10.3.1/../../../../arm-none-eabi/lib/thumb/v7e-m+fp/hard\libc.a(lib_a-puts.o)
                              CMakeFiles/bootloader.elf.dir/Core/Src/main.c.obj (puts)
c:/program files (x86)/gnu arm embedded toolchain/10 2021.10/bin/../lib/gcc/arm-none-eabi/10.3.1/../../../../arm-none-eabi/lib/thumb/v7e-m+fp/hard\libc.a(lib_a-strlen.o)
                              c:/program files (x86)/gnu arm embedded toolchain/10 2021.10/bin/../lib/gcc/arm-none-eabi/10.3.1/../../../../arm-none-eabi/lib/thumb/v7e-m+fp/hard\libc.a(lib_a-puts.o) (strlen)
c:/program files (x86)/gnu arm embedded toolchain/10 2021.10/bin/../lib/gcc/arm-none-eabi/10.3.1/../../../../arm-none-eabi/lib/thumb/v7e-m+fp/hard\libc.a(lib_a-vfprintf.o)
                              c:/program files (x86)/gnu arm embedded toolchain/10 2021.10/bin/../lib/gcc/arm-none-eabi/10.3.1/../../../../arm-none-eabi/lib/thumb/v7e-m+fp/hard\libc.a(lib_a-printf.o) (_vfprintf_r)
c:/program files (x86)/gnu arm embedded toolchain/10 2021.10/bin/../lib/gcc/arm-none-eabi/10.3.1/../../../../arm-none-eabi/lib/thumb/v7e-m+fp/hard\libc.a(lib_a-wsetup.o)
                              c:/program files (x86)/gnu arm embedded toolchain/10 2021.10/bin/../lib/gcc/arm-none-eabi/10.3.1/../../../../arm-none-eabi/lib/thumb/v7e-m+fp/hard\libc.a(lib_a-vfprintf.o) (__swsetup_r)
c:/program files (x86)/gnu arm embedded toolchain/10 2021.10/bin/../lib/gcc/arm-none-eabi/10.3.1/../../../../arm-none-eabi/lib/thumb/v7e-m+fp/hard\libc.a(lib_a-__call_atexit.o)
                              c:/program files (x86)/gnu arm embedded toolchain/10 2021.10/bin/../lib/gcc/arm-none-eabi/10.3.1/../../../../arm-none-eabi/lib/thumb/v7e-m+fp/hard\libc.a(lib_a-exit.o) (__call_exitprocs)
c:/program files (x86)/gnu arm embedded toolchain/10 2021.10/bin/../lib/gcc/arm-none-eabi/10.3.1/../../../../arm-none-eabi/lib/thumb/v7e-m+fp/hard\libc.a(lib_a-atexit.o)
[...]
Memory Configuration

Name             Origin             Length             Attributes
RAM              0x20000000         0x00020000         xrw
FLASH            0x08000000         0x00080000         xr
*default*        0x00000000         0xffffffff

Linker script and memory map

LOAD c:/program files (x86)/gnu arm embedded toolchain/10 2021.10/bin/../lib/gcc/arm-none-eabi/10.3.1/thumb/v7e-m+fp/hard/crti.o
LOAD c:/program files (x86)/gnu arm embedded toolchain/10 2021.10/bin/../lib/gcc/arm-none-eabi/10.3.1/thumb/v7e-m+fp/hard/crtbegin.o
LOAD c:/program files (x86)/gnu arm embedded toolchain/10 2021.10/bin/../lib/gcc/arm-none-eabi/10.3.1/../../../../arm-none-eabi/lib/thumb/v7e-m+fp/hard/crt0.o
LOAD CMakeFiles/bootloader.elf.dir/Core/Src/main.c.obj
LOAD CMakeFiles/bootloader.elf.dir/Core/Src/bootloader.c.obj
LOAD CMakeFiles/bootloader.elf.dir/Core/Src/boot_metadata.c.obj
LOAD CMakeFiles/bootloader.elf.dir/Core/Src/crc_check.c.obj
LOAD CMakeFiles/bootloader.elf.dir/Core/Src/image_validate.c.obj
LOAD CMakeFiles/bootloader.elf.dir/Core/Src/jump.c.obj
LOAD CMakeFiles/bootloader.elf.dir/Core/Src/stm32f4xx_hal_msp.c.obj
LOAD CMakeFiles/bootloader.elf.dir/Core/Src/stm32f4xx_it.c.obj
LOAD CMakeFiles/bootloader.elf.dir/Core/Src/syscalls.c.obj
LOAD CMakeFiles/bootloader.elf.dir/Core/Src/sysmem.c.obj
LOAD CMakeFiles/bootloader.elf.dir/Core/Src/system_stm32f4xx.c.obj
LOAD CMakeFiles/bootloader.elf.dir/Drivers/STM32F4xx_HAL_Driver/Src/stm32f4xx_hal.c.obj
LOAD CMakeFiles/bootloader.elf.dir/Drivers/STM32F4xx_HAL_Driver/Src/stm32f4xx_hal_rcc.c.obj
LOAD CMakeFiles/bootloader.elf.dir/Drivers/STM32F4xx_HAL_Driver/Src/stm32f4xx_hal_rcc_ex.c.obj
LOAD CMakeFiles/bootloader.elf.dir/Drivers/STM32F4xx_HAL_Driver/Src/stm32f4xx_hal_gpio.c.obj
LOAD CMakeFiles/bootloader.elf.dir/Drivers/STM32F4xx_HAL_Driver/Src/stm32f4xx_hal_uart.c.obj
LOAD CMakeFiles/bootloader.elf.dir/Drivers/STM32F4xx_HAL_Driver/Src/stm32f4xx_hal_dma.c.obj
LOAD CMakeFiles/bootloader.elf.dir/Drivers/STM32F4xx_HAL_Driver/Src/stm32f4xx_hal_dma_ex.c.obj
LOAD CMakeFiles/bootloader.elf.dir/Drivers/STM32F4xx_HAL_Driver/Src/stm32f4xx_hal_cortex.c.obj
LOAD CMakeFiles/bootloader.elf.dir/Drivers/STM32F4xx_HAL_Driver/Src/stm32f4xx_hal_pwr.c.obj
LOAD CMakeFiles/bootloader.elf.dir/Drivers/STM32F4xx_HAL_Driver/Src/stm32f4xx_hal_pwr_ex.c.obj
LOAD CMakeFiles/bootloader.elf.dir/Drivers/STM32F4xx_HAL_Driver/Src/stm32f4xx_hal_flash.c.obj
LOAD CMakeFiles/bootloader.elf.dir/Drivers/STM32F4xx_HAL_Driver/Src/stm32f4xx_hal_flash_ex.c.obj
LOAD CMakeFiles/bootloader.elf.dir/Drivers/STM32F4xx_HAL_Driver/Src/stm32f4xx_hal_flash_ramfunc.c.obj
LOAD CMakeFiles/bootloader.elf.dir/Drivers/STM32F4xx_HAL_Driver/Src/stm32f4xx_hal_exti.c.obj
LOAD CMakeFiles/bootloader.elf.dir/Drivers/STM32F4xx_HAL_Driver/Src/stm32f4xx_hal_wwdg.c.obj
LOAD CMakeFiles/bootloader.elf.dir/Drivers/STM32F4xx_HAL_Driver/Src/stm32f4xx_hal_crc.c.obj
LOAD CMakeFiles/bootloader.elf.dir/Core/Startup/startup_stm32f446retx.s.obj
START GROUP
LOAD c:/program files (x86)/gnu arm embedded toolchain/10 2021.10/bin/../lib/gcc/arm-none-eabi/10.3.1/thumb/v7e-m+fp/hard\libgcc.a
LOAD c:/program files (x86)/gnu arm embedded toolchain/10 2021.10/bin/../lib/gcc/arm-none-eabi/10.3.1/../../../../arm-none-eabi/lib/thumb/v7e-m+fp/hard\libc.a
END GROUP
LOAD c:/program files (x86)/gnu arm embedded toolchain/10 2021.10/bin/../lib/gcc/arm-none-eabi/10.3.1/thumb/v7e-m+fp/hard/crtend.o
LOAD c:/program files (x86)/gnu arm embedded toolchain/10 2021.10/bin/../lib/gcc/arm-none-eabi/10.3.1/thumb/v7e-m+fp/hard/crtn.o
                0x20020000                _estack = (ORIGIN (RAM) + LENGTH (RAM))
                0x00000200                _Min_Heap_Size = 0x200
                0x00000400                _Min_Stack_Size = 0x400

.isr_vector     0x08000000      0x1c4
                0x08000000                . = ALIGN (0x4)
 *(.isr_vector)
 .isr_vector    0x08000000      0x1c4 CMakeFiles/bootloader.elf.dir/Core/Startup/startup_stm32f446retx.s.obj
                0x08000000                g_pfnVectors
                0x080001c4                . = ALIGN (0x4)

.text           0x08000200     0xf028
                0x08000200                . = ALIGN (0x4)
 *(.text)
 .text          0x08000200       0x40 c:/program files (x86)/gnu arm embedded toolchain/10 2021.10/bin/../lib/gcc/arm-none-eabi/10.3.1/thumb/v7e-m+fp/hard/crtbegin.o
 .text          0x08000240      0x334 CMakeFiles/bootloader.elf.dir/Core/Src/main.c.obj
                0x08000240                main
                0x080002f4                SystemClock_Config
                0x08000568                Error_Handler
 .text          0x08000574       0x64 CMakeFiles/bootloader.elf.dir/Core/Src/boot_metadata.c.obj
                0x08000574                read_metadata
 .text          0x080005d8       0x48 CMakeFiles/bootloader.elf.dir/Core/Src/image_validate.c.obj
                0x080005d8                is_valid_app
 .text          0x08000620       0x54 CMakeFiles/bootloader.elf.dir/Core/Src/jump.c.obj
                0x08000620                jump_to_app
 .text          0x08000674      0x1d8 CMakeFiles/bootloader.elf.dir/Core/Src/stm32f4xx_hal_msp.c.obj
                0x08000674                HAL_MspInit
                0x080006c4                HAL_CRC_MspInit
                0x08000708                HAL_CRC_MspDeInit
                0x0800073c                HAL_UART_MspInit
                0x080007cc                HAL_UART_MspDeInit
                0x08000808                HAL_WWDG_MspInit
 .text          0x0800084c       0x54 CMakeFiles/bootloader.elf.dir/Core/Src/stm32f4xx_it.c.obj
                0x0800084c                NMI_Handler
                0x08000852                HardFault_Handler
                0x08000858                MemManage_Handler
                0x0800085e                BusFault_Handler
                0x08000864                UsageFault_Handler
                0x0800086a                SVC_Handler
                0x08000878                DebugMon_Handler
                0x08000886                PendSV_Handler
                0x08000894                SysTick_Handler
 .text          0x080008a0      0x214 CMakeFiles/bootloader.elf.dir/Core/Src/syscalls.c.obj
                0x080008a0                initialise_monitor_handles
                0x080008ae                _getpid
                0x080008be                _kill
                0x080008de                _exit
                0x080008f2                _read
                0x0800092c                _write
                0x08000964                _close
                0x0800097c                _fstat
                0x0800099c                _isatty
                0x080009b2                _lseek
                0x080009cc                _open
                0x080009e8                _wait
                0x08000a06                _unlink
                0x08000a24                _times
                0x08000a3c                _stat
                0x08000a5c                _link
                0x08000a7c                _fork
                0x08000a92                _execve
 .text          0x08000ab4       0x6c CMakeFiles/bootloader.elf.dir/Core/Src/sysmem.c.obj
                0x08000ab4                _sbrk
 .text          0x08000b20      0x110 CMakeFiles/bootloader.elf.dir/Core/Src/system_stm32f4xx.c.obj
                0x08000b20                SystemInit
                0x08000b44                SystemCoreClockUpdate
 .text          0x08000c30      0x3e4 CMakeFiles/bootloader.elf.dir/Drivers/STM32F4xx_HAL_Driver/Src/stm32f4xx_hal.c.obj
                0x08000c30                HAL_Init
                0x08000c74                HAL_DeInit
                0x08000cde                HAL_MspDeInit
                0x08000cec                HAL_InitTick
                0x08000d4c                HAL_IncTick
                0x08000d74                HAL_GetTick
                0x08000d8c                HAL_GetTickPrio
                0x08000da4                HAL_SetTickFreq
                0x08000df4                HAL_GetTickFreq
                0x08000e0c                HAL_Delay
                0x08000e54                HAL_SuspendTick
                0x08000e74                HAL_ResumeTick
                0x08000e94                HAL_GetHalVersion
                0x08000ea8                HAL_GetREVID
                0x08000ec0                HAL_GetDEVID
                0x08000edc                HAL_DBGMCU_EnableDBGSleepMode
                0x08000efc                HAL_DBGMCU_DisableDBGSleepMode
                0x08000f1c                HAL_DBGMCU_EnableDBGStopMode
                0x08000f3c                HAL_DBGMCU_DisableDBGStopMode
                0x08000f5c                HAL_DBGMCU_EnableDBGStandbyMode
                0x08000f7c                HAL_DBGMCU_DisableDBGStandbyMode
                0x08000f9c                HAL_EnableCompensationCell
                0x08000fb4                HAL_DisableCompensationCell
                0x08000fcc                HAL_GetUIDw0
                0x08000fe4                HAL_GetUIDw1
                0x08000ffc                HAL_GetUIDw2
 .text          0x08001014      0xc14 CMakeFiles/bootloader.elf.dir/Drivers/STM32F4xx_HAL_Driver/Src/stm32f4xx_hal_rcc.c.obj
                0x08001524                HAL_RCC_ClockConfig
                0x080016f0                HAL_RCC_MCOConfig
                0x080017c0                HAL_RCC_EnableCSS
                0x080017d8                HAL_RCC_DisableCSS
                0x080019fc                HAL_RCC_GetHCLKFreq
                0x08001a14                HAL_RCC_GetPCLK1Freq
                0x08001a3c                HAL_RCC_GetPCLK2Freq
                0x08001b8c                HAL_RCC_GetClockConfig
                0x08001bf0                HAL_RCC_NMI_IRQHandler
                0x08001c18                HAL_RCC_CSSCallback
 .text          0x08001c28     0x1b3c CMakeFiles/bootloader.elf.dir/Drivers/STM32F4xx_HAL_Driver/Src/stm32f4xx_hal_rcc_ex.c.obj
                0x08001c28                HAL_RCCEx_PeriphCLKConfig
                0x0800227c                HAL_RCCEx_GetPeriphCLKConfig
                0x08002408                HAL_RCCEx_GetPeriphCLKFreq
                0x0800289c                HAL_RCCEx_SelectLSEMode
                0x080028d8                HAL_RCCEx_EnablePLLI2S
                0x08002978                HAL_RCCEx_DisablePLLI2S
                0x080029bc                HAL_RCCEx_EnablePLLSAI
                0x08002a58                HAL_RCCEx_DisablePLLSAI
                0x08002aa0                HAL_RCC_GetSysClockFreq
                0x08002f00                HAL_RCC_DeInit
                0x080030f0                HAL_RCC_OscConfig
                0x0800362c                HAL_RCC_GetOscConfig
 .text          0x08003764      0x640 CMakeFiles/bootloader.elf.dir/Drivers/STM32F4xx_HAL_Driver/Src/stm32f4xx_hal_gpio.c.obj
                0x08003764                HAL_GPIO_Init
                0x08003a8c                HAL_GPIO_DeInit
                0x08003c74                HAL_GPIO_ReadPin
                0x08003ca4                HAL_GPIO_WritePin
                0x08003cd6                HAL_GPIO_TogglePin
                0x08003d0a                HAL_GPIO_LockPin
                0x08003d5a                HAL_GPIO_EXTI_IRQHandler
                0x08003d8c                HAL_GPIO_EXTI_Callback
 .text          0x08003da4     0x2dfc CMakeFiles/bootloader.elf.dir/Drivers/STM32F4xx_HAL_Driver/Src/stm32f4xx_hal_uart.c.obj
                0x08003da4                HAL_UART_Init
                0x08003e44                HAL_HalfDuplex_Init
                0x08003ef4                HAL_LIN_Init
                0x08003fc6                HAL_MultiProcessor_Init
                0x080040ac                HAL_UART_DeInit
                0x08004138                HAL_UART_Transmit
                0x0800424e                HAL_UART_Receive
                0x0800437c                HAL_UART_Transmit_IT
                0x080043e8                HAL_UART_Receive_IT
                0x08004432                HAL_UART_Transmit_DMA
                0x08004528                HAL_UART_Receive_DMA
                0x08004572                HAL_UART_DMAPause
                0x080046ac                HAL_UART_DMAResume
                0x080047c8                HAL_UART_DMAStop
                0x080048c6                HAL_UARTEx_ReceiveToIdle
                0x08004a6e                HAL_UARTEx_ReceiveToIdle_IT
                0x08004b28                HAL_UARTEx_ReceiveToIdle_DMA
                0x08004bda                HAL_UARTEx_GetRxEventType
                0x08004bf2                HAL_UART_Abort
                0x08004dc8                HAL_UART_AbortTransmit
                0x08004e98                HAL_UART_AbortReceive
                0x08004fde                HAL_UART_Abort_IT
                0x08005208                HAL_UART_AbortTransmit_IT
                0x080052f0                HAL_UART_AbortReceive_IT
                0x08005454                HAL_UART_IRQHandler
                0x080059a8                HAL_UART_TxCpltCallback
                0x080059bc                HAL_UART_TxHalfCpltCallback
                0x080059d0                HAL_UART_RxCpltCallback
                0x080059e4                HAL_UART_RxHalfCpltCallback
                0x080059f8                HAL_UART_ErrorCallback
                0x08005a0c                HAL_UART_AbortCpltCallback
                0x08005a20                HAL_UART_AbortTransmitCpltCallback
                0x08005a34                HAL_UART_AbortReceiveCpltCallback
                0x08005a48                HAL_UARTEx_RxEventCallback
                0x08005a60                HAL_LIN_SendBreak
                0x08005ad8                HAL_MultiProcessor_EnterMuteMode
                0x08005b56                HAL_MultiProcessor_ExitMuteMode
                0x08005bd4                HAL_HalfDuplex_EnableTransmitter
                0x08005c3c                HAL_HalfDuplex_EnableReceiver
                0x08005ca4                HAL_UART_GetState
                0x08005ce0                HAL_UART_GetError
                0x0800605c                UART_Start_Receive_IT
                0x080060d0                UART_Start_Receive_DMA
 .text          0x08006ba0      0xca0 CMakeFiles/bootloader.elf.dir/Drivers/STM32F4xx_HAL_Driver/Src/stm32f4xx_hal_dma.c.obj
                0x08006ba0                HAL_DMA_Init
                0x08006cfc                HAL_DMA_DeInit
                0x08006db8                HAL_DMA_Start
                0x08006e2e                HAL_DMA_Start_IT
                0x08006ede                HAL_DMA_Abort
                0x08006fbe                HAL_DMA_Abort_IT
                0x08007002                HAL_DMA_PollForTransfer
                0x080071c0                HAL_DMA_IRQHandler
                0x080074d4                HAL_DMA_RegisterCallback
                0x0800757c                HAL_DMA_UnRegisterCallback
                0x0800764e                HAL_DMA_GetState
                0x0800766a                HAL_DMA_GetError
 .text          0x08007840      0x6d0 CMakeFiles/bootloader.elf.dir/Drivers/STM32F4xx_HAL_Driver/Src/stm32f4xx_hal_cortex.c.obj
                0x08007c10                HAL_NVIC_SetPriorityGrouping
                0x08007c26                HAL_NVIC_SetPriority
                0x08007c5e                HAL_NVIC_EnableIRQ
                0x08007c7a                HAL_NVIC_DisableIRQ
                0x08007c96                HAL_NVIC_SystemReset
                0x08007c9e                HAL_SYSTICK_Config
                0x08007cb6                HAL_MPU_Disable
                0x08007ce4                HAL_MPU_Enable
                0x08007d24                HAL_MPU_EnableRegion
                0x08007d50                HAL_MPU_DisableRegion
                0x08007d7c                HAL_MPU_ConfigRegion
                0x08007dfc                HAL_CORTEX_ClearEvent
                0x08007e0e                HAL_NVIC_GetPriorityGrouping
                0x08007e1c                HAL_NVIC_GetPriority
                0x08007e48                HAL_NVIC_SetPendingIRQ
                0x08007e64                HAL_NVIC_GetPendingIRQ
                0x08007e82                HAL_NVIC_ClearPendingIRQ
                0x08007e9e                HAL_NVIC_GetActive
                0x08007ebc                HAL_SYSTICK_CLKSourceConfig
                0x08007ef4                HAL_SYSTICK_IRQHandler
                0x08007f00                HAL_SYSTICK_Callback
 .text          0x08007f10       0xce CMakeFiles/bootloader.elf.dir/Drivers/STM32F4xx_HAL_Driver/Src/stm32f4xx_hal_wwdg.c.obj
                0x08007f10                HAL_WWDG_Init
                0x08007f6c                HAL_WWDG_Refresh
                0x08007f8c                HAL_WWDG_IRQHandler
                0x08007fca                HAL_WWDG_EarlyWakeupCallback
 .text          0x08007fde      0x190 CMakeFiles/bootloader.elf.dir/Drivers/STM32F4xx_HAL_Driver/Src/stm32f4xx_hal_crc.c.obj
                0x08007fde                HAL_CRC_Init
                0x08008016                HAL_CRC_DeInit
                0x08008098                HAL_CRC_Accumulate
                0x080080ee                HAL_CRC_Calculate
                0x08008154                HAL_CRC_GetState
 *fill*         0x0800816e        0x2 
 .text          0x08008170       0x30 c:/program files (x86)/gnu arm embedded toolchain/10 2021.10/bin/../lib/gcc/arm-none-eabi/10.3.1/thumb/v7e-m+fp/hard\libgcc.a(_aeabi_uldivmod.o)
                0x08008170                __aeabi_uldivmod
 .text          0x080081a0      0x2d0 c:/program files (x86)/gnu arm embedded toolchain/10 2021.10/bin/../lib/gcc/arm-none-eabi/10.3.1/thumb/v7e-m+fp/hard\libgcc.a(_udivmoddi4.o)
                0x080081a0                __udivmoddi4
 .text          0x08008470        0x4 c:/program files (x86)/gnu arm embedded toolchain/10 2021.10/bin/../lib/gcc/arm-none-eabi/10.3.1/thumb/v7e-m+fp/hard\libgcc.a(_dvmd_tls.o)
                0x08008470                __aeabi_idiv0
                0x08008470                __aeabi_ldiv0
 *fill*         0x08008474        0xc 
 .text          0x08008480       0xdc c:/program files (x86)/gnu arm embedded toolchain/10 2021.10/bin/../lib/gcc/arm-none-eabi/10.3.1/../../../../arm-none-eabi/lib/thumb/v7e-m+fp/hard\libc.a(lib_a-strlen.o)
                0x08008480                strlen
 *fill*         0x0800855c        0x4 
 .text          0x08008560       0xa0 c:/program files (x86)/gnu arm embedded toolchain/10 2021.10/bin/../lib/gcc/arm-none-eabi/10.3.1/../../../../arm-none-eabi/lib/thumb/v7e-m+fp/hard\libc.a(lib_a-memchr.o)
                0x08008560                memchr
 .text          0x08008600      0x134 c:/program files (x86)/gnu arm embedded toolchain/10 2021.10/bin/../lib/gcc/arm-none-eabi/10.3.1/../../../../arm-none-eabi/lib/thumb/v7e-m+fp/hard\libc.a(lib_a-memcpy.o)
                0x08008600                memcpy
 .text          0x08008734      0x378 c:/program files (x86)/gnu arm embedded toolchain/10 2021.10/bin/../lib/gcc/arm-none-eabi/10.3.1/thumb/v7e-m+fp/hard\libgcc.a(_arm_addsubdf3.o)
                0x08008734                __aeabi_drsub
                0x0800873c                __aeabi_dsub
                0x0800873c                __subdf3
                0x08008740                __aeabi_dadd
                0x08008740                __adddf3
                0x080089b8                __floatunsidf
                0x080089b8                __aeabi_ui2d
                0x080089d8                __floatsidf
                0x080089d8                __aeabi_i2d
                0x080089fc                __aeabi_f2d
                0x080089fc                __extendsfdf2
                0x08008a40                __floatundidf
                0x08008a40                __aeabi_ul2d
                0x08008a50                __floatdidf
                0x08008a50                __aeabi_l2d
 .text          0x08008aac      0x424 c:/program files (x86)/gnu arm embedded toolchain/10 2021.10/bin/../lib/gcc/arm-none-eabi/10.3.1/thumb/v7e-m+fp/hard\libgcc.a(_arm_muldivdf3.o)
                0x08008aac                __aeabi_dmul
                0x08008aac                __muldf3
                0x08008d00                __divdf3
                0x08008d00                __aeabi_ddiv
 .text          0x08008ed0      0x110 c:/program files (x86)/gnu arm embedded toolchain/10 2021.10/bin/../lib/gcc/arm-none-eabi/10.3.1/thumb/v7e-m+fp/hard\libgcc.a(_arm_cmpdf2.o)
                0x08008ed0                __gtdf2
                0x08008ed0                __gedf2
                0x08008ed8                __ltdf2
                0x08008ed8                __ledf2
                0x08008ee0                __nedf2
                0x08008ee0                __eqdf2
                0x08008ee0                __cmpdf2
                0x08008f5c                __aeabi_cdrcmple
                0x08008f6c                __aeabi_cdcmpeq
                0x08008f6c                __aeabi_cdcmple
                0x08008f7c                __aeabi_dcmpeq
                0x08008f90                __aeabi_dcmplt
                0x08008fa4                __aeabi_dcmple
                0x08008fb8                __aeabi_dcmpge
                0x08008fcc                __aeabi_dcmpgt
 .text          0x08008fe0       0x2c c:/program files (x86)/gnu arm embedded toolchain/10 2021.10/bin/../lib/gcc/arm-none-eabi/10.3.1/thumb/v7e-m+fp/hard\libgcc.a(_arm_unorddf2.o)
                0x08008fe0                __unorddf2
                0x08008fe0                __aeabi_dcmpun
 .text          0x0800900c       0x50 c:/program files (x86)/gnu arm embedded toolchain/10 2021.10/bin/../lib/gcc/arm-none-eabi/10.3.1/thumb/v7e-m+fp/hard\libgcc.a(_arm_fixdfsi.o)
                0x0800900c                __aeabi_d2iz
                0x0800900c                __fixdfsi
 *(.text*)
 .text.Reset_Handler
                0x0800905c       0x50 CMakeFiles/bootloader.elf.dir/Core/Startup/startup_stm32f446retx.s.obj
                0x0800905c                Reset_Handler
 .text.Default_Handler
                0x080090ac        0x2 CMakeFiles/bootloader.elf.dir/Core/Startup/startup_stm32f446retx.s.obj
                0x080090ac                RTC_Alarm_IRQHandler
                0x080090ac                EXTI2_IRQHandler
                0x080090ac                TIM8_CC_IRQHandler
                0x080090ac                FMPI2C1_EV_IRQHandler
                0x080090ac                SPI4_IRQHandler
                0x080090ac                TIM1_CC_IRQHandler
                0x080090ac                DMA2_Stream5_IRQHandler
                0x080090ac                DMA1_Stream5_IRQHandler
                0x080090ac                PVD_IRQHandler
                0x080090ac                SDIO_IRQHandler
                0x080090ac                TAMP_STAMP_IRQHandler
                0x080090ac                CAN2_RX1_IRQHandler
                0x080090ac                EXTI3_IRQHandler
                0x080090ac                TIM8_TRG_COM_TIM14_IRQHandler
                0x080090ac                TIM1_UP_TIM10_IRQHandler
                0x080090ac                TIM8_UP_TIM13_IRQHandler
                0x080090ac                I2C3_ER_IRQHandler
                0x080090ac                EXTI0_IRQHandler
                0x080090ac                I2C2_EV_IRQHandler
                0x080090ac                DMA1_Stream2_IRQHandler
                0x080090ac                CAN1_RX0_IRQHandler
                0x080090ac                FPU_IRQHandler
                0x080090ac                OTG_HS_WKUP_IRQHandler
                0x080090ac                CAN2_SCE_IRQHandler
                0x080090ac                DMA2_Stream2_IRQHandler
                0x080090ac                SPI1_IRQHandler
                0x080090ac                TIM6_DAC_IRQHandler
                0x080090ac                TIM1_BRK_TIM9_IRQHandler
                0x080090ac                DCMI_IRQHandler
                0x080090ac                CAN2_RX0_IRQHandler
                0x080090ac                DMA2_Stream3_IRQHandler
                0x080090ac                SAI2_IRQHandler
                0x080090ac                USART6_IRQHandler
                0x080090ac                USART3_IRQHandler
                0x080090ac                CAN1_RX1_IRQHandler
                0x080090ac                UART5_IRQHandler
                0x080090ac                DMA2_Stream0_IRQHandler
                0x080090ac                TIM4_IRQHandler
                0x080090ac                QUADSPI_IRQHandler
                0x080090ac                I2C1_EV_IRQHandler
                0x080090ac                DMA1_Stream6_IRQHandler
                0x080090ac                DMA1_Stream1_IRQHandler
                0x080090ac                UART4_IRQHandler
                0x080090ac                TIM3_IRQHandler
                0x080090ac                RCC_IRQHandler
                0x080090ac                TIM8_BRK_TIM12_IRQHandler
                0x080090ac                Default_Handler
                0x080090ac                CEC_IRQHandler
                0x080090ac                EXTI15_10_IRQHandler
                0x080090ac                ADC_IRQHandler
                0x080090ac                DMA1_Stream7_IRQHandler
                0x080090ac                TIM7_IRQHandler
                0x080090ac                CAN2_TX_IRQHandler
                0x080090ac                TIM5_IRQHandler
                0x080090ac                DMA2_Stream7_IRQHandler
                0x080090ac                I2C3_EV_IRQHandler
                0x080090ac                EXTI9_5_IRQHandler
                0x080090ac                RTC_WKUP_IRQHandler
                0x080090ac                SPDIF_RX_IRQHandler
                0x080090ac                SPI2_IRQHandler
                0x080090ac                OTG_HS_EP1_IN_IRQHandler
                0x080090ac                DMA1_Stream0_IRQHandler
                0x080090ac                CAN1_TX_IRQHandler
                0x080090ac                FMPI2C1_ER_IRQHandler
                0x080090ac                EXTI4_IRQHandler
                0x080090ac                OTG_HS_EP1_OUT_IRQHandler
                0x080090ac                WWDG_IRQHandler
                0x080090ac                TIM2_IRQHandler
                0x080090ac                OTG_FS_WKUP_IRQHandler
                0x080090ac                TIM1_TRG_COM_TIM11_IRQHandler
                0x080090ac                OTG_HS_IRQHandler
                0x080090ac                EXTI1_IRQHandler
                0x080090ac                USART2_IRQHandler
                0x080090ac                I2C2_ER_IRQHandler
                0x080090ac                DMA2_Stream1_IRQHandler
                0x080090ac                CAN1_SCE_IRQHandler
                0x080090ac                FLASH_IRQHandler
                0x080090ac                DMA2_Stream4_IRQHandler
                0x080090ac                USART1_IRQHandler
                0x080090ac                OTG_FS_IRQHandler
                0x080090ac                SPI3_IRQHandler
                0x080090ac                DMA1_Stream4_IRQHandler
                0x080090ac                I2C1_ER_IRQHandler
                0x080090ac                FMC_IRQHandler
                0x080090ac                DMA2_Stream6_IRQHandler
                0x080090ac                SAI1_IRQHandler
                0x080090ac                DMA1_Stream3_IRQHandler
 *fill*         0x080090ae        0x2 
 .text.__errno  0x080090b0        0xc c:/program files (x86)/gnu arm embedded toolchain/10 2021.10/bin/../lib/gcc/arm-none-eabi/10.3.1/../../../../arm-none-eabi/lib/thumb/v7e-m+fp/hard\libc.a(lib_a-errno.o)
                0x080090b0                __errno
 .text.__libc_init_array
                0x080090bc       0x48 c:/program files (x86)/gnu arm embedded toolchain/10 2021.10/bin/../lib/gcc/arm-none-eabi/10.3.1/../../../../arm-none-eabi/lib/thumb/v7e-m+fp/hard\libc.a(lib_a-init.o)
                0x080090bc                __libc_init_array
 .text.memset   0x08009104       0xa4 c:/program files (x86)/gnu arm embedded toolchain/10 2021.10/bin/../lib/gcc/arm-none-eabi/10.3.1/../../../../arm-none-eabi/lib/thumb/v7e-m+fp/hard\libc.a(lib_a-memset.o)
                0x08009104                memset
 .text.printf   0x080091a8       0x28 c:/program files (x86)/gnu arm embedded toolchain/10 2021.10/bin/../lib/gcc/arm-none-eabi/10.3.1/../../../../arm-none-eabi/lib/thumb/v7e-m+fp/hard\libc.a(lib_a-printf.o)
                0x080091a8                printf
 .text._puts_r  0x080091d0       0x9c c:/program files (x86)/gnu arm embedded toolchain/10 2021.10/bin/../lib/gcc/arm-none-eabi/10.3.1/../../../../arm-none-eabi/lib/thumb/v7e-m+fp/hard\libc.a(lib_a-puts.o)
                0x080091d0                _puts_r
 .text.puts     0x0800926c       0x10 c:/program files (x86)/gnu arm embedded toolchain/10 2021.10/bin/../lib/gcc/arm-none-eabi/10.3.1/../../../../arm-none-eabi/lib/thumb/v7e-m+fp/hard\libc.a(lib_a-puts.o)
                0x0800926c                puts
 *fill*         0x0800927c        0x4 
 .text._vfprintf_r
                0x08009280     0x1b90 c:/program files (x86)/gnu arm embedded toolchain/10 2021.10/bin/../lib/gcc/arm-none-eabi/10.3.1/../../../../arm-none-eabi/lib/thumb/v7e-m+fp/hard\libc.a(lib_a-vfprintf.o)
                0x08009280                _vfprintf_r
 .text.__sbprintf
                0x0800ae10       0x80 c:/program files (x86)/gnu arm embedded toolchain/10 2021.10/bin/../lib/gcc/arm-none-eabi/10.3.1/../../../../arm-none-eabi/lib/thumb/v7e-m+fp/hard\libc.a(lib_a-vfprintf.o)
 .text.__swsetup_r
                0x0800ae90       0xd4 c:/program files (x86)/gnu arm embedded toolchain/10 2021.10/bin/../lib/gcc/arm-none-eabi/10.3.1/../../../../arm-none-eabi/lib/thumb/v7e-m+fp/hard\libc.a(lib_a-wsetup.o)
                0x0800ae90                __swsetup_r
 .text.startup.register_fini
                0x0800af64       0x14 c:/program files (x86)/gnu arm embedded toolchain/10 2021.10/bin/../lib/gcc/arm-none-eabi/10.3.1/../../../../arm-none-eabi/lib/thumb/v7e-m+fp/hard\libc.a(lib_a-__call_atexit.o)
 .text.atexit   0x0800af78        0xc c:/program files (x86)/gnu arm embedded toolchain/10 2021.10/bin/../lib/gcc/arm-none-eabi/10.3.1/../../../../arm-none-eabi/lib/thumb/v7e-m+fp/hard\libc.a(lib_a-atexit.o)
                0x0800af78                atexit
 .text.quorem   0x0800af84      0x128 c:/program files (x86)/gnu arm embedded toolchain/10 2021.10/bin/../lib/gcc/arm-none-eabi/10.3.1/../../../../arm-none-eabi/lib/thumb/v7e-m+fp/hard\libc.a(lib_a-dtoa.o)
 *fill*         0x0800b0ac        0x4 
 .text._dtoa_r  0x0800b0b0      0xf3c c:/program files (x86)/gnu arm embedded toolchain/10 2021.10/bin/../lib/gcc/arm-none-eabi/10.3.1/../../../../arm-none-eabi/lib/thumb/v7e-m+fp/hard\libc.a(lib_a-dtoa.o)
                0x0800b0b0                _dtoa_r
 .text.__sflush_r
                0x0800bfec      0x130 c:/program files (x86)/gnu arm embedded toolchain/10 2021.10/bin/../lib/gcc/arm-none-eabi/10.3.1/../../../../arm-none-eabi/lib/thumb/v7e-m+fp/hard\libc.a(lib_a-fflush.o)
                0x0800bfec                __sflush_r
 .text._fflush_r
                0x0800c11c       0x5c c:/program files (x86)/gnu arm embedded toolchain/10 2021.10/bin/../lib/gcc/arm-none-eabi/10.3.1/../../../../arm-none-eabi/lib/thumb/v7e-m+fp/hard\libc.a(lib_a-fflush.o)
                0x0800c11c                _fflush_r
 .text._cleanup_r
                0x0800c178        0xc c:/program files (x86)/gnu arm embedded toolchain/10 2021.10/bin/../lib/gcc/arm-none-eabi/10.3.1/../../../../arm-none-eabi/lib/thumb/v7e-m+fp/hard\libc.a(lib_a-findfp.o)
                0x0800c178                _cleanup_r
 .text.__sinit  0x0800c184      0x10c c:/program files (x86)/gnu arm embedded toolchain/10 2021.10/bin/../lib/gcc/arm-none-eabi/10.3.1/../../../../arm-none-eabi/lib/thumb/v7e-m+fp/hard\libc.a(lib_a-findfp.o)
                0x0800c184                __sinit
 .text.__sfp_lock_acquire
                0x0800c290        0xc c:/program files (x86)/gnu arm embedded toolchain/10 2021.10/bin/../lib/gcc/arm-none-eabi/10.3.1/../../../../arm-none-eabi/lib/thumb/v7e-m+fp/hard\libc.a(lib_a-findfp.o)
                0x0800c290                __sfp_lock_acquire
 .text.__sfp_lock_release
                0x0800c29c        0xc c:/program files (x86)/gnu arm embedded toolchain/10 2021.10/bin/../lib/gcc/arm-none-eabi/10.3.1/../../../../arm-none-eabi/lib/thumb/v7e-m+fp/hard\libc.a(lib_a-findfp.o)
                0x0800c29c                __sfp_lock_release
 .text.__libc_fini_array
                0x0800c2a8       0x2c c:/program files (x86)/gnu arm embedded toolchain/10 2021.10/bin/../lib/gcc/arm-none-eabi/10.3.1/../../../../arm-none-eabi/lib/thumb/v7e-m+fp/hard\libc.a(lib_a-fini.o)
                0x0800c2a8                __libc_fini_array
 .text._malloc_trim_r
                0x0800c2d4       0xa0 c:/program files (x86)/gnu arm embedded toolchain/10 2021.10/bin/../lib/gcc/arm-none-eabi/10.3.1/../../../../arm-none-eabi/lib/thumb/v7e-m+fp/hard\libc.a(lib_a-freer.o)
                0x0800c2d4                _malloc_trim_r
 .text._free_r  0x0800c374      0x20c c:/program files (x86)/gnu arm embedded toolchain/10 2021.10/bin/../lib/gcc/arm-none-eabi/10.3.1/../../../../arm-none-eabi/lib/thumb/v7e-m+fp/hard\libc.a(lib_a-freer.o)
                0x0800c374                _free_r
 .text.__sfvwrite_r
                0x0800c580      0x2f0 c:/program files (x86)/gnu arm embedded toolchain/10 2021.10/bin/../lib/gcc/arm-none-eabi/10.3.1/../../../../arm-none-eabi/lib/thumb/v7e-m+fp/hard\libc.a(lib_a-fvwrite.o)
                0x0800c580                __sfvwrite_r
 .text._fwalk_reent
                0x0800c870       0x48 c:/program files (x86)/gnu arm embedded toolchain/10 2021.10/bin/../lib/gcc/arm-none-eabi/10.3.1/../../../../arm-none-eabi/lib/thumb/v7e-m+fp/hard\libc.a(lib_a-fwalk.o)
                0x0800c870                _fwalk_reent
 .text._localeconv_r
                0x0800c8b8        0x8 c:/program files (x86)/gnu arm embedded toolchain/10 2021.10/bin/../lib/gcc/arm-none-eabi/10.3.1/../../../../arm-none-eabi/lib/thumb/v7e-m+fp/hard\libc.a(lib_a-localeconv.o)
                0x0800c8b8                _localeconv_r
 .text.__retarget_lock_init_recursive
                0x0800c8c0        0x4 c:/program files (x86)/gnu arm embedded toolchain/10 2021.10/bin/../lib/gcc/arm-none-eabi/10.3.1/../../../../arm-none-eabi/lib/thumb/v7e-m+fp/hard\libc.a(lib_a-lock.o)
                0x0800c8c0                __retarget_lock_init_recursive
 .text.__retarget_lock_close_recursive
                0x0800c8c4        0x4 c:/program files (x86)/gnu arm embedded toolchain/10 2021.10/bin/../lib/gcc/arm-none-eabi/10.3.1/../../../../arm-none-eabi/lib/thumb/v7e-m+fp/hard\libc.a(lib_a-lock.o)
                0x0800c8c4                __retarget_lock_close_recursive
 .text.__retarget_lock_acquire_recursive
                0x0800c8c8        0x4 c:/program files (x86)/gnu arm embedded toolchain/10 2021.10/bin/../lib/gcc/arm-none-eabi/10.3.1/../../../../arm-none-eabi/lib/thumb/v7e-m+fp/hard\libc.a(lib_a-lock.o)
                0x0800c8c8                __retarget_lock_acquire_recursive
 .text.__retarget_lock_release_recursive
                0x0800c8cc        0x4 c:/program files (x86)/gnu arm embedded toolchain/10 2021.10/bin/../lib/gcc/arm-none-eabi/10.3.1/../../../../arm-none-eabi/lib/thumb/v7e-m+fp/hard\libc.a(lib_a-lock.o)
                0x0800c8cc                __retarget_lock_release_recursive
 .text.__smakebuf_r
                0x0800c8d0       0xe0 c:/program files (x86)/gnu arm embedded toolchain/10 2021.10/bin/../lib/gcc/arm-none-eabi/10.3.1/../../../../arm-none-eabi/lib/thumb/v7e-m+fp/hard\libc.a(lib_a-makebuf.o)
                0x0800c8d0                __smakebuf_r
 .text._malloc_r
                0x0800c9b0      0x560 c:/program files (x86)/gnu arm embedded toolchain/10 2021.10/bin/../lib/gcc/arm-none-eabi/10.3.1/../../../../arm-none-eabi/lib/thumb/v7e-m+fp/hard\libc.a(lib_a-mallocr.o)
                0x0800c9b0                _malloc_r
 .text.memmove  0x0800cf10       0xf8 c:/program files (x86)/gnu arm embedded toolchain/10 2021.10/bin/../lib/gcc/arm-none-eabi/10.3.1/../../../../arm-none-eabi/lib/thumb/v7e-m+fp/hard\libc.a(lib_a-memmove.o)
                0x0800cf10                memmove
 .text.__malloc_lock
                0x0800d008        0xc c:/program files (x86)/gnu arm embedded toolchain/10 2021.10/bin/../lib/gcc/arm-none-eabi/10.3.1/../../../../arm-none-eabi/lib/thumb/v7e-m+fp/hard\libc.a(lib_a-mlock.o)
                0x0800d008                __malloc_lock
 .text.__malloc_unlock
                0x0800d014        0xc c:/program files (x86)/gnu arm embedded toolchain/10 2021.10/bin/../lib/gcc/arm-none-eabi/10.3.1/../../../../arm-none-eabi/lib/thumb/v7e-m+fp/hard\libc.a(lib_a-mlock.o)
                0x0800d014                __malloc_unlock
 .text._Balloc  0x0800d020       0x4c c:/program files (x86)/gnu arm embedded toolchain/10 2021.10/bin/../lib/gcc/arm-none-eabi/10.3.1/../../../../arm-none-eabi/lib/thumb/v7e-m+fp/hard\libc.a(lib_a-mprec.o)
                0x0800d020                _Balloc
 .text._Bfree   0x0800d06c       0x14 c:/program files (x86)/gnu arm embedded toolchain/10 2021.10/bin/../lib/gcc/arm-none-eabi/10.3.1/../../../../arm-none-eabi/lib/thumb/v7e-m+fp/hard\libc.a(lib_a-mprec.o)
                0x0800d06c                _Bfree
 .text.__multadd
                0x0800d080       0xa8 c:/program files (x86)/gnu arm embedded toolchain/10 2021.10/bin/../lib/gcc/arm-none-eabi/10.3.1/../../../../arm-none-eabi/lib/thumb/v7e-m+fp/hard\libc.a(lib_a-mprec.o)
                0x0800d080                __multadd
 .text.__hi0bits
                0x0800d128       0x40 c:/program files (x86)/gnu arm embedded toolchain/10 2021.10/bin/../lib/gcc/arm-none-eabi/10.3.1/../../../../arm-none-eabi/lib/thumb/v7e-m+fp/hard\libc.a(lib_a-mprec.o)
                0x0800d128                __hi0bits
 .text.__lo0bits
                0x0800d168       0x60 c:/program files (x86)/gnu arm embedded toolchain/10 2021.10/bin/../lib/gcc/arm-none-eabi/10.3.1/../../../../arm-none-eabi/lib/thumb/v7e-m+fp/hard\libc.a(lib_a-mprec.o)
                0x0800d168                __lo0bits
 .text.__i2b    0x0800d1c8       0x5c c:/program files (x86)/gnu arm embedded toolchain/10 2021.10/bin/../lib/gcc/arm-none-eabi/10.3.1/../../../../arm-none-eabi/lib/thumb/v7e-m+fp/hard\libc.a(lib_a-mprec.o)
                0x0800d1c8                __i2b
 .text.__multiply
                0x0800d224      0x15c c:/program files (x86)/gnu arm embedded toolchain/10 2021.10/bin/../lib/gcc/arm-none-eabi/10.3.1/../../../../arm-none-eabi/lib/thumb/v7e-m+fp/hard\libc.a(lib_a-mprec.o)
                0x0800d224                __multiply
 .text.__pow5mult
                0x0800d380       0xc0 c:/program files (x86)/gnu arm embedded toolchain/10 2021.10/bin/../lib/gcc/arm-none-eabi/10.3.1/../../../../arm-none-eabi/lib/thumb/v7e-m+fp/hard\libc.a(lib_a-mprec.o)
                0x0800d380                __pow5mult
 .text.__lshift
                0x0800d440       0xf0 c:/program files (x86)/gnu arm embedded toolchain/10 2021.10/bin/../lib/gcc/arm-none-eabi/10.3.1/../../../../arm-none-eabi/lib/thumb/v7e-m+fp/hard\libc.a(lib_a-mprec.o)
                0x0800d440                __lshift
 .text.__mcmp   0x0800d530       0x44 c:/program files (x86)/gnu arm embedded toolchain/10 2021.10/bin/../lib/gcc/arm-none-eabi/10.3.1/../../../../arm-none-eabi/lib/thumb/v7e-m+fp/hard\libc.a(lib_a-mprec.o)
                0x0800d530                __mcmp
 .text.__mdiff  0x0800d574      0x14c c:/program files (x86)/gnu arm embedded toolchain/10 2021.10/bin/../lib/gcc/arm-none-eabi/10.3.1/../../../../arm-none-eabi/lib/thumb/v7e-m+fp/hard\libc.a(lib_a-mprec.o)
                0x0800d574                __mdiff
 .text.__d2b    0x0800d6c0       0xd0 c:/program files (x86)/gnu arm embedded toolchain/10 2021.10/bin/../lib/gcc/arm-none-eabi/10.3.1/../../../../arm-none-eabi/lib/thumb/v7e-m+fp/hard\libc.a(lib_a-mprec.o)
                0x0800d6c0                __d2b
 .text._realloc_r
                0x0800d790      0x3d8 c:/program files (x86)/gnu arm embedded toolchain/10 2021.10/bin/../lib/gcc/arm-none-eabi/10.3.1/../../../../arm-none-eabi/lib/thumb/v7e-m+fp/hard\libc.a(lib_a-reallocr.o)
                0x0800d790                _realloc_r
 .text.frexp    0x0800db68       0x6c c:/program files (x86)/gnu arm embedded toolchain/10 2021.10/bin/../lib/gcc/arm-none-eabi/10.3.1/../../../../arm-none-eabi/lib/thumb/v7e-m+fp/hard\libc.a(lib_a-s_frexp.o)
                0x0800db68                frexp
 .text._sbrk_r  0x0800dbd4       0x24 c:/program files (x86)/gnu arm embedded toolchain/10 2021.10/bin/../lib/gcc/arm-none-eabi/10.3.1/../../../../arm-none-eabi/lib/thumb/v7e-m+fp/hard\libc.a(lib_a-sbrkr.o)
                0x0800dbd4                _sbrk_r
 .text.__sread  0x0800dbf8       0x24 c:/program files (x86)/gnu arm embedded toolchain/10 2021.10/bin/../lib/gcc/arm-none-eabi/10.3.1/../../../../arm-none-eabi/lib/thumb/v7e-m+fp/hard\libc.a(lib_a-stdio.o)
                0x0800dbf8                __sread
 .text.__swrite
                0x0800dc1c       0x40 c:/program files (x86)/gnu arm embedded toolchain/10 2021.10/bin/../lib/gcc/arm-none-eabi/10.3.1/../../../../arm-none-eabi/lib/thumb/v7e-m+fp/hard\libc.a(lib_a-stdio.o)
                0x0800dc1c                __swrite
 .text.__sseek  0x0800dc5c       0x20 c:/program files (x86)/gnu arm embedded toolchain/10 2021.10/bin/../lib/gcc/arm-none-eabi/10.3.1/../../../../arm-none-eabi/lib/thumb/v7e-m+fp/hard\libc.a(lib_a-stdio.o)
                0x0800dc5c                __sseek
 .text.__sclose
                0x0800dc7c        0x8 c:/program files (x86)/gnu arm embedded toolchain/10 2021.10/bin/../lib/gcc/arm-none-eabi/10.3.1/../../../../arm-none-eabi/lib/thumb/v7e-m+fp/hard\libc.a(lib_a-stdio.o)
                0x0800dc7c                __sclose
 .text.strncpy  0x0800dc84       0x64 c:/program files (x86)/gnu arm embedded toolchain/10 2021.10/bin/../lib/gcc/arm-none-eabi/10.3.1/../../../../arm-none-eabi/lib/thumb/v7e-m+fp/hard\libc.a(lib_a-strncpy.o)
                0x0800dc84                strncpy
 .text.__sprint_r.part.0
                0x0800dce8       0x78 c:/program files (x86)/gnu arm embedded toolchain/10 2021.10/bin/../lib/gcc/arm-none-eabi/10.3.1/../../../../arm-none-eabi/lib/thumb/v7e-m+fp/hard\libc.a(lib_a-vfiprintf.o)
 .text.__sprint_r
                0x0800dd60       0x18 c:/program files (x86)/gnu arm embedded toolchain/10 2021.10/bin/../lib/gcc/arm-none-eabi/10.3.1/../../../../arm-none-eabi/lib/thumb/v7e-m+fp/hard\libc.a(lib_a-vfiprintf.o)
                0x0800dd60                __sprint_r
 .text._vfiprintf_r
                0x0800dd78      0xdfc c:/program files (x86)/gnu arm embedded toolchain/10 2021.10/bin/../lib/gcc/arm-none-eabi/10.3.1/../../../../arm-none-eabi/lib/thumb/v7e-m+fp/hard\libc.a(lib_a-vfiprintf.o)
                0x0800dd78                _vfiprintf_r
 .text.__sbprintf
                0x0800eb74       0x80 c:/program files (x86)/gnu arm embedded toolchain/10 2021.10/bin/../lib/gcc/arm-none-eabi/10.3.1/../../../../arm-none-eabi/lib/thumb/v7e-m+fp/hard\libc.a(lib_a-vfiprintf.o)
 .text._write_r
                0x0800ebf4       0x2c c:/program files (x86)/gnu arm embedded toolchain/10 2021.10/bin/../lib/gcc/arm-none-eabi/10.3.1/../../../../arm-none-eabi/lib/thumb/v7e-m+fp/hard\libc.a(lib_a-writer.o)
                0x0800ebf4                _write_r
 .text.__register_exitproc
                0x0800ec20       0x8c c:/program files (x86)/gnu arm embedded toolchain/10 2021.10/bin/../lib/gcc/arm-none-eabi/10.3.1/../../../../arm-none-eabi/lib/thumb/v7e-m+fp/hard\libc.a(lib_a-__atexit.o)
                0x0800ec20                __register_exitproc
 .text.__assert_func
                0x0800ecac       0x40 c:/program files (x86)/gnu arm embedded toolchain/10 2021.10/bin/../lib/gcc/arm-none-eabi/10.3.1/../../../../arm-none-eabi/lib/thumb/v7e-m+fp/hard\libc.a(lib_a-assert.o)
                0x0800ecac                __assert_func
 .text._calloc_r
                0x0800ecec       0x78 c:/program files (x86)/gnu arm embedded toolchain/10 2021.10/bin/../lib/gcc/arm-none-eabi/10.3.1/../../../../arm-none-eabi/lib/thumb/v7e-m+fp/hard\libc.a(lib_a-callocr.o)
                0x0800ecec                _calloc_r
 .text._close_r
                0x0800ed64       0x24 c:/program files (x86)/gnu arm embedded toolchain/10 2021.10/bin/../lib/gcc/arm-none-eabi/10.3.1/../../../../arm-none-eabi/lib/thumb/v7e-m+fp/hard\libc.a(lib_a-closer.o)
                0x0800ed64                _close_r
 .text._fclose_r
                0x0800ed88       0xcc c:/program files (x86)/gnu arm embedded toolchain/10 2021.10/bin/../lib/gcc/arm-none-eabi/10.3.1/../../../../arm-none-eabi/lib/thumb/v7e-m+fp/hard\libc.a(lib_a-fclose.o)
                0x0800ed88                _fclose_r
 .text.fiprintf
                0x0800ee54       0x28 c:/program files (x86)/gnu arm embedded toolchain/10 2021.10/bin/../lib/gcc/arm-none-eabi/10.3.1/../../../../arm-none-eabi/lib/thumb/v7e-m+fp/hard\libc.a(lib_a-fiprintf.o)
                0x0800ee54                fiprintf
 .text.__fputwc
                0x0800ee7c       0xa8 c:/program files (x86)/gnu arm embedded toolchain/10 2021.10/bin/../lib/gcc/arm-none-eabi/10.3.1/../../../../arm-none-eabi/lib/thumb/v7e-m+fp/hard\libc.a(lib_a-fputwc.o)
                0x0800ee7c                __fputwc
 .text._fputwc_r
                0x0800ef24       0x68 c:/program files (x86)/gnu arm embedded toolchain/10 2021.10/bin/../lib/gcc/arm-none-eabi/10.3.1/../../../../arm-none-eabi/lib/thumb/v7e-m+fp/hard\libc.a(lib_a-fputwc.o)
                0x0800ef24                _fputwc_r
 .text._fstat_r
                0x0800ef8c       0x2c c:/program files (x86)/gnu arm embedded toolchain/10 2021.10/bin/../lib/gcc/arm-none-eabi/10.3.1/../../../../arm-none-eabi/lib/thumb/v7e-m+fp/hard\libc.a(lib_a-fstatr.o)
                0x0800ef8c                _fstat_r
 .text._isatty_r
                0x0800efb8       0x24 c:/program files (x86)/gnu arm embedded toolchain/10 2021.10/bin/../lib/gcc/arm-none-eabi/10.3.1/../../../../arm-none-eabi/lib/thumb/v7e-m+fp/hard\libc.a(lib_a-isattyr.o)
                0x0800efb8                _isatty_r
 .text.__locale_mb_cur_max
                0x0800efdc        0xc c:/program files (x86)/gnu arm embedded toolchain/10 2021.10/bin/../lib/gcc/arm-none-eabi/10.3.1/../../../../arm-none-eabi/lib/thumb/v7e-m+fp/hard\libc.a(lib_a-locale.o)
                0x0800efdc                __locale_mb_cur_max
 .text._lseek_r
                0x0800efe8       0x2c c:/program files (x86)/gnu arm embedded toolchain/10 2021.10/bin/../lib/gcc/arm-none-eabi/10.3.1/../../../../arm-none-eabi/lib/thumb/v7e-m+fp/hard\libc.a(lib_a-lseekr.o)
                0x0800efe8                _lseek_r
 .text.__ascii_mbtowc
                0x0800f014       0x2c c:/program files (x86)/gnu arm embedded toolchain/10 2021.10/bin/../lib/gcc/arm-none-eabi/10.3.1/../../../../arm-none-eabi/lib/thumb/v7e-m+fp/hard\libc.a(lib_a-mbtowc_r.o)
                0x0800f014                __ascii_mbtowc
 .text._read_r  0x0800f040       0x2c c:/program files (x86)/gnu arm embedded toolchain/10 2021.10/bin/../lib/gcc/arm-none-eabi/10.3.1/../../../../arm-none-eabi/lib/thumb/v7e-m+fp/hard\libc.a(lib_a-readr.o)
                0x0800f040                _read_r
 .text.__swbuf_r
                0x0800f06c       0xb0 c:/program files (x86)/gnu arm embedded toolchain/10 2021.10/bin/../lib/gcc/arm-none-eabi/10.3.1/../../../../arm-none-eabi/lib/thumb/v7e-m+fp/hard\libc.a(lib_a-wbuf.o)
                0x0800f06c                __swbuf_r
 .text._wcrtomb_r
                0x0800f11c       0x3c c:/program files (x86)/gnu arm embedded toolchain/10 2021.10/bin/../lib/gcc/arm-none-eabi/10.3.1/../../../../arm-none-eabi/lib/thumb/v7e-m+fp/hard\libc.a(lib_a-wcrtomb.o)
                0x0800f11c                _wcrtomb_r
 .text.__ascii_wctomb
                0x0800f158       0x1c c:/program files (x86)/gnu arm embedded toolchain/10 2021.10/bin/../lib/gcc/arm-none-eabi/10.3.1/../../../../arm-none-eabi/lib/thumb/v7e-m+fp/hard\libc.a(lib_a-wctomb_r.o)
                0x0800f158                __ascii_wctomb
 .text.abort    0x0800f174       0x10 c:/program files (x86)/gnu arm embedded toolchain/10 2021.10/bin/../lib/gcc/arm-none-eabi/10.3.1/../../../../arm-none-eabi/lib/thumb/v7e-m+fp/hard\libc.a(lib_a-abort.o)
                0x0800f174                abort
 .text.raise    0x0800f184       0x5c c:/program files (x86)/gnu arm embedded toolchain/10 2021.10/bin/../lib/gcc/arm-none-eabi/10.3.1/../../../../arm-none-eabi/lib/thumb/v7e-m+fp/hard\libc.a(lib_a-signal.o)
                0x0800f184                raise
 .text._kill_r  0x0800f1e0       0x2c c:/program files (x86)/gnu arm embedded toolchain/10 2021.10/bin/../lib/gcc/arm-none-eabi/10.3.1/../../../../arm-none-eabi/lib/thumb/v7e-m+fp/hard\libc.a(lib_a-signalr.o)
                0x0800f1e0                _kill_r
 .text._getpid_r
                0x0800f20c        0x4 c:/program files (x86)/gnu arm embedded toolchain/10 2021.10/bin/../lib/gcc/arm-none-eabi/10.3.1/../../../../arm-none-eabi/lib/thumb/v7e-m+fp/hard\libc.a(lib_a-signalr.o)
                0x0800f20c                _getpid_r
 *(.glue_7)
 .glue_7        0x0800f210        0x0 linker stubs
 *(.glue_7t)
 .glue_7t       0x0800f210        0x0 linker stubs
 *(.eh_frame)
 .eh_frame      0x0800f210        0x0 c:/program files (x86)/gnu arm embedded toolchain/10 2021.10/bin/../lib/gcc/arm-none-eabi/10.3.1/thumb/v7e-m+fp/hard/crtbegin.o
 *(.init)
 .init          0x0800f210        0x4 c:/program files (x86)/gnu arm embedded toolchain/10 2021.10/bin/../lib/gcc/arm-none-eabi/10.3.1/thumb/v7e-m+fp/hard/crti.o
                0x0800f210                _init
 .init          0x0800f214        0x8 c:/program files (x86)/gnu arm embedded toolchain/10 2021.10/bin/../lib/gcc/arm-none-eabi/10.3.1/thumb/v7e-m+fp/hard/crtn.o
 *(.fini)
 .fini          0x0800f21c        0x4 c:/program files (x86)/gnu arm embedded toolchain/10 2021.10/bin/../lib/gcc/arm-none-eabi/10.3.1/thumb/v7e-m+fp/hard/crti.o
                0x0800f21c                _fini
 .fini          0x0800f220        0x8 c:/program files (x86)/gnu arm embedded toolchain/10 2021.10/bin/../lib/gcc/arm-none-eabi/10.3.1/thumb/v7e-m+fp/hard/crtn.o
                0x0800f228                . = ALIGN (0x4)
                0x0800f228                _etext = .

.vfp11_veneer   0x0800f228        0x0
 .vfp11_veneer  0x0800f228        0x0 linker stubs

.v4_bx          0x0800f228        0x0
 .v4_bx         0x0800f228        0x0 linker stubs

.iplt           0x0800f228        0x0
 .iplt          0x0800f228        0x0 c:/program files (x86)/gnu arm embedded toolchain/10 2021.10/bin/../lib/gcc/arm-none-eabi/10.3.1/thumb/v7e-m+fp/hard/crtbegin.o

.rodata         0x0800f228      0x490
                0x0800f228                . = ALIGN (0x4)
 *(.rodata)
 .rodata        0x0800f228       0x6c CMakeFiles/bootloader.elf.dir/Core/Src/main.c.obj
 .rodata        0x0800f294       0x18 CMakeFiles/bootloader.elf.dir/Core/Src/system_stm32f4xx.c.obj
                0x0800f294                AHBPrescTable
                0x0800f2a4                APBPrescTable
 .rodata        0x0800f2ac        0x8 CMakeFiles/bootloader.elf.dir/Drivers/STM32F4xx_HAL_Driver/Src/stm32f4xx_hal_dma.c.obj
 *(.rodata*)
 .rodata._global_impure_ptr
                0x0800f2b4        0x4 c:/program files (x86)/gnu arm embedded toolchain/10 2021.10/bin/../lib/gcc/arm-none-eabi/10.3.1/../../../../arm-none-eabi/lib/thumb/v7e-m+fp/hard\libc.a(lib_a-impure.o)
                0x0800f2b4                _global_impure_ptr
 .rodata._puts_r.str1.4
                0x0800f2b8        0x2 c:/program files (x86)/gnu arm embedded toolchain/10 2021.10/bin/../lib/gcc/arm-none-eabi/10.3.1/../../../../arm-none-eabi/lib/thumb/v7e-m+fp/hard\libc.a(lib_a-puts.o)
 *fill*         0x0800f2ba        0x2 
 .rodata._vfprintf_r.str1.4
                0x0800f2bc       0x42 c:/program files (x86)/gnu arm embedded toolchain/10 2021.10/bin/../lib/gcc/arm-none-eabi/10.3.1/../../../../arm-none-eabi/lib/thumb/v7e-m+fp/hard\libc.a(lib_a-vfprintf.o)
 *fill*         0x0800f2fe        0x2 
 .rodata.blanks.1
                0x0800f300       0x10 c:/program files (x86)/gnu arm embedded toolchain/10 2021.10/bin/../lib/gcc/arm-none-eabi/10.3.1/../../../../arm-none-eabi/lib/thumb/v7e-m+fp/hard\libc.a(lib_a-vfprintf.o)
 .rodata.zeroes.0
                0x0800f310       0x10 c:/program files (x86)/gnu arm embedded toolchain/10 2021.10/bin/../lib/gcc/arm-none-eabi/10.3.1/../../../../arm-none-eabi/lib/thumb/v7e-m+fp/hard\libc.a(lib_a-vfprintf.o)
 .rodata._dtoa_r.str1.4
                0x0800f320       0xa2 c:/program files (x86)/gnu arm embedded toolchain/10 2021.10/bin/../lib/gcc/arm-none-eabi/10.3.1/../../../../arm-none-eabi/lib/thumb/v7e-m+fp/hard\libc.a(lib_a-dtoa.o)
                                 0xa6 (size before relaxing)
 *fill*         0x0800f3c2        0x2 
 .rodata.__multadd.str1.4
                0x0800f3c4       0x7f c:/program files (x86)/gnu arm embedded toolchain/10 2021.10/bin/../lib/gcc/arm-none-eabi/10.3.1/../../../../arm-none-eabi/lib/thumb/v7e-m+fp/hard\libc.a(lib_a-mprec.o)
                                 0x93 (size before relaxing)
 *fill*         0x0800f443        0x5 
 .rodata.__mprec_bigtens
                0x0800f448       0x28 c:/program files (x86)/gnu arm embedded toolchain/10 2021.10/bin/../lib/gcc/arm-none-eabi/10.3.1/../../../../arm-none-eabi/lib/thumb/v7e-m+fp/hard\libc.a(lib_a-mprec.o)
                0x0800f448                __mprec_bigtens
 .rodata.__mprec_tens
                0x0800f470       0xc8 c:/program files (x86)/gnu arm embedded toolchain/10 2021.10/bin/../lib/gcc/arm-none-eabi/10.3.1/../../../../arm-none-eabi/lib/thumb/v7e-m+fp/hard\libc.a(lib_a-mprec.o)
                0x0800f470                __mprec_tens
 .rodata.p05.0  0x0800f538        0xc c:/program files (x86)/gnu arm embedded toolchain/10 2021.10/bin/../lib/gcc/arm-none-eabi/10.3.1/../../../../arm-none-eabi/lib/thumb/v7e-m+fp/hard\libc.a(lib_a-mprec.o)
 .rodata._vfiprintf_r.str1.4
                0x0800f544       0x2f c:/program files (x86)/gnu arm embedded toolchain/10 2021.10/bin/../lib/gcc/arm-none-eabi/10.3.1/../../../../arm-none-eabi/lib/thumb/v7e-m+fp/hard\libc.a(lib_a-vfiprintf.o)
 .rodata.blanks.1
                0x0800f544       0x10 c:/program files (x86)/gnu arm embedded toolchain/10 2021.10/bin/../lib/gcc/arm-none-eabi/10.3.1/../../../../arm-none-eabi/lib/thumb/v7e-m+fp/hard\libc.a(lib_a-vfiprintf.o)
 .rodata.zeroes.0
                0x0800f554       0x10 c:/program files (x86)/gnu arm embedded toolchain/10 2021.10/bin/../lib/gcc/arm-none-eabi/10.3.1/../../../../arm-none-eabi/lib/thumb/v7e-m+fp/hard\libc.a(lib_a-vfiprintf.o)
 .rodata.__assert_func.str1.4
                0x0800f564       0x3f c:/program files (x86)/gnu arm embedded toolchain/10 2021.10/bin/../lib/gcc/arm-none-eabi/10.3.1/../../../../arm-none-eabi/lib/thumb/v7e-m+fp/hard\libc.a(lib_a-assert.o)
                                 0x43 (size before relaxing)
 *fill*         0x0800f5a3        0x1 
 .rodata._setlocale_r.str1.4
                0x0800f5a4        0xa c:/program files (x86)/gnu arm embedded toolchain/10 2021.10/bin/../lib/gcc/arm-none-eabi/10.3.1/../../../../arm-none-eabi/lib/thumb/v7e-m+fp/hard\libc.a(lib_a-locale.o)
                                  0xd (size before relaxing)
 *fill*         0x0800f5ae        0x2 
 .rodata.str1.4
                0x0800f5b0        0x2 c:/program files (x86)/gnu arm embedded toolchain/10 2021.10/bin/../lib/gcc/arm-none-eabi/10.3.1/../../../../arm-none-eabi/lib/thumb/v7e-m+fp/hard\libc.a(lib_a-locale.o)
 *fill*         0x0800f5b2        0x2 
 .rodata._ctype_
                0x0800f5b4      0x101 c:/program files (x86)/gnu arm embedded toolchain/10 2021.10/bin/../lib/gcc/arm-none-eabi/10.3.1/../../../../arm-none-eabi/lib/thumb/v7e-m+fp/hard\libc.a(lib_a-ctype_.o)
                0x0800f5b4                _ctype_
                0x0800f6b8                . = ALIGN (0x4)
 *fill*         0x0800f6b5        0x3 

.ARM.extab      0x0800f6b8        0x0
                0x0800f6b8                . = ALIGN (0x4)
 *(.ARM.extab* .gnu.linkonce.armextab.*)
                0x0800f6b8                . = ALIGN (0x4)

.ARM            0x0800f6b8        0x8
                0x0800f6b8                . = ALIGN (0x4)
                0x0800f6b8                __exidx_start = .
 *(.ARM.exidx*)
 .ARM.exidx     0x0800f6b8        0x8 c:/program files (x86)/gnu arm embedded toolchain/10 2021.10/bin/../lib/gcc/arm-none-eabi/10.3.1/thumb/v7e-m+fp/hard\libgcc.a(_udivmoddi4.o)
                0x0800f6c0                __exidx_end = .
                0x0800f6c0                . = ALIGN (0x4)

.rel.dyn        0x0800f6c0        0x0
 .rel.iplt      0x0800f6c0        0x0 c:/program files (x86)/gnu arm embedded toolchain/10 2021.10/bin/../lib/gcc/arm-none-eabi/10.3.1/thumb/v7e-m+fp/hard/crtbegin.o

.preinit_array  0x0800f6c0        0x0
                0x0800f6c0                . = ALIGN (0x4)
                0x0800f6c0                PROVIDE (__preinit_array_start = .)
 *(.preinit_array*)
                0x0800f6c0                PROVIDE (__preinit_array_end = .)
                0x0800f6c0                . = ALIGN (0x4)

.init_array     0x0800f6c0        0x8
                0x0800f6c0                . = ALIGN (0x4)
                0x0800f6c0                PROVIDE (__init_array_start = .)
 *(SORT_BY_NAME(.init_array.*))
 .init_array.00000
                0x0800f6c0        0x4 c:/program files (x86)/gnu arm embedded toolchain/10 2021.10/bin/../lib/gcc/arm-none-eabi/10.3.1/../../../../arm-none-eabi/lib/thumb/v7e-m+fp/hard\libc.a(lib_a-__call_atexit.o)
 *(.init_array*)
 .init_array    0x0800f6c4        0x4 c:/program files (x86)/gnu arm embedded toolchain/10 2021.10/bin/../lib/gcc/arm-none-eabi/10.3.1/thumb/v7e-m+fp/hard/crtbegin.o
                0x0800f6c8                PROVIDE (__init_array_end = .)
                0x0800f6c8                . = ALIGN (0x4)

.fini_array     0x0800f6c8        0x4
                0x0800f6c8                . = ALIGN (0x4)
                0x0800f6c8                PROVIDE (__fini_array_start = .)
 *(SORT_BY_NAME(.fini_array.*))
 *(.fini_array*)
 .fini_array    0x0800f6c8        0x4 c:/program files (x86)/gnu arm embedded toolchain/10 2021.10/bin/../lib/gcc/arm-none-eabi/10.3.1/thumb/v7e-m+fp/hard/crtbegin.o
                0x0800f6cc                PROVIDE (__fini_array_end = .)
                0x0800f6cc                . = ALIGN (0x4)
                0x0800f6cc                _sidata = LOADADDR (.data)

.data           0x20000000      0x9b8 load address 0x0800f6cc
                0x20000000                . = ALIGN (0x4)
                0x20000000                _sdata = .
 *(.data)
 .data          0x20000000        0x4 CMakeFiles/bootloader.elf.dir/Core/Src/system_stm32f4xx.c.obj
                0x20000000                SystemCoreClock
 .data          0x20000004        0x5 CMakeFiles/bootloader.elf.dir/Drivers/STM32F4xx_HAL_Driver/Src/stm32f4xx_hal.c.obj
                0x20000004                uwTickPrio
                0x20000008                uwTickFreq
 *(.data*)
 *fill*         0x20000009        0x3 
 .data._impure_ptr
                0x2000000c        0x4 c:/program files (x86)/gnu arm embedded toolchain/10 2021.10/bin/../lib/gcc/arm-none-eabi/10.3.1/../../../../arm-none-eabi/lib/thumb/v7e-m+fp/hard\libc.a(lib_a-impure.o)
                0x2000000c                _impure_ptr
 .data.impure_data
                0x20000010      0x428 c:/program files (x86)/gnu arm embedded toolchain/10 2021.10/bin/../lib/gcc/arm-none-eabi/10.3.1/../../../../arm-none-eabi/lib/thumb/v7e-m+fp/hard\libc.a(lib_a-impure.o)
 .data.__atexit_recursive_mutex
                0x20000438        0x4 c:/program files (x86)/gnu arm embedded toolchain/10 2021.10/bin/../lib/gcc/arm-none-eabi/10.3.1/../../../../arm-none-eabi/lib/thumb/v7e-m+fp/hard\libc.a(lib_a-__call_atexit.o)
                0x20000438                __atexit_recursive_mutex
 .data.__malloc_av_
                0x2000043c      0x408 c:/program files (x86)/gnu arm embedded toolchain/10 2021.10/bin/../lib/gcc/arm-none-eabi/10.3.1/../../../../arm-none-eabi/lib/thumb/v7e-m+fp/hard\libc.a(lib_a-mallocr.o)
                0x2000043c                __malloc_av_
 .data.__malloc_sbrk_base
                0x20000844        0x4 c:/program files (x86)/gnu arm embedded toolchain/10 2021.10/bin/../lib/gcc/arm-none-eabi/10.3.1/../../../../arm-none-eabi/lib/thumb/v7e-m+fp/hard\libc.a(lib_a-mallocr.o)
                0x20000844                __malloc_sbrk_base
 .data.__malloc_trim_threshold
                0x20000848        0x4 c:/program files (x86)/gnu arm embedded toolchain/10 2021.10/bin/../lib/gcc/arm-none-eabi/10.3.1/../../../../arm-none-eabi/lib/thumb/v7e-m+fp/hard\libc.a(lib_a-mallocr.o)
                0x20000848                __malloc_trim_threshold
 .data.__global_locale
                0x2000084c      0x16c c:/program files (x86)/gnu arm embedded toolchain/10 2021.10/bin/../lib/gcc/arm-none-eabi/10.3.1/../../../../arm-none-eabi/lib/thumb/v7e-m+fp/hard\libc.a(lib_a-locale.o)
                0x2000084c                __global_locale
 *(.RamFunc)
 *(.RamFunc*)
                0x200009b8                . = ALIGN (0x4)
                0x200009b8                _edata = .

.igot.plt       0x200009b8        0x0 load address 0x08010084
 .igot.plt      0x200009b8        0x0 c:/program files (x86)/gnu arm embedded toolchain/10 2021.10/bin/../lib/gcc/arm-none-eabi/10.3.1/thumb/v7e-m+fp/hard/crtbegin.o
                0x200009b8                . = ALIGN (0x4)

.bss            0x200009b8       0xec load address 0x08010084
                0x200009b8                _sbss = .
                0x200009b8                __bss_start__ = _sbss
 *(.bss)
 .bss           0x200009b8       0x1c c:/program files (x86)/gnu arm embedded toolchain/10 2021.10/bin/../lib/gcc/arm-none-eabi/10.3.1/thumb/v7e-m+fp/hard/crtbegin.o
 .bss           0x200009d4       0x64 CMakeFiles/bootloader.elf.dir/Core/Src/main.c.obj
                0x200009d4                hcrc
                0x200009dc                huart2
                0x20000a24                hwwdg
 .bss           0x20000a38       0x1c CMakeFiles/bootloader.elf.dir/Core/Src/boot_metadata.c.obj
                0x20000a38                boot_meta
 .bss           0x20000a54        0x4 CMakeFiles/bootloader.elf.dir/Core/Src/sysmem.c.obj
 .bss           0x20000a58        0x4 CMakeFiles/bootloader.elf.dir/Drivers/STM32F4xx_HAL_Driver/Src/stm32f4xx_hal.c.obj
                0x20000a58                uwTick
 *(.bss*)
 .bss.__lock___atexit_recursive_mutex
                0x20000a5c        0x1 c:/program files (x86)/gnu arm embedded toolchain/10 2021.10/bin/../lib/gcc/arm-none-eabi/10.3.1/../../../../arm-none-eabi/lib/thumb/v7e-m+fp/hard\libc.a(lib_a-lock.o)
                0x20000a5c                __lock___atexit_recursive_mutex
 *fill*         0x20000a5d        0x3 
 .bss.__lock___malloc_recursive_mutex
                0x20000a60        0x1 c:/program files (x86)/gnu arm embedded toolchain/10 2021.10/bin/../lib/gcc/arm-none-eabi/10.3.1/../../../../arm-none-eabi/lib/thumb/v7e-m+fp/hard\libc.a(lib_a-lock.o)
                0x20000a60                __lock___malloc_recursive_mutex
 *fill*         0x20000a61        0x3 
 .bss.__lock___sfp_recursive_mutex
                0x20000a64        0x1 c:/program files (x86)/gnu arm embedded toolchain/10 2021.10/bin/../lib/gcc/arm-none-eabi/10.3.1/../../../../arm-none-eabi/lib/thumb/v7e-m+fp/hard\libc.a(lib_a-lock.o)
                0x20000a64                __lock___sfp_recursive_mutex
 *fill*         0x20000a65        0x3 
 .bss.__lock___sinit_recursive_mutex
                0x20000a68        0x1 c:/program files (x86)/gnu arm embedded toolchain/10 2021.10/bin/../lib/gcc/arm-none-eabi/10.3.1/../../../../arm-none-eabi/lib/thumb/v7e-m+fp/hard\libc.a(lib_a-lock.o)
                0x20000a68                __lock___sinit_recursive_mutex
 *fill*         0x20000a69        0x3 
 .bss.__malloc_current_mallinfo
                0x20000a6c       0x28 c:/program files (x86)/gnu arm embedded toolchain/10 2021.10/bin/../lib/gcc/arm-none-eabi/10.3.1/../../../../arm-none-eabi/lib/thumb/v7e-m+fp/hard\libc.a(lib_a-mallocr.o)
                0x20000a6c                __malloc_current_mallinfo
 .bss.__malloc_max_sbrked_mem
                0x20000a94        0x4 c:/program files (x86)/gnu arm embedded toolchain/10 2021.10/bin/../lib/gcc/arm-none-eabi/10.3.1/../../../../arm-none-eabi/lib/thumb/v7e-m+fp/hard\libc.a(lib_a-mallocr.o)
                0x20000a94                __malloc_max_sbrked_mem
 .bss.__malloc_max_total_mem
                0x20000a98        0x4 c:/program files (x86)/gnu arm embedded toolchain/10 2021.10/bin/../lib/gcc/arm-none-eabi/10.3.1/../../../../arm-none-eabi/lib/thumb/v7e-m+fp/hard\libc.a(lib_a-mallocr.o)
                0x20000a98                __malloc_max_total_mem
 .bss.__malloc_top_pad
                0x20000a9c        0x4 c:/program files (x86)/gnu arm embedded toolchain/10 2021.10/bin/../lib/gcc/arm-none-eabi/10.3.1/../../../../arm-none-eabi/lib/thumb/v7e-m+fp/hard\libc.a(lib_a-mallocr.o)
                0x20000a9c                __malloc_top_pad
 .bss.errno     0x20000aa0        0x4 c:/program files (x86)/gnu arm embedded toolchain/10 2021.10/bin/../lib/gcc/arm-none-eabi/10.3.1/../../../../arm-none-eabi/lib/thumb/v7e-m+fp/hard\libc.a(lib_a-reent.o)
                0x20000aa0                errno
 *(COMMON)
                0x20000aa4                . = ALIGN (0x4)
                0x20000aa4                _ebss = .
                0x20000aa4                __bss_end__ = _ebss

._user_heap_stack
                0x20000aa4      0x604 load address 0x08010084
                0x20000aa8                . = ALIGN (0x8)
 *fill*         0x20000aa4        0x4 
                [!provide]                PROVIDE (end = .)
                0x20000aa8                PROVIDE (_end = .)
                0x20000ca8                . = (. + _Min_Heap_Size)
 *fill*         0x20000aa8      0x200 
                0x200010a8                . = (. + _Min_Stack_Size)
 *fill*         0x20000ca8      0x400 
                0x200010a8                . = ALIGN (0x8)

/DISCARD/
 libc.a(*)
 libm.a(*)
 libgcc.a(*)

.ARM.attributes
                0x00000000       0x30
 *(.ARM.attributes)
 .ARM.attributes
                0x00000000       0x1e c:/program files (x86)/gnu arm embedded toolchain/10 2021.10/bin/../lib/gcc/arm-none-eabi/10.3.1/thumb/v7e-m+fp/hard/crti.o
 .ARM.attributes
                0x0000001e       0x34 c:/program files (x86)/gnu arm embedded toolchain/10 2021.10/bin/../lib/gcc/arm-none-eabi/10.3.1/thumb/v7e-m+fp/hard/crtbegin.o
 .ARM.attributes
                0x00000052       0x34 CMakeFiles/bootloader.elf.dir/Core/Src/main.c.obj
 .ARM.attributes
                0x00000086       0x34 CMakeFiles/bootloader.elf.dir/Core/Src/boot_metadata.c.obj
 .ARM.attributes
                0x000000ba       0x34 CMakeFiles/bootloader.elf.dir/Core/Src/image_validate.c.obj
 .ARM.attributes
                0x000000ee       0x34 CMakeFiles/bootloader.elf.dir/Core/Src/jump.c.obj
 .ARM.attributes
                0x00000122       0x34 CMakeFiles/bootloader.elf.dir/Core/Src/stm32f4xx_hal_msp.c.obj
 .ARM.attributes
                0x00000156       0x34 CMakeFiles/bootloader.elf.dir/Core/Src/stm32f4xx_it.c.obj
 .ARM.attributes
                0x0000018a       0x34 CMakeFiles/bootloader.elf.dir/Core/Src/syscalls.c.obj
 .ARM.attributes
                0x000001be       0x34 CMakeFiles/bootloader.elf.dir/Core/Src/sysmem.c.obj
 .ARM.attributes
                0x000001f2       0x34 CMakeFiles/bootloader.elf.dir/Core/Src/system_stm32f4xx.c.obj
 .ARM.attributes
                0x00000226       0x34 CMakeFiles/bootloader.elf.dir/Drivers/STM32F4xx_HAL_Driver/Src/stm32f4xx_hal.c.obj
 .ARM.attributes
                0x0000025a       0x34 CMakeFiles/bootloader.elf.dir/Drivers/STM32F4xx_HAL_Driver/Src/stm32f4xx_hal_rcc.c.obj
 .ARM.attributes
                0x0000028e       0x34 CMakeFiles/bootloader.elf.dir/Drivers/STM32F4xx_HAL_Driver/Src/stm32f4xx_hal_rcc_ex.c.obj
 .ARM.attributes
                0x000002c2       0x34 CMakeFiles/bootloader.elf.dir/Drivers/STM32F4xx_HAL_Driver/Src/stm32f4xx_hal_gpio.c.obj
 .ARM.attributes
                0x000002f6       0x34 CMakeFiles/bootloader.elf.dir/Drivers/STM32F4xx_HAL_Driver/Src/stm32f4xx_hal_uart.c.obj
 .ARM.attributes
                0x0000032a       0x34 CMakeFiles/bootloader.elf.dir/Drivers/STM32F4xx_HAL_Driver/Src/stm32f4xx_hal_dma.c.obj
 .ARM.attributes
                0x0000035e       0x34 CMakeFiles/bootloader.elf.dir/Drivers/STM32F4xx_HAL_Driver/Src/stm32f4xx_hal_cortex.c.obj
 .ARM.attributes
                0x00000392       0x34 CMakeFiles/bootloader.elf.dir/Drivers/STM32F4xx_HAL_Driver/Src/stm32f4xx_hal_wwdg.c.obj
 .ARM.attributes
                0x000003c6       0x34 CMakeFiles/bootloader.elf.dir/Drivers/STM32F4xx_HAL_Driver/Src/stm32f4xx_hal_crc.c.obj
 .ARM.attributes
                0x000003fa       0x21 CMakeFiles/bootloader.elf.dir/Core/Startup/startup_stm32f446retx.s.obj
 .ARM.attributes
                0x0000041b       0x1e c:/program files (x86)/gnu arm embedded toolchain/10 2021.10/bin/../lib/gcc/arm-none-eabi/10.3.1/thumb/v7e-m+fp/hard\libgcc.a(_aeabi_uldivmod.o)
 .ARM.attributes
                0x00000439       0x34 c:/program files (x86)/gnu arm embedded toolchain/10 2021.10/bin/../lib/gcc/arm-none-eabi/10.3.1/thumb/v7e-m+fp/hard\libgcc.a(_udivmoddi4.o)
 .ARM.attributes
                0x0000046d       0x1e c:/program files (x86)/gnu arm embedded toolchain/10 2021.10/bin/../lib/gcc/arm-none-eabi/10.3.1/thumb/v7e-m+fp/hard\libgcc.a(_dvmd_tls.o)
 .ARM.attributes
                0x0000048b       0x34 c:/program files (x86)/gnu arm embedded toolchain/10 2021.10/bin/../lib/gcc/arm-none-eabi/10.3.1/../../../../arm-none-eabi/lib/thumb/v7e-m+fp/hard\libc.a(lib_a-errno.o)
 .ARM.attributes
                0x000004bf       0x34 c:/program files (x86)/gnu arm embedded toolchain/10 2021.10/bin/../lib/gcc/arm-none-eabi/10.3.1/../../../../arm-none-eabi/lib/thumb/v7e-m+fp/hard\libc.a(lib_a-impure.o)
 .ARM.attributes
                0x000004f3       0x34 c:/program files (x86)/gnu arm embedded toolchain/10 2021.10/bin/../lib/gcc/arm-none-eabi/10.3.1/../../../../arm-none-eabi/lib/thumb/v7e-m+fp/hard\libc.a(lib_a-init.o)
 .ARM.attributes
                0x00000527       0x34 c:/program files (x86)/gnu arm embedded toolchain/10 2021.10/bin/../lib/gcc/arm-none-eabi/10.3.1/../../../../arm-none-eabi/lib/thumb/v7e-m+fp/hard\libc.a(lib_a-memset.o)
 .ARM.attributes
                0x0000055b       0x34 c:/program files (x86)/gnu arm embedded toolchain/10 2021.10/bin/../lib/gcc/arm-none-eabi/10.3.1/../../../../arm-none-eabi/lib/thumb/v7e-m+fp/hard\libc.a(lib_a-printf.o)
 .ARM.attributes
                0x0000058f       0x34 c:/program files (x86)/gnu arm embedded toolchain/10 2021.10/bin/../lib/gcc/arm-none-eabi/10.3.1/../../../../arm-none-eabi/lib/thumb/v7e-m+fp/hard\libc.a(lib_a-puts.o)
 .ARM.attributes
                0x000005c3       0x1c c:/program files (x86)/gnu arm embedded toolchain/10 2021.10/bin/../lib/gcc/arm-none-eabi/10.3.1/../../../../arm-none-eabi/lib/thumb/v7e-m+fp/hard\libc.a(lib_a-strlen.o)
 .ARM.attributes
                0x000005df       0x34 c:/program files (x86)/gnu arm embedded toolchain/10 2021.10/bin/../lib/gcc/arm-none-eabi/10.3.1/../../../../arm-none-eabi/lib/thumb/v7e-m+fp/hard\libc.a(lib_a-vfprintf.o)
 .ARM.attributes
                0x00000613       0x34 c:/program files (x86)/gnu arm embedded toolchain/10 2021.10/bin/../lib/gcc/arm-none-eabi/10.3.1/../../../../arm-none-eabi/lib/thumb/v7e-m+fp/hard\libc.a(lib_a-wsetup.o)
 .ARM.attributes
                0x00000647       0x34 c:/program files (x86)/gnu arm embedded toolchain/10 2021.10/bin/../lib/gcc/arm-none-eabi/10.3.1/../../../../arm-none-eabi/lib/thumb/v7e-m+fp/hard\libc.a(lib_a-__call_atexit.o)
 .ARM.attributes
                0x0000067b       0x34 c:/program files (x86)/gnu arm embedded toolchain/10 2021.10/bin/../lib/gcc/arm-none-eabi/10.3.1/../../../../arm-none-eabi/lib/thumb/v7e-m+fp/hard\libc.a(lib_a-atexit.o)
 .ARM.attributes
                0x000006af       0x34 c:/program files (x86)/gnu arm embedded toolchain/10 2021.10/bin/../lib/gcc/arm-none-eabi/10.3.1/../../../../arm-none-eabi/lib/thumb/v7e-m+fp/hard\libc.a(lib_a-dtoa.o)
 .ARM.attributes
                0x000006e3       0x34 c:/program files (x86)/gnu arm embedded toolchain/10 2021.10/bin/../lib/gcc/arm-none-eabi/10.3.1/../../../../arm-none-eabi/lib/thumb/v7e-m+fp/hard\libc.a(lib_a-fflush.o)
 .ARM.attributes
                0x00000717       0x34 c:/program files (x86)/gnu arm embedded toolchain/10 2021.10/bin/../lib/gcc/arm-none-eabi/10.3.1/../../../../arm-none-eabi/lib/thumb/v7e-m+fp/hard\libc.a(lib_a-findfp.o)
 .ARM.attributes
                0x0000074b       0x34 c:/program files (x86)/gnu arm embedded toolchain/10 2021.10/bin/../lib/gcc/arm-none-eabi/10.3.1/../../../../arm-none-eabi/lib/thumb/v7e-m+fp/hard\libc.a(lib_a-fini.o)
 .ARM.attributes
                0x0000077f       0x34 c:/program files (x86)/gnu arm embedded toolchain/10 2021.10/bin/../lib/gcc/arm-none-eabi/10.3.1/../../../../arm-none-eabi/lib/thumb/v7e-m+fp/hard\libc.a(lib_a-freer.o)
 .ARM.attributes
                0x000007b3       0x34 c:/program files (x86)/gnu arm embedded toolchain/10 2021.10/bin/../lib/gcc/arm-none-eabi/10.3.1/../../../../arm-none-eabi/lib/thumb/v7e-m+fp/hard\libc.a(lib_a-fvwrite.o)
 .ARM.attributes
                0x000007e7       0x34 c:/program files (x86)/gnu arm embedded toolchain/10 2021.10/bin/../lib/gcc/arm-none-eabi/10.3.1/../../../../arm-none-eabi/lib/thumb/v7e-m+fp/hard\libc.a(lib_a-fwalk.o)
 .ARM.attributes
                0x0000081b       0x34 c:/program files (x86)/gnu arm embedded toolchain/10 2021.10/bin/../lib/gcc/arm-none-eabi/10.3.1/../../../../arm-none-eabi/lib/thumb/v7e-m+fp/hard\libc.a(lib_a-localeconv.o)
 .ARM.attributes
                0x0000084f       0x34 c:/program files (x86)/gnu arm embedded toolchain/10 2021.10/bin/../lib/gcc/arm-none-eabi/10.3.1/../../../../arm-none-eabi/lib/thumb/v7e-m+fp/hard\libc.a(lib_a-lock.o)
 .ARM.attributes
                0x00000883       0x34 c:/program files (x86)/gnu arm embedded toolchain/10 2021.10/bin/../lib/gcc/arm-none-eabi/10.3.1/../../../../arm-none-eabi/lib/thumb/v7e-m+fp/hard\libc.a(lib_a-makebuf.o)
 .ARM.attributes
                0x000008b7       0x34 c:/program files (x86)/gnu arm embedded toolchain/10 2021.10/bin/../lib/gcc/arm-none-eabi/10.3.1/../../../../arm-none-eabi/lib/thumb/v7e-m+fp/hard\libc.a(lib_a-mallocr.o)
 .ARM.attributes
                0x000008eb       0x1c c:/program files (x86)/gnu arm embedded toolchain/10 2021.10/bin/../lib/gcc/arm-none-eabi/10.3.1/../../../../arm-none-eabi/lib/thumb/v7e-m+fp/hard\libc.a(lib_a-memchr.o)
 .ARM.attributes
                0x00000907       0x1c c:/program files (x86)/gnu arm embedded toolchain/10 2021.10/bin/../lib/gcc/arm-none-eabi/10.3.1/../../../../arm-none-eabi/lib/thumb/v7e-m+fp/hard\libc.a(lib_a-memcpy.o)
 .ARM.attributes
                0x00000923       0x34 c:/program files (x86)/gnu arm embedded toolchain/10 2021.10/bin/../lib/gcc/arm-none-eabi/10.3.1/../../../../arm-none-eabi/lib/thumb/v7e-m+fp/hard\libc.a(lib_a-memmove.o)
 .ARM.attributes
                0x00000957       0x34 c:/program files (x86)/gnu arm embedded toolchain/10 2021.10/bin/../lib/gcc/arm-none-eabi/10.3.1/../../../../arm-none-eabi/lib/thumb/v7e-m+fp/hard\libc.a(lib_a-mlock.o)
 .ARM.attributes
                0x0000098b       0x34 c:/program files (x86)/gnu arm embedded toolchain/10 2021.10/bin/../lib/gcc/arm-none-eabi/10.3.1/../../../../arm-none-eabi/lib/thumb/v7e-m+fp/hard\libc.a(lib_a-mprec.o)
 .ARM.attributes
                0x000009bf       0x34 c:/program files (x86)/gnu arm embedded toolchain/10 2021.10/bin/../lib/gcc/arm-none-eabi/10.3.1/../../../../arm-none-eabi/lib/thumb/v7e-m+fp/hard\libc.a(lib_a-reallocr.o)
 .ARM.attributes
                0x000009f3       0x34 c:/program files (x86)/gnu arm embedded toolchain/10 2021.10/bin/../lib/gcc/arm-none-eabi/10.3.1/../../../../arm-none-eabi/lib/thumb/v7e-m+fp/hard\libc.a(lib_a-s_frexp.o)
 .ARM.attributes
                0x00000a27       0x34 c:/program files (x86)/gnu arm embedded toolchain/10 2021.10/bin/../lib/gcc/arm-none-eabi/10.3.1/../../../../arm-none-eabi/lib/thumb/v7e-m+fp/hard\libc.a(lib_a-sbrkr.o)
 .ARM.attributes
                0x00000a5b       0x34 c:/program files (x86)/gnu arm embedded toolchain/10 2021.10/bin/../lib/gcc/arm-none-eabi/10.3.1/../../../../arm-none-eabi/lib/thumb/v7e-m+fp/hard\libc.a(lib_a-stdio.o)
 .ARM.attributes
                0x00000a8f       0x34 c:/program files (x86)/gnu arm embedded toolchain/10 2021.10/bin/../lib/gcc/arm-none-eabi/10.3.1/../../../../arm-none-eabi/lib/thumb/v7e-m+fp/hard\libc.a(lib_a-strncpy.o)
 .ARM.attributes
                0x00000ac3       0x34 c:/program files (x86)/gnu arm embedded toolchain/10 2021.10/bin/../lib/gcc/arm-none-eabi/10.3.1/../../../../arm-none-eabi/lib/thumb/v7e-m+fp/hard\libc.a(lib_a-vfiprintf.o)
 .ARM.attributes
                0x00000af7       0x34 c:/program files (x86)/gnu arm embedded toolchain/10 2021.10/bin/../lib/gcc/arm-none-eabi/10.3.1/../../../../arm-none-eabi/lib/thumb/v7e-m+fp/hard\libc.a(lib_a-writer.o)
 .ARM.attributes
                0x00000b2b       0x34 c:/program files (x86)/gnu arm embedded toolchain/10 2021.10/bin/../lib/gcc/arm-none-eabi/10.3.1/../../../../arm-none-eabi/lib/thumb/v7e-m+fp/hard\libc.a(lib_a-__atexit.o)
 .ARM.attributes
                0x00000b5f       0x34 c:/program files (x86)/gnu arm embedded toolchain/10 2021.10/bin/../lib/gcc/arm-none-eabi/10.3.1/../../../../arm-none-eabi/lib/thumb/v7e-m+fp/hard\libc.a(lib_a-assert.o)
 .ARM.attributes
                0x00000b93       0x34 c:/program files (x86)/gnu arm embedded toolchain/10 2021.10/bin/../lib/gcc/arm-none-eabi/10.3.1/../../../../arm-none-eabi/lib/thumb/v7e-m+fp/hard\libc.a(lib_a-callocr.o)
 .ARM.attributes
                0x00000bc7       0x34 c:/program files (x86)/gnu arm embedded toolchain/10 2021.10/bin/../lib/gcc/arm-none-eabi/10.3.1/../../../../arm-none-eabi/lib/thumb/v7e-m+fp/hard\libc.a(lib_a-closer.o)
 .ARM.attributes
                0x00000bfb       0x34 c:/program files (x86)/gnu arm embedded toolchain/10 2021.10/bin/../lib/gcc/arm-none-eabi/10.3.1/../../../../arm-none-eabi/lib/thumb/v7e-m+fp/hard\libc.a(lib_a-fclose.o)
 .ARM.attributes
                0x00000c2f       0x34 c:/program files (x86)/gnu arm embedded toolchain/10 2021.10/bin/../lib/gcc/arm-none-eabi/10.3.1/../../../../arm-none-eabi/lib/thumb/v7e-m+fp/hard\libc.a(lib_a-fiprintf.o)
 .ARM.attributes
                0x00000c63       0x34 c:/program files (x86)/gnu arm embedded toolchain/10 2021.10/bin/../lib/gcc/arm-none-eabi/10.3.1/../../../../arm-none-eabi/lib/thumb/v7e-m+fp/hard\libc.a(lib_a-fputwc.o)
 .ARM.attributes
                0x00000c97       0x34 c:/program files (x86)/gnu arm embedded toolchain/10 2021.10/bin/../lib/gcc/arm-none-eabi/10.3.1/../../../../arm-none-eabi/lib/thumb/v7e-m+fp/hard\libc.a(lib_a-fstatr.o)
 .ARM.attributes
                0x00000ccb       0x34 c:/program files (x86)/gnu arm embedded toolchain/10 2021.10/bin/../lib/gcc/arm-none-eabi/10.3.1/../../../../arm-none-eabi/lib/thumb/v7e-m+fp/hard\libc.a(lib_a-isattyr.o)
 .ARM.attributes
                0x00000cff       0x34 c:/program files (x86)/gnu arm embedded toolchain/10 2021.10/bin/../lib/gcc/arm-none-eabi/10.3.1/../../../../arm-none-eabi/lib/thumb/v7e-m+fp/hard\libc.a(lib_a-locale.o)
 .ARM.attributes
                0x00000d33       0x34 c:/program files (x86)/gnu arm embedded toolchain/10 2021.10/bin/../lib/gcc/arm-none-eabi/10.3.1/../../../../arm-none-eabi/lib/thumb/v7e-m+fp/hard\libc.a(lib_a-lseekr.o)
 .ARM.attributes
                0x00000d67       0x34 c:/program files (x86)/gnu arm embedded toolchain/10 2021.10/bin/../lib/gcc/arm-none-eabi/10.3.1/../../../../arm-none-eabi/lib/thumb/v7e-m+fp/hard\libc.a(lib_a-mbtowc_r.o)
 .ARM.attributes
                0x00000d9b       0x34 c:/program files (x86)/gnu arm embedded toolchain/10 2021.10/bin/../lib/gcc/arm-none-eabi/10.3.1/../../../../arm-none-eabi/lib/thumb/v7e-m+fp/hard\libc.a(lib_a-readr.o)
 .ARM.attributes
                0x00000dcf       0x34 c:/program files (x86)/gnu arm embedded toolchain/10 2021.10/bin/../lib/gcc/arm-none-eabi/10.3.1/../../../../arm-none-eabi/lib/thumb/v7e-m+fp/hard\libc.a(lib_a-reent.o)
 .ARM.attributes
                0x00000e03       0x34 c:/program files (x86)/gnu arm embedded toolchain/10 2021.10/bin/../lib/gcc/arm-none-eabi/10.3.1/../../../../arm-none-eabi/lib/thumb/v7e-m+fp/hard\libc.a(lib_a-wbuf.o)
 .ARM.attributes
                0x00000e37       0x34 c:/program files (x86)/gnu arm embedded toolchain/10 2021.10/bin/../lib/gcc/arm-none-eabi/10.3.1/../../../../arm-none-eabi/lib/thumb/v7e-m+fp/hard\libc.a(lib_a-wcrtomb.o)
 .ARM.attributes
                0x00000e6b       0x34 c:/program files (x86)/gnu arm embedded toolchain/10 2021.10/bin/../lib/gcc/arm-none-eabi/10.3.1/../../../../arm-none-eabi/lib/thumb/v7e-m+fp/hard\libc.a(lib_a-wctomb_r.o)
 .ARM.attributes
                0x00000e9f       0x34 c:/program files (x86)/gnu arm embedded toolchain/10 2021.10/bin/../lib/gcc/arm-none-eabi/10.3.1/../../../../arm-none-eabi/lib/thumb/v7e-m+fp/hard\libc.a(lib_a-abort.o)
 .ARM.attributes
                0x00000ed3       0x34 c:/program files (x86)/gnu arm embedded toolchain/10 2021.10/bin/../lib/gcc/arm-none-eabi/10.3.1/../../../../arm-none-eabi/lib/thumb/v7e-m+fp/hard\libc.a(lib_a-ctype_.o)
 .ARM.attributes
                0x00000f07       0x34 c:/program files (x86)/gnu arm embedded toolchain/10 2021.10/bin/../lib/gcc/arm-none-eabi/10.3.1/../../../../arm-none-eabi/lib/thumb/v7e-m+fp/hard\libc.a(lib_a-signal.o)
 .ARM.attributes
                0x00000f3b       0x34 c:/program files (x86)/gnu arm embedded toolchain/10 2021.10/bin/../lib/gcc/arm-none-eabi/10.3.1/../../../../arm-none-eabi/lib/thumb/v7e-m+fp/hard\libc.a(lib_a-signalr.o)
 .ARM.attributes
                0x00000f6f       0x1e c:/program files (x86)/gnu arm embedded toolchain/10 2021.10/bin/../lib/gcc/arm-none-eabi/10.3.1/thumb/v7e-m+fp/hard\libgcc.a(_arm_addsubdf3.o)
 .ARM.attributes
                0x00000f8d       0x1e c:/program files (x86)/gnu arm embedded toolchain/10 2021.10/bin/../lib/gcc/arm-none-eabi/10.3.1/thumb/v7e-m+fp/hard\libgcc.a(_arm_muldivdf3.o)
 .ARM.attributes
                0x00000fab       0x1e c:/program files (x86)/gnu arm embedded toolchain/10 2021.10/bin/../lib/gcc/arm-none-eabi/10.3.1/thumb/v7e-m+fp/hard\libgcc.a(_arm_cmpdf2.o)
 .ARM.attributes
                0x00000fc9       0x1e c:/program files (x86)/gnu arm embedded toolchain/10 2021.10/bin/../lib/gcc/arm-none-eabi/10.3.1/thumb/v7e-m+fp/hard\libgcc.a(_arm_unorddf2.o)
 .ARM.attributes
                0x00000fe7       0x1e c:/program files (x86)/gnu arm embedded toolchain/10 2021.10/bin/../lib/gcc/arm-none-eabi/10.3.1/thumb/v7e-m+fp/hard\libgcc.a(_arm_fixdfsi.o)
 .ARM.attributes
                0x00001005       0x1e c:/program files (x86)/gnu arm embedded toolchain/10 2021.10/bin/../lib/gcc/arm-none-eabi/10.3.1/thumb/v7e-m+fp/hard/crtn.o
OUTPUT(bootloader.elf elf32-littlearm)
LOAD linker stubs
LOAD c:/program files (x86)/gnu arm embedded toolchain/10 2021.10/bin/../lib/gcc/arm-none-eabi/10.3.1/../../../../arm-none-eabi/lib/thumb/v7e-m+fp/hard\libc.a
LOAD c:/program files (x86)/gnu arm embedded toolchain/10 2021.10/bin/../lib/gcc/arm-none-eabi/10.3.1/../../../../arm-none-eabi/lib/thumb/v7e-m+fp/hard\libm.a
LOAD c:/program files (x86)/gnu arm embedded toolchain/10 2021.10/bin/../lib/gcc/arm-none-eabi/10.3.1/thumb/v7e-m+fp/hard\libgcc.a

.debug_info     0x00000000     0xa153
 .debug_info    0x00000000      0xe4e CMakeFiles/bootloader.elf.dir/Core/Src/main.c.obj
 .debug_info    0x00000e4e      0x125 CMakeFiles/bootloader.elf.dir/Core/Src/boot_metadata.c.obj
 .debug_info    0x00000f73       0xca CMakeFiles/bootloader.elf.dir/Core/Src/image_validate.c.obj
 .debug_info    0x0000103d      0x36a CMakeFiles/bootloader.elf.dir/Core/Src/jump.c.obj
 .debug_info    0x000013a7      0xbd9 CMakeFiles/bootloader.elf.dir/Core/Src/stm32f4xx_hal_msp.c.obj
 .debug_info    0x00001f80      0x119 CMakeFiles/bootloader.elf.dir/Core/Src/stm32f4xx_it.c.obj
 .debug_info    0x00002099      0x6b2 CMakeFiles/bootloader.elf.dir/Core/Src/syscalls.c.obj
 .debug_info    0x0000274b      0x15f CMakeFiles/bootloader.elf.dir/Core/Src/sysmem.c.obj
 .debug_info    0x000028aa      0x554 CMakeFiles/bootloader.elf.dir/Core/Src/system_stm32f4xx.c.obj
 .debug_info    0x00002dfe      0x97f CMakeFiles/bootloader.elf.dir/Drivers/STM32F4xx_HAL_Driver/Src/stm32f4xx_hal.c.obj
 .debug_info    0x0000377d      0x97c CMakeFiles/bootloader.elf.dir/Drivers/STM32F4xx_HAL_Driver/Src/stm32f4xx_hal_rcc.c.obj
 .debug_info    0x000040f9      0x9d5 CMakeFiles/bootloader.elf.dir/Drivers/STM32F4xx_HAL_Driver/Src/stm32f4xx_hal_rcc_ex.c.obj
 .debug_info    0x00004ace      0x7be CMakeFiles/bootloader.elf.dir/Drivers/STM32F4xx_HAL_Driver/Src/stm32f4xx_hal_gpio.c.obj
 .debug_info    0x0000528c     0x30c0 CMakeFiles/bootloader.elf.dir/Drivers/STM32F4xx_HAL_Driver/Src/stm32f4xx_hal_uart.c.obj
 .debug_info    0x0000834c      0x943 CMakeFiles/bootloader.elf.dir/Drivers/STM32F4xx_HAL_Driver/Src/stm32f4xx_hal_dma.c.obj
 .debug_info    0x00008c8f      0xe81 CMakeFiles/bootloader.elf.dir/Drivers/STM32F4xx_HAL_Driver/Src/stm32f4xx_hal_cortex.c.obj
 .debug_info    0x00009b10      0x270 CMakeFiles/bootloader.elf.dir/Drivers/STM32F4xx_HAL_Driver/Src/stm32f4xx_hal_wwdg.c.obj
 .debug_info    0x00009d80      0x3b1 CMakeFiles/bootloader.elf.dir/Drivers/STM32F4xx_HAL_Driver/Src/stm32f4xx_hal_crc.c.obj
 .debug_info    0x0000a131       0x22 CMakeFiles/bootloader.elf.dir/Core/Startup/startup_stm32f446retx.s.obj

.debug_abbrev   0x00000000     0x1cb5
 .debug_abbrev  0x00000000      0x220 CMakeFiles/bootloader.elf.dir/Core/Src/main.c.obj
 .debug_abbrev  0x00000220       0x98 CMakeFiles/bootloader.elf.dir/Core/Src/boot_metadata.c.obj
 .debug_abbrev  0x000002b8       0x7a CMakeFiles/bootloader.elf.dir/Core/Src/image_validate.c.obj
 .debug_abbrev  0x00000332      0x148 CMakeFiles/bootloader.elf.dir/Core/Src/jump.c.obj
 .debug_abbrev  0x0000047a      0x1a2 CMakeFiles/bootloader.elf.dir/Core/Src/stm32f4xx_hal_msp.c.obj
 .debug_abbrev  0x0000061c       0x61 CMakeFiles/bootloader.elf.dir/Core/Src/stm32f4xx_it.c.obj
 .debug_abbrev  0x0000067d      0x180 CMakeFiles/bootloader.elf.dir/Core/Src/syscalls.c.obj
 .debug_abbrev  0x000007fd       0xa6 CMakeFiles/bootloader.elf.dir/Core/Src/sysmem.c.obj
 .debug_abbrev  0x000008a3      0x116 CMakeFiles/bootloader.elf.dir/Core/Src/system_stm32f4xx.c.obj
 .debug_abbrev  0x000009b9      0x1da CMakeFiles/bootloader.elf.dir/Drivers/STM32F4xx_HAL_Driver/Src/stm32f4xx_hal.c.obj
 .debug_abbrev  0x00000b93      0x262 CMakeFiles/bootloader.elf.dir/Drivers/STM32F4xx_HAL_Driver/Src/stm32f4xx_hal_rcc.c.obj
 .debug_abbrev  0x00000df5      0x1cf CMakeFiles/bootloader.elf.dir/Drivers/STM32F4xx_HAL_Driver/Src/stm32f4xx_hal_rcc_ex.c.obj
 .debug_abbrev  0x00000fc4      0x1c4 CMakeFiles/bootloader.elf.dir/Drivers/STM32F4xx_HAL_Driver/Src/stm32f4xx_hal_gpio.c.obj
 .debug_abbrev  0x00001188      0x2b3 CMakeFiles/bootloader.elf.dir/Drivers/STM32F4xx_HAL_Driver/Src/stm32f4xx_hal_uart.c.obj
 .debug_abbrev  0x0000143b      0x246 CMakeFiles/bootloader.elf.dir/Drivers/STM32F4xx_HAL_Driver/Src/stm32f4xx_hal_dma.c.obj
 .debug_abbrev  0x00001681      0x30d CMakeFiles/bootloader.elf.dir/Drivers/STM32F4xx_HAL_Driver/Src/stm32f4xx_hal_cortex.c.obj
 .debug_abbrev  0x0000198e      0x170 CMakeFiles/bootloader.elf.dir/Drivers/STM32F4xx_HAL_Driver/Src/stm32f4xx_hal_wwdg.c.obj
 .debug_abbrev  0x00001afe      0x1a5 CMakeFiles/bootloader.elf.dir/Drivers/STM32F4xx_HAL_Driver/Src/stm32f4xx_hal_crc.c.obj
 .debug_abbrev  0x00001ca3       0x12 CMakeFiles/bootloader.elf.dir/Core/Startup/startup_stm32f446retx.s.obj

.debug_aranges  0x00000000      0x268
 .debug_aranges
                0x00000000       0x20 CMakeFiles/bootloader.elf.dir/Core/Src/main.c.obj
 .debug_aranges
                0x00000020       0x20 CMakeFiles/bootloader.elf.dir/Core/Src/boot_metadata.c.obj
 .debug_aranges
                0x00000040       0x20 CMakeFiles/bootloader.elf.dir/Core/Src/image_validate.c.obj
 .debug_aranges
                0x00000060       0x20 CMakeFiles/bootloader.elf.dir/Core/Src/jump.c.obj
 .debug_aranges
                0x00000080       0x20 CMakeFiles/bootloader.elf.dir/Core/Src/stm32f4xx_hal_msp.c.obj
 .debug_aranges
                0x000000a0       0x20 CMakeFiles/bootloader.elf.dir/Core/Src/stm32f4xx_it.c.obj
 .debug_aranges
                0x000000c0       0x20 CMakeFiles/bootloader.elf.dir/Core/Src/syscalls.c.obj
 .debug_aranges
                0x000000e0       0x20 CMakeFiles/bootloader.elf.dir/Core/Src/sysmem.c.obj
 .debug_aranges
                0x00000100       0x20 CMakeFiles/bootloader.elf.dir/Core/Src/system_stm32f4xx.c.obj
 .debug_aranges
                0x00000120       0x20 CMakeFiles/bootloader.elf.dir/Drivers/STM32F4xx_HAL_Driver/Src/stm32f4xx_hal.c.obj
 .debug_aranges
                0x00000140       0x20 CMakeFiles/bootloader.elf.dir/Drivers/STM32F4xx_HAL_Driver/Src/stm32f4xx_hal_rcc.c.obj
 .debug_aranges
                0x00000160       0x20 CMakeFiles/bootloader.elf.dir/Drivers/STM32F4xx_HAL_Driver/Src/stm32f4xx_hal_rcc_ex.c.obj
 .debug_aranges
                0x00000180       0x20 CMakeFiles/bootloader.elf.dir/Drivers/STM32F4xx_HAL_Driver/Src/stm32f4xx_hal_gpio.c.obj
 .debug_aranges
                0x000001a0       0x20 CMakeFiles/bootloader.elf.dir/Drivers/STM32F4xx_HAL_Driver/Src/stm32f4xx_hal_uart.c.obj
 .debug_aranges
                0x000001c0       0x20 CMakeFiles/bootloader.elf.dir/Drivers/STM32F4xx_HAL_Driver/Src/stm32f4xx_hal_dma.c.obj
 .debug_aranges
                0x000001e0       0x20 CMakeFiles/bootloader.elf.dir/Drivers/STM32F4xx_HAL_Driver/Src/stm32f4xx_hal_cortex.c.obj
 .debug_aranges
                0x00000200       0x20 CMakeFiles/bootloader.elf.dir/Drivers/STM32F4xx_HAL_Driver/Src/stm32f4xx_hal_wwdg.c.obj
 .debug_aranges
                0x00000220       0x20 CMakeFiles/bootloader.elf.dir/Drivers/STM32F4xx_HAL_Driver/Src/stm32f4xx_hal_crc.c.obj
 .debug_aranges
                0x00000240       0x28 CMakeFiles/bootloader.elf.dir/Core/Startup/startup_stm32f446retx.s.obj

.debug_macro    0x00000000    0x22439
 .debug_macro   0x00000000      0x35f CMakeFiles/bootloader.elf.dir/Core/Src/main.c.obj
 .debug_macro   0x0000035f      0xa6c CMakeFiles/bootloader.elf.dir/Core/Src/main.c.obj
 .debug_macro   0x00000dcb      0x2a1 CMakeFiles/bootloader.elf.dir/Core/Src/main.c.obj
 .debug_macro   0x0000106c       0x2e CMakeFiles/bootloader.elf.dir/Core/Src/main.c.obj
 .debug_macro   0x0000109a       0x28 CMakeFiles/bootloader.elf.dir/Core/Src/main.c.obj
 .debug_macro   0x000010c2       0x22 CMakeFiles/bootloader.elf.dir/Core/Src/main.c.obj
 .debug_macro   0x000010e4       0x8e CMakeFiles/bootloader.elf.dir/Core/Src/main.c.obj
 .debug_macro   0x00001172       0x51 CMakeFiles/bootloader.elf.dir/Core/Src/main.c.obj
 .debug_macro   0x000011c3      0x103 CMakeFiles/bootloader.elf.dir/Core/Src/main.c.obj
 .debug_macro   0x000012c6       0x6a CMakeFiles/bootloader.elf.dir/Core/Src/main.c.obj
 .debug_macro   0x00001330      0x1df CMakeFiles/bootloader.elf.dir/Core/Src/main.c.obj
 .debug_macro   0x0000150f       0x1c CMakeFiles/bootloader.elf.dir/Core/Src/main.c.obj
 .debug_macro   0x0000152b       0x22 CMakeFiles/bootloader.elf.dir/Core/Src/main.c.obj
 .debug_macro   0x0000154d       0xfb CMakeFiles/bootloader.elf.dir/Core/Src/main.c.obj
 .debug_macro   0x00001648     0x1011 CMakeFiles/bootloader.elf.dir/Core/Src/main.c.obj
 .debug_macro   0x00002659      0x11f CMakeFiles/bootloader.elf.dir/Core/Src/main.c.obj
 .debug_macro   0x00002778    0x1675e CMakeFiles/bootloader.elf.dir/Core/Src/main.c.obj
 .debug_macro   0x00018ed6       0x6d CMakeFiles/bootloader.elf.dir/Core/Src/main.c.obj
 .debug_macro   0x00018f43     0x3693 CMakeFiles/bootloader.elf.dir/Core/Src/main.c.obj
 .debug_macro   0x0001c5d6      0x174 CMakeFiles/bootloader.elf.dir/Core/Src/main.c.obj
 .debug_macro   0x0001c74a       0x5c CMakeFiles/bootloader.elf.dir/Core/Src/main.c.obj
 .debug_macro   0x0001c7a6      0xca5 CMakeFiles/bootloader.elf.dir/Core/Src/main.c.obj
 .debug_macro   0x0001d44b      0x9e9 CMakeFiles/bootloader.elf.dir/Core/Src/main.c.obj
 .debug_macro   0x0001de34      0x115 CMakeFiles/bootloader.elf.dir/Core/Src/main.c.obj
 .debug_macro   0x0001df49      0x1a0 CMakeFiles/bootloader.elf.dir/Core/Src/main.c.obj
 .debug_macro   0x0001e0e9       0xa5 CMakeFiles/bootloader.elf.dir/Core/Src/main.c.obj
 .debug_macro   0x0001e18e      0x16d CMakeFiles/bootloader.elf.dir/Core/Src/main.c.obj
 .debug_macro   0x0001e2fb      0x287 CMakeFiles/bootloader.elf.dir/Core/Src/main.c.obj
 .debug_macro   0x0001e582       0x5f CMakeFiles/bootloader.elf.dir/Core/Src/main.c.obj
 .debug_macro   0x0001e5e1      0x236 CMakeFiles/bootloader.elf.dir/Core/Src/main.c.obj
 .debug_macro   0x0001e817       0x22 CMakeFiles/bootloader.elf.dir/Core/Src/main.c.obj
 .debug_macro   0x0001e839      0x132 CMakeFiles/bootloader.elf.dir/Core/Src/main.c.obj
 .debug_macro   0x0001e96b      0x29c CMakeFiles/bootloader.elf.dir/Core/Src/main.c.obj
 .debug_macro   0x0001ec07       0x2e CMakeFiles/bootloader.elf.dir/Core/Src/main.c.obj
 .debug_macro   0x0001ec35      0x127 CMakeFiles/bootloader.elf.dir/Core/Src/main.c.obj
 .debug_macro   0x0001ed5c       0xe8 CMakeFiles/bootloader.elf.dir/Core/Src/main.c.obj
 .debug_macro   0x0001ee44       0x89 CMakeFiles/bootloader.elf.dir/Core/Src/main.c.obj
 .debug_macro   0x0001eecd      0x2aa CMakeFiles/bootloader.elf.dir/Core/Src/main.c.obj
 .debug_macro   0x0001f177       0x8d CMakeFiles/bootloader.elf.dir/Core/Src/main.c.obj
 .debug_macro   0x0001f204      0x126 CMakeFiles/bootloader.elf.dir/Core/Src/main.c.obj
 .debug_macro   0x0001f32a       0x10 CMakeFiles/bootloader.elf.dir/Core/Src/main.c.obj
 .debug_macro   0x0001f33a       0x2e CMakeFiles/bootloader.elf.dir/Core/Src/main.c.obj
 .debug_macro   0x0001f368       0x16 CMakeFiles/bootloader.elf.dir/Core/Src/main.c.obj
 .debug_macro   0x0001f37e       0x58 CMakeFiles/bootloader.elf.dir/Core/Src/main.c.obj