Archive member included to satisfy reference by file (symbol)

c:/program files (x86)/gnu arm embedded toolchain/10 2021.10/bin/../lib/gcc/arm-none-eabi/10.3.1/thumb/v7e-m+fp/hard\libgcc.a(_aeabi_uldivmod.o)
                              CMakeFiles/bootloader.elf.dir/Drivers/STM32F4xx_HAL_Driver/Src/stm32f4xx_hal_rcc.c.obj (__aeabi_uldivmod)
c:/program files (x86)/gnu arm embedded toolchain/10 2021.10/bin/../lib/gcc/arm-none-eabi/10.3.1/thumb/v7e-m+fp/hard\libgcc.a(_udivmoddi4.o)
                              c:/program files (x86)/gnu arm embedded toolchain/10 2021.10/bin/../lib/gcc/arm-none-eabi/10.3.1/thumb/v7e-m+fp/hard\libgcc.a(_aeabi_uldivmod.o) (__udivmoddi4)
c:/program files (x86)/gnu arm embedded toolchain/10 2021.10/bin/../lib/gcc/arm-none-eabi/10.3.1/thumb/v7e-m+fp/hard\libgcc.a(_dvmd_tls.o)
                              c:/program files (x86)/gnu arm embedded toolchain/10 2021.10/bin/../lib/gcc/arm-none-eabi/10.3.1/thumb/v7e-m+fp/hard\libgcc.a(_aeabi_uldivmod.o) (__aeabi_ldiv0)
c:/program files (x86)/gnu arm embedded toolchain/10 2021.10/bin/../lib/gcc/arm-none-eabi/10.3.1/../../../../arm-none-eabi/lib/thumb/v7e-m+fp/hard\libc.a(lib_a-errno.o)
                              CMakeFiles/bootloader.elf.dir/Core/Src/syscalls.c.obj (__errno)
c:/program files (x86)/gnu arm embedded toolchain/10 2021.10/bin/../lib/gcc/arm-none-eabi/10.3.1/../../../../arm-none-eabi/lib/thumb/v7e-m+fp/hard\libc.a(lib_a-exit.o)
                              c:/program files (x86)/gnu arm embedded toolchain/10 2021.10/bin/../lib/gcc/arm-none-eabi/10.3.1/../../../../arm-none-eabi/lib/thumb/v7e-m+fp/hard/crt0.o (exit)
c:/program files (x86)/gnu arm embedded toolchain/10 2021.10/bin/../lib/gcc/arm-none-eabi/10.3.1/../../../../arm-none-eabi/lib/thumb/v7e-m+fp/hard\libc.a(lib_a-impure.o)
                              c:/program files (x86)/gnu arm embedded toolchain/10 2021.10/bin/../lib/gcc/arm-none-eabi/10.3.1/../../../../arm-none-eabi/lib/thumb/v7e-m+fp/hard\libc.a(lib_a-exit.o) (_global_impure_ptr)
c:/program files (x86)/gnu arm embedded toolchain/10 2021.10/bin/../lib/gcc/arm-none-eabi/10.3.1/../../../../arm-none-eabi/lib/thumb/v7e-m+fp/hard\libc.a(lib_a-init.o)
                              c:/program files (x86)/gnu arm embedded toolchain/10 2021.10/bin/../lib/gcc/arm-none-eabi/10.3.1/../../../../arm-none-eabi/lib/thumb/v7e-m+fp/hard/crt0.o (__libc_init_array)
c:/program files (x86)/gnu arm embedded toolchain/10 2021.10/bin/../lib/gcc/arm-none-eabi/10.3.1/../../../../arm-none-eabi/lib/thumb/v7e-m+fp/hard\libc.a(lib_a-memset.o)
                              c:/program files (x86)/gnu arm embedded toolchain/10 2021.10/bin/../lib/gcc/arm-none-eabi/10.3.1/../../../../arm-none-eabi/lib/thumb/v7e-m+fp/hard/crt0.o (memset)
c:/program files (x86)/gnu arm embedded toolchain/10 2021.10/bin/../lib/gcc/arm-none-eabi/10.3.1/../../../../arm-none-eabi/lib/thumb/v7e-m+fp/hard\libc.a(lib_a-printf.o)
                              CMakeFiles/bootloader.elf.dir/Core/Src/main.c.obj (printf)
c:/program files (x86)/gnu arm embedded toolchain/10 2021.10/bin/../lib/gcc/arm-none-eabi/10.3.1/../../../../arm-none-eabi/lib/thumb/v7e-m+fp/hard\libc.a(lib_a-puts.o)
                              CMakeFiles/bootloader.elf.dir/Core/Src/main.c.obj (puts)
c:/program files (x86)/gnu arm embedded toolchain/10 2021.10/bin/../lib/gcc/arm-none-eabi/10.3.1/../../../../arm-none-eabi/lib/thumb/v7e-m+fp/hard\libc.a(lib_a-strlen.o)
                              c:/program files (x86)/gnu arm embedded toolchain/10 2021.10/bin/../lib/gcc/arm-none-eabi/10.3.1/../../../../arm-none-eabi/lib/thumb/v7e-m+fp/hard\libc.a(lib_a-puts.o) (strlen)
c:/program files (x86)/gnu arm embedded toolchain/10 2021.10/bin/../lib/gcc/arm-none-eabi/10.3.1/../../../../arm-none-eabi/lib/thumb/v7e-m+fp/hard\libc.a(lib_a-vfprintf.o)
                              c:/program files (x86)/gnu arm embedded toolchain/10 2021.10/bin/../lib/gcc/arm-none-eabi/10.3.1/../../../../arm-none-eabi/lib/thumb/v7e-m+fp/hard\libc.a(lib_a-printf.o) (_vfprintf_r)
c:/program files (x86)/gnu arm embedded toolchain/10 2021.10/bin/../lib/gcc/arm-none-eabi/10.3.1/../../../../arm-none-eabi/lib/thumb/v7e-m+fp/hard\libc.a(lib_a-wsetup.o)
                              c:/program files (x86)/gnu arm embedded toolchain/10 2021.10/bin/../lib/gcc/arm-none-eabi/10.3.1/../../../../arm-none-eabi/lib/thumb/v7e-m+fp/hard\libc.a(lib_a-vfprintf.o) (__swsetup_r)
c:/program files (x86)/gnu arm embedded toolchain/10 2021.10/bin/../lib/gcc/arm-none-eabi/10.3.1/../../../../arm-none-eabi/lib/thumb/v7e-m+fp/hard\libc.a(lib_a-__call_atexit.o)
                              c:/program files (x86)/gnu arm embedded toolchain/10 2021.10/bin/../lib/gcc/arm-none-eabi/10.3.1/../../../../arm-none-eabi/lib/thumb/v7e-m+fp/hard\libc.a(lib_a-exit.o) (__call_exitprocs)
c:/program files (x86)/gnu arm embedded toolchain/10 2021.10/bin/../lib/gcc/arm-none-eabi/10.3.1/../../../../arm-none-eabi/lib/thumb/v7e-m+fp/hard\libc.a(lib_a-atexit.o)
[...]
Memory Configuration

Name             Origin             Length             Attributes
FLASH            0x08000000         0x00010000         xr
RAM              0x20000000         0x00020000         xrw
*default*        0x00000000         0xffffffff

Linker script and memory map

LOAD c:/program files (x86)/gnu arm embedded toolchain/10 2021.10/bin/../lib/gcc/arm-none-eabi/10.3.1/thumb/v7e-m+fp/hard/crti.o
LOAD c:/program files (x86)/gnu arm embedded toolchain/10 2021.10/bin/../lib/gcc/arm-none-eabi/10.3.1/thumb/v7e-m+fp/hard/crtbegin.o
LOAD c:/program files (x86)/gnu arm embedded toolchain/10 2021.10/bin/../lib/gcc/arm-none-eabi/10.3.1/../../../../arm-none-eabi/lib/thumb/v7e-m+fp/hard/crt0.o
LOAD CMakeFiles/bootloader.elf.dir/Core/Src/main.c.obj
LOAD CMakeFiles/bootloader.elf.dir/Core/Src/bootloader.c.obj
LOAD CMakeFiles/bootloader.elf.dir/Core/Src/boot_metadata.c.obj
LOAD CMakeFiles/bootloader.elf.dir/Core/Src/crc_check.c.obj
LOAD CMakeFiles/bootloader.elf.dir/Core/Src/image_validate.c.obj
LOAD CMakeFiles/bootloader.elf.dir/Core/Src/jump.c.obj
LOAD CMakeFiles/bootloader.elf.dir/Core/Src/stm32f4xx_hal_msp.c.obj
LOAD CMakeFiles/bootloader.elf.dir/Core/Src/stm32f4xx_it.c.obj
LOAD CMakeFiles/bootloader.elf.dir/Core/Src/syscalls.c.obj
LOAD CMakeFiles/bootloader.elf.dir/Core/Src/sysmem.c.obj
LOAD CMakeFiles/bootloader.elf.dir/Core/Src/system_stm32f4xx.c.obj
LOAD CMakeFiles/bootloader.elf.dir/Drivers/STM32F4xx_HAL_Driver/Src/stm32f4xx_hal.c.obj
LOAD CMakeFiles/bootloader.elf.dir/Drivers/STM32F4xx_HAL_Driver/Src/stm32f4xx_hal_cortex.c.obj
LOAD CMakeFiles/bootloader.elf.dir/Drivers/STM32F4xx_HAL_Driver/Src/stm32f4xx_hal_crc.c.obj
LOAD CMakeFiles/bootloader.elf.dir/Drivers/STM32F4xx_HAL_Driver/Src/stm32f4xx_hal_dma.c.obj
LOAD CMakeFiles/bootloader.elf.dir/Drivers/STM32F4xx_HAL_Driver/Src/stm32f4xx_hal_dma_ex.c.obj
LOAD CMakeFiles/bootloader.elf.dir/Drivers/STM32F4xx_HAL_Driver/Src/stm32f4xx_hal_exti.c.obj
LOAD CMakeFiles/bootloader.elf.dir/Drivers/STM32F4xx_HAL_Driver/Src/stm32f4xx_hal_flash.c.obj
LOAD CMakeFiles/bootloader.elf.dir/Drivers/STM32F4xx_HAL_Driver/Src/stm32f4xx_hal_flash_ex.c.obj
LOAD CMakeFiles/bootloader.elf.dir/Drivers/STM32F4xx_HAL_Driver/Src/stm32f4xx_hal_flash_ramfunc.c.obj
LOAD CMakeFiles/bootloader.elf.dir/Drivers/STM32F4xx_HAL_Driver/Src/stm32f4xx_hal_gpio.c.obj
LOAD CMakeFiles/bootloader.elf.dir/Drivers/STM32F4xx_HAL_Driver/Src/stm32f4xx_hal_pwr.c.obj
LOAD CMakeFiles/bootloader.elf.dir/Drivers/STM32F4xx_HAL_Driver/Src/stm32f4xx_hal_pwr_ex.c.obj
LOAD CMakeFiles/bootloader.elf.dir/Drivers/STM32F4xx_HAL_Driver/Src/stm32f4xx_hal_rcc.c.obj
LOAD CMakeFiles/bootloader.elf.dir/Drivers/STM32F4xx_HAL_Driver/Src/stm32f4xx_hal_rcc_ex.c.obj
LOAD CMakeFiles/bootloader.elf.dir/Drivers/STM32F4xx_HAL_Driver/Src/stm32f4xx_hal_uart.c.obj
LOAD CMakeFiles/bootloader.elf.dir/Drivers/STM32F4xx_HAL_Driver/Src/stm32f4xx_hal_wwdg.c.obj
LOAD CMakeFiles/bootloader.elf.dir/Core/Startup/startup_stm32f446retx.s.obj
START GROUP
LOAD c:/program files (x86)/gnu arm embedded toolchain/10 2021.10/bin/../lib/gcc/arm-none-eabi/10.3.1/thumb/v7e-m+fp/hard\libgcc.a
LOAD c:/program files (x86)/gnu arm embedded toolchain/10 2021.10/bin/../lib/gcc/arm-none-eabi/10.3.1/../../../../arm-none-eabi/lib/thumb/v7e-m+fp/hard\libc.a
END GROUP
LOAD c:/program files (x86)/gnu arm embedded toolchain/10 2021.10/bin/../lib/gcc/arm-none-eabi/10.3.1/thumb/v7e-m+fp/hard/crtend.o
LOAD c:/program files (x86)/gnu arm embedded toolchain/10 2021.10/bin/../lib/gcc/arm-none-eabi/10.3.1/thumb/v7e-m+fp/hard/crtn.o
                0x00000200                _Min_Heap_Size = 0x200
                0x00000400                _Min_Stack_Size = 0x400
                0x20020000                PROVIDE (_estack = (ORIGIN (RAM) + LENGTH (RAM)))

.isr_vector     0x08000000      0x1c4
                0x08000000                . = ALIGN (0x4)
 *(.isr_vector)
 .isr_vector    0x08000000      0x1c4 CMakeFiles/bootloader.elf.dir/Core/Startup/startup_stm32f446retx.s.obj
                0x08000000                g_pfnVectors
                0x080001c4                . = ALIGN (0x4)

.text           0x08000200     0xef10
                0x08000200                . = ALIGN (0x4)
 *(.text)
 .text          0x08000200      0x334 CMakeFiles/bootloader.elf.dir/Core/Src/main.c.obj
                0x08000200                main
                0x080002b4                SystemClock_Config
                0x08000528                Error_Handler
 .text          0x08000534       0x64 CMakeFiles/bootloader.elf.dir/Core/Src/boot_metadata.c.obj
                0x08000534                read_metadata
 .text          0x08000598       0x48 CMakeFiles/bootloader.elf.dir/Core/Src/image_validate.c.obj
                0x08000598                is_valid_app
 .text          0x080005e0       0x54 CMakeFiles/bootloader.elf.dir/Core/Src/jump.c.obj
                0x080005e0                jump_to_app
 .text          0x08000634      0x1d8 CMakeFiles/bootloader.elf.dir/Core/Src/stm32f4xx_hal_msp.c.obj
                0x08000634                HAL_MspInit
                0x08000684                HAL_CRC_MspInit
                0x080006c8                HAL_CRC_MspDeInit
                0x080006fc                HAL_UART_MspInit
                0x0800078c                HAL_UART_MspDeInit
                0x080007c8                HAL_WWDG_MspInit
 .text          0x0800080c       0x54 CMakeFiles/bootloader.elf.dir/Core/Src/stm32f4xx_it.c.obj
                0x0800080c                NMI_Handler
                0x08000812                HardFault_Handler
                0x08000818                MemManage_Handler
                0x0800081e                BusFault_Handler
                0x08000824                UsageFault_Handler
                0x0800082a                SVC_Handler
                0x08000838                DebugMon_Handler
                0x08000846                PendSV_Handler
                0x08000854                SysTick_Handler
 .text          0x08000860      0x214 CMakeFiles/bootloader.elf.dir/Core/Src/syscalls.c.obj
                0x08000860                initialise_monitor_handles
                0x0800086e                _getpid
                0x0800087e                _kill
                0x0800089e                _exit
                0x080008b2                _read
                0x080008ec                _write
                0x08000924                _close
                0x0800093c                _fstat
                0x0800095c                _isatty
                0x08000972                _lseek
                0x0800098c                _open
                0x080009a8                _wait
                0x080009c6                _unlink
                0x080009e4                _times
                0x080009fc                _stat
                0x08000a1c                _link
                0x08000a3c                _fork
                0x08000a52                _execve
 .text          0x08000a74       0x6c CMakeFiles/bootloader.elf.dir/Core/Src/sysmem.c.obj
                0x08000a74                _sbrk
 .text          0x08000ae0      0x110 CMakeFiles/bootloader.elf.dir/Core/Src/system_stm32f4xx.c.obj
                0x08000ae0                SystemInit
                0x08000b04                SystemCoreClockUpdate
 .text          0x08000bf0      0x3e4 CMakeFiles/bootloader.elf.dir/Drivers/STM32F4xx_HAL_Driver/Src/stm32f4xx_hal.c.obj
                0x08000bf0                HAL_Init
                0x08000c34                HAL_DeInit
                0x08000c9e                HAL_MspDeInit
                0x08000cac                HAL_InitTick
                0x08000d0c                HAL_IncTick
                0x08000d34                HAL_GetTick
                0x08000d4c                HAL_GetTickPrio
                0x08000d64                HAL_SetTickFreq
                0x08000db4                HAL_GetTickFreq
                0x08000dcc                HAL_Delay
                0x08000e14                HAL_SuspendTick
                0x08000e34                HAL_ResumeTick
                0x08000e54                HAL_GetHalVersion
                0x08000e68                HAL_GetREVID
                0x08000e80                HAL_GetDEVID
                0x08000e9c                HAL_DBGMCU_EnableDBGSleepMode
                0x08000ebc                HAL_DBGMCU_DisableDBGSleepMode
                0x08000edc                HAL_DBGMCU_EnableDBGStopMode
                0x08000efc                HAL_DBGMCU_DisableDBGStopMode
                0x08000f1c                HAL_DBGMCU_EnableDBGStandbyMode
                0x08000f3c                HAL_DBGMCU_DisableDBGStandbyMode
                0x08000f5c                HAL_EnableCompensationCell
                0x08000f74                HAL_DisableCompensationCell
                0x08000f8c                HAL_GetUIDw0
                0x08000fa4                HAL_GetUIDw1
                0x08000fbc                HAL_GetUIDw2
 .text          0x08000fd4      0x6d0 CMakeFiles/bootloader.elf.dir/Drivers/STM32F4xx_HAL_Driver/Src/stm32f4xx_hal_cortex.c.obj
                0x080013a4                HAL_NVIC_SetPriorityGrouping
                0x080013ba                HAL_NVIC_SetPriority
                0x080013f2                HAL_NVIC_EnableIRQ
                0x0800140e                HAL_NVIC_DisableIRQ
                0x0800142a                HAL_NVIC_SystemReset
                0x08001432                HAL_SYSTICK_Config
                0x0800144a                HAL_MPU_Disable
                0x08001478                HAL_MPU_Enable
                0x080014b8                HAL_MPU_EnableRegion
                0x080014e4                HAL_MPU_DisableRegion
                0x08001510                HAL_MPU_ConfigRegion
                0x08001590                HAL_CORTEX_ClearEvent
                0x080015a2                HAL_NVIC_GetPriorityGrouping
                0x080015b0                HAL_NVIC_GetPriority
                0x080015dc                HAL_NVIC_SetPendingIRQ
                0x080015f8                HAL_NVIC_GetPendingIRQ
                0x08001616                HAL_NVIC_ClearPendingIRQ
                0x08001632                HAL_NVIC_GetActive
                0x08001650                HAL_SYSTICK_CLKSourceConfig
                0x08001688                HAL_SYSTICK_IRQHandler
                0x08001694                HAL_SYSTICK_Callback
 .text          0x080016a4      0x190 CMakeFiles/bootloader.elf.dir/Drivers/STM32F4xx_HAL_Driver/Src/stm32f4xx_hal_crc.c.obj
                0x080016a4                HAL_CRC_Init
                0x080016dc                HAL_CRC_DeInit
                0x0800175e                HAL_CRC_Accumulate
                0x080017b4                HAL_CRC_Calculate
                0x0800181a                HAL_CRC_GetState
 .text          0x08001834      0xca0 CMakeFiles/bootloader.elf.dir/Drivers/STM32F4xx_HAL_Driver/Src/stm32f4xx_hal_dma.c.obj
                0x08001834                HAL_DMA_Init
                0x08001990                HAL_DMA_DeInit
                0x08001a4c                HAL_DMA_Start
                0x08001ac2                HAL_DMA_Start_IT
                0x08001b72                HAL_DMA_Abort
                0x08001c52                HAL_DMA_Abort_IT
                0x08001c96                HAL_DMA_PollForTransfer
                0x08001e54                HAL_DMA_IRQHandler
                0x08002168                HAL_DMA_RegisterCallback
                0x08002210                HAL_DMA_UnRegisterCallback
                0x080022e2                HAL_DMA_GetState
                0x080022fe                HAL_DMA_GetError
 .text          0x080024d4      0x640 CMakeFiles/bootloader.elf.dir/Drivers/STM32F4xx_HAL_Driver/Src/stm32f4xx_hal_gpio.c.obj
                0x080024d4                HAL_GPIO_Init
                0x080027fc                HAL_GPIO_DeInit
                0x080029e4                HAL_GPIO_ReadPin
                0x08002a14                HAL_GPIO_WritePin
                0x08002a46                HAL_GPIO_TogglePin
                0x08002a7a                HAL_GPIO_LockPin
                0x08002aca                HAL_GPIO_EXTI_IRQHandler
                0x08002afc                HAL_GPIO_EXTI_Callback
 .text          0x08002b14      0xc14 CMakeFiles/bootloader.elf.dir/Drivers/STM32F4xx_HAL_Driver/Src/stm32f4xx_hal_rcc.c.obj
                0x08003024                HAL_RCC_ClockConfig
                0x080031f0                HAL_RCC_MCOConfig
                0x080032c0                HAL_RCC_EnableCSS
                0x080032d8                HAL_RCC_DisableCSS
                0x080034fc                HAL_RCC_GetHCLKFreq
                0x08003514                HAL_RCC_GetPCLK1Freq
                0x0800353c                HAL_RCC_GetPCLK2Freq
                0x0800368c                HAL_RCC_GetClockConfig
                0x080036f0                HAL_RCC_NMI_IRQHandler
                0x08003718                HAL_RCC_CSSCallback
 .text          0x08003728     0x1b3c CMakeFiles/bootloader.elf.dir/Drivers/STM32F4xx_HAL_Driver/Src/stm32f4xx_hal_rcc_ex.c.obj
                0x08003728                HAL_RCCEx_PeriphCLKConfig
                0x08003d7c                HAL_RCCEx_GetPeriphCLKConfig
                0x08003f08                HAL_RCCEx_GetPeriphCLKFreq
                0x0800439c                HAL_RCCEx_SelectLSEMode
                0x080043d8                HAL_RCCEx_EnablePLLI2S
                0x08004478                HAL_RCCEx_DisablePLLI2S
                0x080044bc                HAL_RCCEx_EnablePLLSAI
                0x08004558                HAL_RCCEx_DisablePLLSAI
                0x080045a0                HAL_RCC_GetSysClockFreq
                0x08004a00                HAL_RCC_DeInit
                0x08004bf0                HAL_RCC_OscConfig
                0x0800512c                HAL_RCC_GetOscConfig
 .text          0x08005264     0x2dfc CMakeFiles/bootloader.elf.dir/Drivers/STM32F4xx_HAL_Driver/Src/stm32f4xx_hal_uart.c.obj
                0x08005264                HAL_UART_Init
                0x08005304                HAL_HalfDuplex_Init
                0x080053b4                HAL_LIN_Init
                0x08005486                HAL_MultiProcessor_Init
                0x0800556c                HAL_UART_DeInit
                0x080055f8                HAL_UART_Transmit
                0x0800570e                HAL_UART_Receive
                0x0800583c                HAL_UART_Transmit_IT
                0x080058a8                HAL_UART_Receive_IT
                0x080058f2                HAL_UART_Transmit_DMA
                0x080059e8                HAL_UART_Receive_DMA
                0x08005a32                HAL_UART_DMAPause
                0x08005b6c                HAL_UART_DMAResume
                0x08005c88                HAL_UART_DMAStop
                0x08005d86                HAL_UARTEx_ReceiveToIdle
                0x08005f2e                HAL_UARTEx_ReceiveToIdle_IT
                0x08005fe8                HAL_UARTEx_ReceiveToIdle_DMA
                0x0800609a                HAL_UARTEx_GetRxEventType
                0x080060b2                HAL_UART_Abort
                0x08006288                HAL_UART_AbortTransmit
                0x08006358                HAL_UART_AbortReceive
                0x0800649e                HAL_UART_Abort_IT
                0x080066c8                HAL_UART_AbortTransmit_IT
                0x080067b0                HAL_UART_AbortReceive_IT
                0x08006914                HAL_UART_IRQHandler
                0x08006e68                HAL_UART_TxCpltCallback
                0x08006e7c                HAL_UART_TxHalfCpltCallback
                0x08006e90                HAL_UART_RxCpltCallback
                0x08006ea4                HAL_UART_RxHalfCpltCallback
                0x08006eb8                HAL_UART_ErrorCallback
                0x08006ecc                HAL_UART_AbortCpltCallback
                0x08006ee0                HAL_UART_AbortTransmitCpltCallback
                0x08006ef4                HAL_UART_AbortReceiveCpltCallback
                0x08006f08                HAL_UARTEx_RxEventCallback
                0x08006f20                HAL_LIN_SendBreak
                0x08006f98                HAL_MultiProcessor_EnterMuteMode
                0x08007016                HAL_MultiProcessor_ExitMuteMode
                0x08007094                HAL_HalfDuplex_EnableTransmitter
                0x080070fc                HAL_HalfDuplex_EnableReceiver
                0x08007164                HAL_UART_GetState
                0x080071a0                HAL_UART_GetError
                0x0800751c                UART_Start_Receive_IT
                0x08007590                UART_Start_Receive_DMA
 .text          0x08008060       0xce CMakeFiles/bootloader.elf.dir/Drivers/STM32F4xx_HAL_Driver/Src/stm32f4xx_hal_wwdg.c.obj
                0x08008060                HAL_WWDG_Init
                0x080080bc                HAL_WWDG_Refresh
                0x080080dc                HAL_WWDG_IRQHandler
                0x0800811a                HAL_WWDG_EarlyWakeupCallback
 *fill*         0x0800812e        0x2 
 .text          0x08008130       0x30 c:/program files (x86)/gnu arm embedded toolchain/10 2021.10/bin/../lib/gcc/arm-none-eabi/10.3.1/thumb/v7e-m+fp/hard\libgcc.a(_aeabi_uldivmod.o)
                0x08008130                __aeabi_uldivmod
 .text          0x08008160      0x2d0 c:/program files (x86)/gnu arm embedded toolchain/10 2021.10/bin/../lib/gcc/arm-none-eabi/10.3.1/thumb/v7e-m+fp/hard\libgcc.a(_udivmoddi4.o)
                0x08008160                __udivmoddi4
 .text          0x08008430        0x4 c:/program files (x86)/gnu arm embedded toolchain/10 2021.10/bin/../lib/gcc/arm-none-eabi/10.3.1/thumb/v7e-m+fp/hard\libgcc.a(_dvmd_tls.o)
                0x08008430                __aeabi_idiv0
                0x08008430                __aeabi_ldiv0
 *fill*         0x08008434        0xc 
 .text          0x08008440       0xdc c:/program files (x86)/gnu arm embedded toolchain/10 2021.10/bin/../lib/gcc/arm-none-eabi/10.3.1/../../../../arm-none-eabi/lib/thumb/v7e-m+fp/hard\libc.a(lib_a-strlen.o)
                0x08008440                strlen
 *fill*         0x0800851c        0x4 
 .text          0x08008520       0xa0 c:/program files (x86)/gnu arm embedded toolchain/10 2021.10/bin/../lib/gcc/arm-none-eabi/10.3.1/../../../../arm-none-eabi/lib/thumb/v7e-m+fp/hard\libc.a(lib_a-memchr.o)
                0x08008520                memchr
 .text          0x080085c0      0x134 c:/program files (x86)/gnu arm embedded toolchain/10 2021.10/bin/../lib/gcc/arm-none-eabi/10.3.1/../../../../arm-none-eabi/lib/thumb/v7e-m+fp/hard\libc.a(lib_a-memcpy.o)
                0x080085c0                memcpy
 .text          0x080086f4      0x378 c:/program files (x86)/gnu arm embedded toolchain/10 2021.10/bin/../lib/gcc/arm-none-eabi/10.3.1/thumb/v7e-m+fp/hard\libgcc.a(_arm_addsubdf3.o)
                0x080086f4                __aeabi_drsub
                0x080086fc                __aeabi_dsub
                0x080086fc                __subdf3
                0x08008700                __aeabi_dadd
                0x08008700                __adddf3
                0x08008978                __floatunsidf
                0x08008978                __aeabi_ui2d
                0x08008998                __floatsidf
                0x08008998                __aeabi_i2d
                0x080089bc                __aeabi_f2d
                0x080089bc                __extendsfdf2
                0x08008a00                __floatundidf
                0x08008a00                __aeabi_ul2d
                0x08008a10                __floatdidf
                0x08008a10                __aeabi_l2d
 .text          0x08008a6c      0x424 c:/program files (x86)/gnu arm embedded toolchain/10 2021.10/bin/../lib/gcc/arm-none-eabi/10.3.1/thumb/v7e-m+fp/hard\libgcc.a(_arm_muldivdf3.o)
                0x08008a6c                __aeabi_dmul
                0x08008a6c                __muldf3
                0x08008cc0                __divdf3
                0x08008cc0                __aeabi_ddiv
 .text          0x08008e90      0x110 c:/program files (x86)/gnu arm embedded toolchain/10 2021.10/bin/../lib/gcc/arm-none-eabi/10.3.1/thumb/v7e-m+fp/hard\libgcc.a(_arm_cmpdf2.o)
                0x08008e90                __gtdf2
                0x08008e90                __gedf2
                0x08008e98                __ltdf2
                0x08008e98                __ledf2
                0x08008ea0                __nedf2
                0x08008ea0                __eqdf2
                0x08008ea0                __cmpdf2
                0x08008f1c                __aeabi_cdrcmple
                0x08008f2c                __aeabi_cdcmpeq
                0x08008f2c                __aeabi_cdcmple
                0x08008f3c                __aeabi_dcmpeq
                0x08008f50                __aeabi_dcmplt
                0x08008f64                __aeabi_dcmple
                0x08008f78                __aeabi_dcmpge
                0x08008f8c                __aeabi_dcmpgt
 .text          0x08008fa0       0x2c c:/program files (x86)/gnu arm embedded toolchain/10 2021.10/bin/../lib/gcc/arm-none-eabi/10.3.1/thumb/v7e-m+fp/hard\libgcc.a(_arm_unorddf2.o)
                0x08008fa0                __unorddf2
                0x08008fa0                __aeabi_dcmpun
 .text          0x08008fcc       0x50 c:/program files (x86)/gnu arm embedded toolchain/10 2021.10/bin/../lib/gcc/arm-none-eabi/10.3.1/thumb/v7e-m+fp/hard\libgcc.a(_arm_fixdfsi.o)
                0x08008fcc                __aeabi_d2iz
                0x08008fcc                __fixdfsi
 *(.text*)
 .text.Reset_Handler
                0x0800901c       0x50 CMakeFiles/bootloader.elf.dir/Core/Startup/startup_stm32f446retx.s.obj
                0x0800901c                Reset_Handler
 .text.Default_Handler
                0x0800906c        0x2 CMakeFiles/bootloader.elf.dir/Core/Startup/startup_stm32f446retx.s.obj
                0x0800906c                RTC_Alarm_IRQHandler
                0x0800906c                EXTI2_IRQHandler
                0x0800906c                TIM8_CC_IRQHandler
                0x0800906c                FMPI2C1_EV_IRQHandler
                0x0800906c                SPI4_IRQHandler
                0x0800906c                TIM1_CC_IRQHandler
                0x0800906c                DMA2_Stream5_IRQHandler
                0x0800906c                DMA1_Stream5_IRQHandler
                0x0800906c                PVD_IRQHandler
                0x0800906c                SDIO_IRQHandler
                0x0800906c                TAMP_STAMP_IRQHandler
                0x0800906c                CAN2_RX1_IRQHandler
                0x0800906c                EXTI3_IRQHandler
                0x0800906c                TIM8_TRG_COM_TIM14_IRQHandler
                0x0800906c                TIM1_UP_TIM10_IRQHandler
                0x0800906c                TIM8_UP_TIM13_IRQHandler
                0x0800906c                I2C3_ER_IRQHandler
                0x0800906c                EXTI0_IRQHandler
                0x0800906c                I2C2_EV_IRQHandler
                0x0800906c                DMA1_Stream2_IRQHandler
                0x0800906c                CAN1_RX0_IRQHandler
                0x0800906c                FPU_IRQHandler
                0x0800906c                OTG_HS_WKUP_IRQHandler
                0x0800906c                CAN2_SCE_IRQHandler
                0x0800906c                DMA2_Stream2_IRQHandler
                0x0800906c                SPI1_IRQHandler
                0x0800906c                TIM6_DAC_IRQHandler
                0x0800906c                TIM1_BRK_TIM9_IRQHandler
                0x0800906c                DCMI_IRQHandler
                0x0800906c                CAN2_RX0_IRQHandler
                0x0800906c                DMA2_Stream3_IRQHandler
                0x0800906c                SAI2_IRQHandler
                0x0800906c                USART6_IRQHandler
                0x0800906c                USART3_IRQHandler
                0x0800906c                CAN1_RX1_IRQHandler
                0x0800906c                UART5_IRQHandler
                0x0800906c                DMA2_Stream0_IRQHandler
                0x0800906c                TIM4_IRQHandler
                0x0800906c                QUADSPI_IRQHandler
                0x0800906c                I2C1_EV_IRQHandler
                0x0800906c                DMA1_Stream6_IRQHandler
                0x0800906c                DMA1_Stream1_IRQHandler
                0x0800906c                UART4_IRQHandler
                0x0800906c                TIM3_IRQHandler
                0x0800906c                RCC_IRQHandler
                0x0800906c                TIM8_BRK_TIM12_IRQHandler
                0x0800906c                Default_Handler
                0x0800906c                CEC_IRQHandler
                0x0800906c                EXTI15_10_IRQHandler
                0x0800906c                ADC_IRQHandler
                0x0800906c                DMA1_Stream7_IRQHandler
                0x0800906c                TIM7_IRQHandler
                0x0800906c                CAN2_TX_IRQHandler
                0x0800906c                TIM5_IRQHandler
                0x0800906c                DMA2_Stream7_IRQHandler
                0x0800906c                I2C3_EV_IRQHandler
                0x0800906c                EXTI9_5_IRQHandler
                0x0800906c                RTC_WKUP_IRQHandler
                0x0800906c                SPDIF_RX_IRQHandler
                0x0800906c                SPI2_IRQHandler
                0x0800906c                OTG_HS_EP1_IN_IRQHandler
                0x0800906c                DMA1_Stream0_IRQHandler
                0x0800906c                CAN1_TX_IRQHandler
                0x0800906c                FMPI2C1_ER_IRQHandler
                0x0800906c                EXTI4_IRQHandler
                0x0800906c                OTG_HS_EP1_OUT_IRQHandler
                0x0800906c                WWDG_IRQHandler
                0x0800906c                TIM2_IRQHandler
                0x0800906c                OTG_FS_WKUP_IRQHandler
                0x0800906c                TIM1_TRG_COM_TIM11_IRQHandler
                0x0800906c                OTG_HS_IRQHandler
                0x0800906c                EXTI1_IRQHandler
                0x0800906c                USART2_IRQHandler
                0x0800906c                I2C2_ER_IRQHandler
                0x0800906c                DMA2_Stream1_IRQHandler
                0x0800906c                CAN1_SCE_IRQHandler
                0x0800906c                FLASH_IRQHandler
                0x0800906c                DMA2_Stream4_IRQHandler
                0x0800906c                USART1_IRQHandler
                0x0800906c                OTG_FS_IRQHandler
                0x0800906c                SPI3_IRQHandler
                0x0800906c                DMA1_Stream4_IRQHandler
                0x0800906c                I2C1_ER_IRQHandler
                0x0800906c                FMC_IRQHandler
                0x0800906c                DMA2_Stream6_IRQHandler
                0x0800906c                SAI1_IRQHandler
                0x0800906c                DMA1_Stream3_IRQHandler
 *fill*         0x0800906e        0x2 
 .text.__errno  0x08009070        0xc c:/program files (x86)/gnu arm embedded toolchain/10 2021.10/bin/../lib/gcc/arm-none-eabi/10.3.1/../../../../arm-none-eabi/lib/thumb/v7e-m+fp/hard\libc.a(lib_a-errno.o)
                0x08009070                __errno
 .text.__libc_init_array
                0x0800907c       0x48 c:/program files (x86)/gnu arm embedded toolchain/10 2021.10/bin/../lib/gcc/arm-none-eabi/10.3.1/../../../../arm-none-eabi/lib/thumb/v7e-m+fp/hard\libc.a(lib_a-init.o)
                0x0800907c                __libc_init_array
 .text.memset   0x080090c4       0xa4 c:/program files (x86)/gnu arm embedded toolchain/10 2021.10/bin/../lib/gcc/arm-none-eabi/10.3.1/../../../../arm-none-eabi/lib/thumb/v7e-m+fp/hard\libc.a(lib_a-memset.o)
                0x080090c4                memset
 .text.printf   0x08009168       0x28 c:/program files (x86)/gnu arm embedded toolchain/10 2021.10/bin/../lib/gcc/arm-none-eabi/10.3.1/../../../../arm-none-eabi/lib/thumb/v7e-m+fp/hard\libc.a(lib_a-printf.o)
                0x08009168                printf
 .text._puts_r  0x08009190       0x9c c:/program files (x86)/gnu arm embedded toolchain/10 2021.10/bin/../lib/gcc/arm-none-eabi/10.3.1/../../../../arm-none-eabi/lib/thumb/v7e-m+fp/hard\libc.a(lib_a-puts.o)
                0x08009190                _puts_r
 .text.puts     0x0800922c       0x10 c:/program files (x86)/gnu arm embedded toolchain/10 2021.10/bin/../lib/gcc/arm-none-eabi/10.3.1/../../../../arm-none-eabi/lib/thumb/v7e-m+fp/hard\libc.a(lib_a-puts.o)
                0x0800922c                puts
 *fill*         0x0800923c        0x4 
 .text._vfprintf_r
                0x08009240     0x1b90 c:/program files (x86)/gnu arm embedded toolchain/10 2021.10/bin/../lib/gcc/arm-none-eabi/10.3.1/../../../../arm-none-eabi/lib/thumb/v7e-m+fp/hard\libc.a(lib_a-vfprintf.o)
                0x08009240                _vfprintf_r
 .text.__sbprintf
                0x0800add0       0x80 c:/program files (x86)/gnu arm embedded toolchain/10 2021.10/bin/../lib/gcc/arm-none-eabi/10.3.1/../../../../arm-none-eabi/lib/thumb/v7e-m+fp/hard\libc.a(lib_a-vfprintf.o)
 .text.__swsetup_r
                0x0800ae50       0xd4 c:/program files (x86)/gnu arm embedded toolchain/10 2021.10/bin/../lib/gcc/arm-none-eabi/10.3.1/../../../../arm-none-eabi/lib/thumb/v7e-m+fp/hard\libc.a(lib_a-wsetup.o)
                0x0800ae50                __swsetup_r
 .text.quorem   0x0800af24      0x128 c:/program files (x86)/gnu arm embedded toolchain/10 2021.10/bin/../lib/gcc/arm-none-eabi/10.3.1/../../../../arm-none-eabi/lib/thumb/v7e-m+fp/hard\libc.a(lib_a-dtoa.o)
 *fill*         0x0800b04c        0x4 
 .text._dtoa_r  0x0800b050      0xf3c c:/program files (x86)/gnu arm embedded toolchain/10 2021.10/bin/../lib/gcc/arm-none-eabi/10.3.1/../../../../arm-none-eabi/lib/thumb/v7e-m+fp/hard\libc.a(lib_a-dtoa.o)
                0x0800b050                _dtoa_r
 .text.__sflush_r
                0x0800bf8c      0x130 c:/program files (x86)/gnu arm embedded toolchain/10 2021.10/bin/../lib/gcc/arm-none-eabi/10.3.1/../../../../arm-none-eabi/lib/thumb/v7e-m+fp/hard\libc.a(lib_a-fflush.o)
                0x0800bf8c                __sflush_r
 .text._fflush_r
                0x0800c0bc       0x5c c:/program files (x86)/gnu arm embedded toolchain/10 2021.10/bin/../lib/gcc/arm-none-eabi/10.3.1/../../../../arm-none-eabi/lib/thumb/v7e-m+fp/hard\libc.a(lib_a-fflush.o)
                0x0800c0bc                _fflush_r
 .text._cleanup_r
                0x0800c118        0xc c:/program files (x86)/gnu arm embedded toolchain/10 2021.10/bin/../lib/gcc/arm-none-eabi/10.3.1/../../../../arm-none-eabi/lib/thumb/v7e-m+fp/hard\libc.a(lib_a-findfp.o)
                0x0800c118                _cleanup_r
 .text.__sinit  0x0800c124      0x10c c:/program files (x86)/gnu arm embedded toolchain/10 2021.10/bin/../lib/gcc/arm-none-eabi/10.3.1/../../../../arm-none-eabi/lib/thumb/v7e-m+fp/hard\libc.a(lib_a-findfp.o)
                0x0800c124                __sinit
 .text.__sfp_lock_acquire
                0x0800c230        0xc c:/program files (x86)/gnu arm embedded toolchain/10 2021.10/bin/../lib/gcc/arm-none-eabi/10.3.1/../../../../arm-none-eabi/lib/thumb/v7e-m+fp/hard\libc.a(lib_a-findfp.o)
                0x0800c230                __sfp_lock_acquire
 .text.__sfp_lock_release
                0x0800c23c        0xc c:/program files (x86)/gnu arm embedded toolchain/10 2021.10/bin/../lib/gcc/arm-none-eabi/10.3.1/../../../../arm-none-eabi/lib/thumb/v7e-m+fp/hard\libc.a(lib_a-findfp.o)
                0x0800c23c                __sfp_lock_release
 .text._malloc_trim_r
                0x0800c248       0xa0 c:/program files (x86)/gnu arm embedded toolchain/10 2021.10/bin/../lib/gcc/arm-none-eabi/10.3.1/../../../../arm-none-eabi/lib/thumb/v7e-m+fp/hard\libc.a(lib_a-freer.o)
                0x0800c248                _malloc_trim_r
 .text._free_r  0x0800c2e8      0x20c c:/program files (x86)/gnu arm embedded toolchain/10 2021.10/bin/../lib/gcc/arm-none-eabi/10.3.1/../../../../arm-none-eabi/lib/thumb/v7e-m+fp/hard\libc.a(lib_a-freer.o)
                0x0800c2e8                _free_r
 .text.__sfvwrite_r
                0x0800c4f4      0x2f0 c:/program files (x86)/gnu arm embedded toolchain/10 2021.10/bin/../lib/gcc/arm-none-eabi/10.3.1/../../../../arm-none-eabi/lib/thumb/v7e-m+fp/hard\libc.a(lib_a-fvwrite.o)
                0x0800c4f4                __sfvwrite_r
 .text._fwalk_reent
                0x0800c7e4       0x48 c:/program files (x86)/gnu arm embedded toolchain/10 2021.10/bin/../lib/gcc/arm-none-eabi/10.3.1/../../../../arm-none-eabi/lib/thumb/v7e-m+fp/hard\libc.a(lib_a-fwalk.o)
                0x0800c7e4                _fwalk_reent
 .text._localeconv_r
                0x0800c82c        0x8 c:/program files (x86)/gnu arm embedded toolchain/10 2021.10/bin/../lib/gcc/arm-none-eabi/10.3.1/../../../../arm-none-eabi/lib/thumb/v7e-m+fp/hard\libc.a(lib_a-localeconv.o)
                0x0800c82c                _localeconv_r
 .text.__retarget_lock_init_recursive
                0x0800c834        0x4 c:/program files (x86)/gnu arm embedded toolchain/10 2021.10/bin/../lib/gcc/arm-none-eabi/10.3.1/../../../../arm-none-eabi/lib/thumb/v7e-m+fp/hard\libc.a(lib_a-lock.o)
                0x0800c834                __retarget_lock_init_recursive
 .text.__retarget_lock_close_recursive
                0x0800c838        0x4 c:/program files (x86)/gnu arm embedded toolchain/10 2021.10/bin/../lib/gcc/arm-none-eabi/10.3.1/../../../../arm-none-eabi/lib/thumb/v7e-m+fp/hard\libc.a(lib_a-lock.o)
                0x0800c838                __retarget_lock_close_recursive
 .text.__retarget_lock_acquire_recursive
                0x0800c83c        0x4 c:/program files (x86)/gnu arm embedded toolchain/10 2021.10/bin/../lib/gcc/arm-none-eabi/10.3.1/../../../../arm-none-eabi/lib/thumb/v7e-m+fp/hard\libc.a(lib_a-lock.o)
                0x0800c83c                __retarget_lock_acquire_recursive
 .text.__retarget_lock_release_recursive
                0x0800c840        0x4 c:/program files (x86)/gnu arm embedded toolchain/10 2021.10/bin/../lib/gcc/arm-none-eabi/10.3.1/../../../../arm-none-eabi/lib/thumb/v7e-m+fp/hard\libc.a(lib_a-lock.o)
                0x0800c840                __retarget_lock_release_recursive
 .text.__smakebuf_r
                0x0800c844       0xe0 c:/program files (x86)/gnu arm embedded toolchain/10 2021.10/bin/../lib/gcc/arm-none-eabi/10.3.1/../../../../arm-none-eabi/lib/thumb/v7e-m+fp/hard\libc.a(lib_a-makebuf.o)
                0x0800c844                __smakebuf_r
 .text._malloc_r
                0x0800c924      0x560 c:/program files (x86)/gnu arm embedded toolchain/10 2021.10/bin/../lib/gcc/arm-none-eabi/10.3.1/../../../../arm-none-eabi/lib/thumb/v7e-m+fp/hard\libc.a(lib_a-mallocr.o)
                0x0800c924                _malloc_r
 .text.memmove  0x0800ce84       0xf8 c:/program files (x86)/gnu arm embedded toolchain/10 2021.10/bin/../lib/gcc/arm-none-eabi/10.3.1/../../../../arm-none-eabi/lib/thumb/v7e-m+fp/hard\libc.a(lib_a-memmove.o)
                0x0800ce84                memmove
 .text.__malloc_lock
                0x0800cf7c        0xc c:/program files (x86)/gnu arm embedded toolchain/10 2021.10/bin/../lib/gcc/arm-none-eabi/10.3.1/../../../../arm-none-eabi/lib/thumb/v7e-m+fp/hard\libc.a(lib_a-mlock.o)
                0x0800cf7c                __malloc_lock
 .text.__malloc_unlock
                0x0800cf88        0xc c:/program files (x86)/gnu arm embedded toolchain/10 2021.10/bin/../lib/gcc/arm-none-eabi/10.3.1/../../../../arm-none-eabi/lib/thumb/v7e-m+fp/hard\libc.a(lib_a-mlock.o)
                0x0800cf88                __malloc_unlock
 .text._Balloc  0x0800cf94       0x4c c:/program files (x86)/gnu arm embedded toolchain/10 2021.10/bin/../lib/gcc/arm-none-eabi/10.3.1/../../../../arm-none-eabi/lib/thumb/v7e-m+fp/hard\libc.a(lib_a-mprec.o)
                0x0800cf94                _Balloc
 .text._Bfree   0x0800cfe0       0x14 c:/program files (x86)/gnu arm embedded toolchain/10 2021.10/bin/../lib/gcc/arm-none-eabi/10.3.1/../../../../arm-none-eabi/lib/thumb/v7e-m+fp/hard\libc.a(lib_a-mprec.o)
                0x0800cfe0                _Bfree
 .text.__multadd
                0x0800cff4       0xa8 c:/program files (x86)/gnu arm embedded toolchain/10 2021.10/bin/../lib/gcc/arm-none-eabi/10.3.1/../../../../arm-none-eabi/lib/thumb/v7e-m+fp/hard\libc.a(lib_a-mprec.o)
                0x0800cff4                __multadd
 .text.__hi0bits
                0x0800d09c       0x40 c:/program files (x86)/gnu arm embedded toolchain/10 2021.10/bin/../lib/gcc/arm-none-eabi/10.3.1/../../../../arm-none-eabi/lib/thumb/v7e-m+fp/hard\libc.a(lib_a-mprec.o)
                0x0800d09c                __hi0bits
 .text.__lo0bits
                0x0800d0dc       0x60 c:/program files (x86)/gnu arm embedded toolchain/10 2021.10/bin/../lib/gcc/arm-none-eabi/10.3.1/../../../../arm-none-eabi/lib/thumb/v7e-m+fp/hard\libc.a(lib_a-mprec.o)
                0x0800d0dc                __lo0bits
 .text.__i2b    0x0800d13c       0x5c c:/program files (x86)/gnu arm embedded toolchain/10 2021.10/bin/../lib/gcc/arm-none-eabi/10.3.1/../../../../arm-none-eabi/lib/thumb/v7e-m+fp/hard\libc.a(lib_a-mprec.o)
                0x0800d13c                __i2b
 .text.__multiply
                0x0800d198      0x15c c:/program files (x86)/gnu arm embedded toolchain/10 2021.10/bin/../lib/gcc/arm-none-eabi/10.3.1/../../../../arm-none-eabi/lib/thumb/v7e-m+fp/hard\libc.a(lib_a-mprec.o)
                0x0800d198                __multiply
 .text.__pow5mult
                0x0800d2f4       0xc0 c:/program files (x86)/gnu arm embedded toolchain/10 2021.10/bin/../lib/gcc/arm-none-eabi/10.3.1/../../../../arm-none-eabi/lib/thumb/v7e-m+fp/hard\libc.a(lib_a-mprec.o)
                0x0800d2f4                __pow5mult
 .text.__lshift
                0x0800d3b4       0xf0 c:/program files (x86)/gnu arm embedded toolchain/10 2021.10/bin/../lib/gcc/arm-none-eabi/10.3.1/../../../../arm-none-eabi/lib/thumb/v7e-m+fp/hard\libc.a(lib_a-mprec.o)
                0x0800d3b4                __lshift
 .text.__mcmp   0x0800d4a4       0x44 c:/program files (x86)/gnu arm embedded toolchain/10 2021.10/bin/../lib/gcc/arm-none-eabi/10.3.1/../../../../arm-none-eabi/lib/thumb/v7e-m+fp/hard\libc.a(lib_a-mprec.o)
                0x0800d4a4                __mcmp
 .text.__mdiff  0x0800d4e8      0x14c c:/program files (x86)/gnu arm embedded toolchain/10 2021.10/bin/../lib/gcc/arm-none-eabi/10.3.1/../../../../arm-none-eabi/lib/thumb/v7e-m+fp/hard\libc.a(lib_a-mprec.o)
                0x0800d4e8                __mdiff
 .text.__d2b    0x0800d634       0xd0 c:/program files (x86)/gnu arm embedded toolchain/10 2021.10/bin/../lib/gcc/arm-none-eabi/10.3.1/../../../../arm-none-eabi/lib/thumb/v7e-m+fp/hard\libc.a(lib_a-mprec.o)
                0x0800d634                __d2b
 .text._realloc_r
                0x0800d704      0x3d8 c:/program files (x86)/gnu arm embedded toolchain/10 2021.10/bin/../lib/gcc/arm-none-eabi/10.3.1/../../../../arm-none-eabi/lib/thumb/v7e-m+fp/hard\libc.a(lib_a-reallocr.o)
                0x0800d704                _realloc_r
 .text.frexp    0x0800dadc       0x6c c:/program files (x86)/gnu arm embedded toolchain/10 2021.10/bin/../lib/gcc/arm-none-eabi/10.3.1/../../../../arm-none-eabi/lib/thumb/v7e-m+fp/hard\libc.a(lib_a-s_frexp.o)
                0x0800dadc                frexp
 .text._sbrk_r  0x0800db48       0x24 c:/program files (x86)/gnu arm embedded toolchain/10 2021.10/bin/../lib/gcc/arm-none-eabi/10.3.1/../../../../arm-none-eabi/lib/thumb/v7e-m+fp/hard\libc.a(lib_a-sbrkr.o)
                0x0800db48                _sbrk_r
 .text.__sread  0x0800db6c       0x24 c:/program files (x86)/gnu arm embedded toolchain/10 2021.10/bin/../lib/gcc/arm-none-eabi/10.3.1/../../../../arm-none-eabi/lib/thumb/v7e-m+fp/hard\libc.a(lib_a-stdio.o)
                0x0800db6c                __sread
 .text.__swrite
                0x0800db90       0x40 c:/program files (x86)/gnu arm embedded toolchain/10 2021.10/bin/../lib/gcc/arm-none-eabi/10.3.1/../../../../arm-none-eabi/lib/thumb/v7e-m+fp/hard\libc.a(lib_a-stdio.o)
                0x0800db90                __swrite
 .text.__sseek  0x0800dbd0       0x20 c:/program files (x86)/gnu arm embedded toolchain/10 2021.10/bin/../lib/gcc/arm-none-eabi/10.3.1/../../../../arm-none-eabi/lib/thumb/v7e-m+fp/hard\libc.a(lib_a-stdio.o)
                0x0800dbd0                __sseek
 .text.__sclose
                0x0800dbf0        0x8 c:/program files (x86)/gnu arm embedded toolchain/10 2021.10/bin/../lib/gcc/arm-none-eabi/10.3.1/../../../../arm-none-eabi/lib/thumb/v7e-m+fp/hard\libc.a(lib_a-stdio.o)
                0x0800dbf0                __sclose
 .text.strncpy  0x0800dbf8       0x64 c:/program files (x86)/gnu arm embedded toolchain/10 2021.10/bin/../lib/gcc/arm-none-eabi/10.3.1/../../../../arm-none-eabi/lib/thumb/v7e-m+fp/hard\libc.a(lib_a-strncpy.o)
                0x0800dbf8                strncpy
 .text.__sprint_r.part.0
                0x0800dc5c       0x78 c:/program files (x86)/gnu arm embedded toolchain/10 2021.10/bin/../lib/gcc/arm-none-eabi/10.3.1/../../../../arm-none-eabi/lib/thumb/v7e-m+fp/hard\libc.a(lib_a-vfiprintf.o)
 .text.__sprint_r
                0x0800dcd4       0x18 c:/program files (x86)/gnu arm embedded toolchain/10 2021.10/bin/../lib/gcc/arm-none-eabi/10.3.1/../../../../arm-none-eabi/lib/thumb/v7e-m+fp/hard\libc.a(lib_a-vfiprintf.o)
                0x0800dcd4                __sprint_r
 .text._vfiprintf_r
                0x0800dcec      0xdfc c:/program files (x86)/gnu arm embedded toolchain/10 2021.10/bin/../lib/gcc/arm-none-eabi/10.3.1/../../../../arm-none-eabi/lib/thumb/v7e-m+fp/hard\libc.a(lib_a-vfiprintf.o)
                0x0800dcec                _vfiprintf_r
 .text.__sbprintf
                0x0800eae8       0x80 c:/program files (x86)/gnu arm embedded toolchain/10 2021.10/bin/../lib/gcc/arm-none-eabi/10.3.1/../../../../arm-none-eabi/lib/thumb/v7e-m+fp/hard\libc.a(lib_a-vfiprintf.o)
 .text._write_r
                0x0800eb68       0x2c c:/program files (x86)/gnu arm embedded toolchain/10 2021.10/bin/../lib/gcc/arm-none-eabi/10.3.1/../../../../arm-none-eabi/lib/thumb/v7e-m+fp/hard\libc.a(lib_a-writer.o)
                0x0800eb68                _write_r
 .text.__assert_func
                0x0800eb94       0x40 c:/program files (x86)/gnu arm embedded toolchain/10 2021.10/bin/../lib/gcc/arm-none-eabi/10.3.1/../../../../arm-none-eabi/lib/thumb/v7e-m+fp/hard\libc.a(lib_a-assert.o)
                0x0800eb94                __assert_func
 .text._calloc_r
                0x0800ebd4       0x78 c:/program files (x86)/gnu arm embedded toolchain/10 2021.10/bin/../lib/gcc/arm-none-eabi/10.3.1/../../../../arm-none-eabi/lib/thumb/v7e-m+fp/hard\libc.a(lib_a-callocr.o)
                0x0800ebd4                _calloc_r
 .text._close_r
                0x0800ec4c       0x24 c:/program files (x86)/gnu arm embedded toolchain/10 2021.10/bin/../lib/gcc/arm-none-eabi/10.3.1/../../../../arm-none-eabi/lib/thumb/v7e-m+fp/hard\libc.a(lib_a-closer.o)
                0x0800ec4c                _close_r
 .text._fclose_r
                0x0800ec70       0xcc c:/program files (x86)/gnu arm embedded toolchain/10 2021.10/bin/../lib/gcc/arm-none-eabi/10.3.1/../../../../arm-none-eabi/lib/thumb/v7e-m+fp/hard\libc.a(lib_a-fclose.o)
                0x0800ec70                _fclose_r
 .text.fiprintf
                0x0800ed3c       0x28 c:/program files (x86)/gnu arm embedded toolchain/10 2021.10/bin/../lib/gcc/arm-none-eabi/10.3.1/../../../../arm-none-eabi/lib/thumb/v7e-m+fp/hard\libc.a(lib_a-fiprintf.o)
                0x0800ed3c                fiprintf
 .text.__fputwc
                0x0800ed64       0xa8 c:/program files (x86)/gnu arm embedded toolchain/10 2021.10/bin/../lib/gcc/arm-none-eabi/10.3.1/../../../../arm-none-eabi/lib/thumb/v7e-m+fp/hard\libc.a(lib_a-fputwc.o)
                0x0800ed64                __fputwc
 .text._fputwc_r
                0x0800ee0c       0x68 c:/program files (x86)/gnu arm embedded toolchain/10 2021.10/bin/../lib/gcc/arm-none-eabi/10.3.1/../../../../arm-none-eabi/lib/thumb/v7e-m+fp/hard\libc.a(lib_a-fputwc.o)
                0x0800ee0c                _fputwc_r
 .text._fstat_r
                0x0800ee74       0x2c c:/program files (x86)/gnu arm embedded toolchain/10 2021.10/bin/../lib/gcc/arm-none-eabi/10.3.1/../../../../arm-none-eabi/lib/thumb/v7e-m+fp/hard\libc.a(lib_a-fstatr.o)
                0x0800ee74                _fstat_r
 .text._isatty_r
                0x0800eea0       0x24 c:/program files (x86)/gnu arm embedded toolchain/10 2021.10/bin/../lib/gcc/arm-none-eabi/10.3.1/../../../../arm-none-eabi/lib/thumb/v7e-m+fp/hard\libc.a(lib_a-isattyr.o)
                0x0800eea0                _isatty_r
 .text.__locale_mb_cur_max
                0x0800eec4        0xc c:/program files (x86)/gnu arm embedded toolchain/10 2021.10/bin/../lib/gcc/arm-none-eabi/10.3.1/../../../../arm-none-eabi/lib/thumb/v7e-m+fp/hard\libc.a(lib_a-locale.o)
                0x0800eec4                __locale_mb_cur_max
 .text._lseek_r
                0x0800eed0       0x2c c:/program files (x86)/gnu arm embedded toolchain/10 2021.10/bin/../lib/gcc/arm-none-eabi/10.3.1/../../../../arm-none-eabi/lib/thumb/v7e-m+fp/hard\libc.a(lib_a-lseekr.o)
                0x0800eed0                _lseek_r
 .text.__ascii_mbtowc
                0x0800eefc       0x2c c:/program files (x86)/gnu arm embedded toolchain/10 2021.10/bin/../lib/gcc/arm-none-eabi/10.3.1/../../../../arm-none-eabi/lib/thumb/v7e-m+fp/hard\libc.a(lib_a-mbtowc_r.o)
                0x0800eefc                __ascii_mbtowc
 .text._read_r  0x0800ef28       0x2c c:/program files (x86)/gnu arm embedded toolchain/10 2021.10/bin/../lib/gcc/arm-none-eabi/10.3.1/../../../../arm-none-eabi/lib/thumb/v7e-m+fp/hard\libc.a(lib_a-readr.o)
                0x0800ef28                _read_r
 .text.__swbuf_r
                0x0800ef54       0xb0 c:/program files (x86)/gnu arm embedded toolchain/10 2021.10/bin/../lib/gcc/arm-none-eabi/10.3.1/../../../../arm-none-eabi/lib/thumb/v7e-m+fp/hard\libc.a(lib_a-wbuf.o)
                0x0800ef54                __swbuf_r
 .text._wcrtomb_r
                0x0800f004       0x3c c:/program files (x86)/gnu arm embedded toolchain/10 2021.10/bin/../lib/gcc/arm-none-eabi/10.3.1/../../../../arm-none-eabi/lib/thumb/v7e-m+fp/hard\libc.a(lib_a-wcrtomb.o)
                0x0800f004                _wcrtomb_r
 .text.__ascii_wctomb
                0x0800f040       0x1c c:/program files (x86)/gnu arm embedded toolchain/10 2021.10/bin/../lib/gcc/arm-none-eabi/10.3.1/../../../../arm-none-eabi/lib/thumb/v7e-m+fp/hard\libc.a(lib_a-wctomb_r.o)
                0x0800f040                __ascii_wctomb
 .text.abort    0x0800f05c       0x10 c:/program files (x86)/gnu arm embedded toolchain/10 2021.10/bin/../lib/gcc/arm-none-eabi/10.3.1/../../../../arm-none-eabi/lib/thumb/v7e-m+fp/hard\libc.a(lib_a-abort.o)
                0x0800f05c                abort
 .text.raise    0x0800f06c       0x5c c:/program files (x86)/gnu arm embedded toolchain/10 2021.10/bin/../lib/gcc/arm-none-eabi/10.3.1/../../../../arm-none-eabi/lib/thumb/v7e-m+fp/hard\libc.a(lib_a-signal.o)
                0x0800f06c                raise
 .text._kill_r  0x0800f0c8       0x2c c:/program files (x86)/gnu arm embedded toolchain/10 2021.10/bin/../lib/gcc/arm-none-eabi/10.3.1/../../../../arm-none-eabi/lib/thumb/v7e-m+fp/hard\libc.a(lib_a-signalr.o)
                0x0800f0c8                _kill_r
 .text._getpid_r
                0x0800f0f4        0x4 c:/program files (x86)/gnu arm embedded toolchain/10 2021.10/bin/../lib/gcc/arm-none-eabi/10.3.1/../../../../arm-none-eabi/lib/thumb/v7e-m+fp/hard\libc.a(lib_a-signalr.o)
                0x0800f0f4                _getpid_r
 *(.glue_7)
 .glue_7        0x0800f0f8        0x0 linker stubs
 *(.glue_7t)
 .glue_7t       0x0800f0f8        0x0 linker stubs
 *(.eh_frame)
 *(.init)
 .init          0x0800f0f8        0x4 c:/program files (x86)/gnu arm embedded toolchain/10 2021.10/bin/../lib/gcc/arm-none-eabi/10.3.1/thumb/v7e-m+fp/hard/crti.o
                0x0800f0f8                _init
 .init          0x0800f0fc        0x8 c:/program files (x86)/gnu arm embedded toolchain/10 2021.10/bin/../lib/gcc/arm-none-eabi/10.3.1/thumb/v7e-m+fp/hard/crtn.o
 *(.fini)
 .fini          0x0800f104        0x4 c:/program files (x86)/gnu arm embedded toolchain/10 2021.10/bin/../lib/gcc/arm-none-eabi/10.3.1/thumb/v7e-m+fp/hard/crti.o
                0x0800f104                _fini
 .fini          0x0800f108        0x8 c:/program files (x86)/gnu arm embedded toolchain/10 2021.10/bin/../lib/gcc/arm-none-eabi/10.3.1/thumb/v7e-m+fp/hard/crtn.o
                0x0800f110                . = ALIGN (0x4)
                0x0800f110                _etext = .

.vfp11_veneer   0x0800f110        0x0
 .vfp11_veneer  0x0800f110        0x0 linker stubs

.v4_bx          0x0800f110        0x0
 .v4_bx         0x0800f110        0x0 linker stubs

.iplt           0x0800f110        0x0
 .iplt          0x0800f110        0x0 CMakeFiles/bootloader.elf.dir/Core/Src/main.c.obj

.rodata         0x0800f110      0x488
                0x0800f110                . = ALIGN (0x4)
 *(.rodata)
 .rodata        0x0800f110       0x6c CMakeFiles/bootloader.elf.dir/Core/Src/main.c.obj
 .rodata        0x0800f17c       0x18 CMakeFiles/bootloader.elf.dir/Core/Src/system_stm32f4xx.c.obj
                0x0800f17c                AHBPrescTable
                0x0800f18c                APBPrescTable
 .rodata        0x0800f194        0x8 CMakeFiles/bootloader.elf.dir/Drivers/STM32F4xx_HAL_Driver/Src/stm32f4xx_hal_dma.c.obj
 *(.rodata*)
 .rodata._puts_r.str1.4
                0x0800f19c        0x2 c:/program files (x86)/gnu arm embedded toolchain/10 2021.10/bin/../lib/gcc/arm-none-eabi/10.3.1/../../../../arm-none-eabi/lib/thumb/v7e-m+fp/hard\libc.a(lib_a-puts.o)
 *fill*         0x0800f19e        0x2 
 .rodata._vfprintf_r.str1.4
                0x0800f1a0       0x42 c:/program files (x86)/gnu arm embedded toolchain/10 2021.10/bin/../lib/gcc/arm-none-eabi/10.3.1/../../../../arm-none-eabi/lib/thumb/v7e-m+fp/hard\libc.a(lib_a-vfprintf.o)
 *fill*         0x0800f1e2        0x2 
 .rodata.blanks.1
                0x0800f1e4       0x10 c:/program files (x86)/gnu arm embedded toolchain/10 2021.10/bin/../lib/gcc/arm-none-eabi/10.3.1/../../../../arm-none-eabi/lib/thumb/v7e-m+fp/hard\libc.a(lib_a-vfprintf.o)
 .rodata.zeroes.0
                0x0800f1f4       0x10 c:/program files (x86)/gnu arm embedded toolchain/10 2021.10/bin/../lib/gcc/arm-none-eabi/10.3.1/../../../../arm-none-eabi/lib/thumb/v7e-m+fp/hard\libc.a(lib_a-vfprintf.o)
 .rodata._dtoa_r.str1.4
                0x0800f204       0xa2 c:/program files (x86)/gnu arm embedded toolchain/10 2021.10/bin/../lib/gcc/arm-none-eabi/10.3.1/../../../../arm-none-eabi/lib/thumb/v7e-m+fp/hard\libc.a(lib_a-dtoa.o)
                                 0xa6 (size before relaxing)
 *fill*         0x0800f2a6        0x2 
 .rodata.__multadd.str1.4
                0x0800f2a8       0x7f c:/program files (x86)/gnu arm embedded toolchain/10 2021.10/bin/../lib/gcc/arm-none-eabi/10.3.1/../../../../arm-none-eabi/lib/thumb/v7e-m+fp/hard\libc.a(lib_a-mprec.o)
                                 0x93 (size before relaxing)
 *fill*         0x0800f327        0x1 
 .rodata.__mprec_bigtens
                0x0800f328       0x28 c:/program files (x86)/gnu arm embedded toolchain/10 2021.10/bin/../lib/gcc/arm-none-eabi/10.3.1/../../../../arm-none-eabi/lib/thumb/v7e-m+fp/hard\libc.a(lib_a-mprec.o)
                0x0800f328                __mprec_bigtens
 .rodata.__mprec_tens
                0x0800f350       0xc8 c:/program files (x86)/gnu arm embedded toolchain/10 2021.10/bin/../lib/gcc/arm-none-eabi/10.3.1/../../../../arm-none-eabi/lib/thumb/v7e-m+fp/hard\libc.a(lib_a-mprec.o)
                0x0800f350                __mprec_tens
 .rodata.p05.0  0x0800f418        0xc c:/program files (x86)/gnu arm embedded toolchain/10 2021.10/bin/../lib/gcc/arm-none-eabi/10.3.1/../../../../arm-none-eabi/lib/thumb/v7e-m+fp/hard\libc.a(lib_a-mprec.o)
 .rodata._vfiprintf_r.str1.4
                0x0800f424       0x2f c:/program files (x86)/gnu arm embedded toolchain/10 2021.10/bin/../lib/gcc/arm-none-eabi/10.3.1/../../../../arm-none-eabi/lib/thumb/v7e-m+fp/hard\libc.a(lib_a-vfiprintf.o)
 .rodata.blanks.1
                0x0800f424       0x10 c:/program files (x86)/gnu arm embedded toolchain/10 2021.10/bin/../lib/gcc/arm-none-eabi/10.3.1/../../../../arm-none-eabi/lib/thumb/v7e-m+fp/hard\libc.a(lib_a-vfiprintf.o)
 .rodata.zeroes.0
                0x0800f434       0x10 c:/program files (x86)/gnu arm embedded toolchain/10 2021.10/bin/../lib/gcc/arm-none-eabi/10.3.1/../../../../arm-none-eabi/lib/thumb/v7e-m+fp/hard\libc.a(lib_a-vfiprintf.o)
 .rodata.__assert_func.str1.4
                0x0800f444       0x3f c:/program files (x86)/gnu arm embedded toolchain/10 2021.10/bin/../lib/gcc/arm-none-eabi/10.3.1/../../../../arm-none-eabi/lib/thumb/v7e-m+fp/hard\libc.a(lib_a-assert.o)
                                 0x43 (size before relaxing)
 *fill*         0x0800f483        0x1 
 .rodata._setlocale_r.str1.4
                0x0800f484        0xa c:/program files (x86)/gnu arm embedded toolchain/10 2021.10/bin/../lib/gcc/arm-none-eabi/10.3.1/../../../../arm-none-eabi/lib/thumb/v7e-m+fp/hard\libc.a(lib_a-locale.o)
                                  0xd (size before relaxing)
 *fill*         0x0800f48e        0x2 
 .rodata.str1.4
                0x0800f490        0x2 c:/program files (x86)/gnu arm embedded toolchain/10 2021.10/bin/../lib/gcc/arm-none-eabi/10.3.1/../../../../arm-none-eabi/lib/thumb/v7e-m+fp/hard\libc.a(lib_a-locale.o)
 *fill*         0x0800f492        0x2 
 .rodata._ctype_
                0x0800f494      0x101 c:/program files (x86)/gnu arm embedded toolchain/10 2021.10/bin/../lib/gcc/arm-none-eabi/10.3.1/../../../../arm-none-eabi/lib/thumb/v7e-m+fp/hard\libc.a(lib_a-ctype_.o)
                0x0800f494                _ctype_
                0x0800f598                . = ALIGN (0x4)
 *fill*         0x0800f595        0x3 
                0x0800f5a0                _sidata = LOADADDR (.data)

.ARM.exidx      0x0800f598        0x8
 .ARM.exidx     0x0800f598        0x8 c:/program files (x86)/gnu arm embedded toolchain/10 2021.10/bin/../lib/gcc/arm-none-eabi/10.3.1/thumb/v7e-m+fp/hard\libgcc.a(_udivmoddi4.o)

.rel.dyn        0x0800f5a0        0x0
 .rel.iplt      0x0800f5a0        0x0 CMakeFiles/bootloader.elf.dir/Core/Src/main.c.obj

.data           0x20000000      0x9b4 load address 0x0800f5a0
                0x20000000                . = ALIGN (0x4)
                0x20000000                _sdata = .
 *(.data)
 .data          0x20000000        0x4 CMakeFiles/bootloader.elf.dir/Core/Src/system_stm32f4xx.c.obj
                0x20000000                SystemCoreClock
 .data          0x20000004        0x5 CMakeFiles/bootloader.elf.dir/Drivers/STM32F4xx_HAL_Driver/Src/stm32f4xx_hal.c.obj
                0x20000004                uwTickPrio
                0x20000008                uwTickFreq
 *(.data*)
 *fill*         0x20000009        0x3 
 .data._impure_ptr
                0x2000000c        0x4 c:/program files (x86)/gnu arm embedded toolchain/10 2021.10/bin/../lib/gcc/arm-none-eabi/10.3.1/../../../../arm-none-eabi/lib/thumb/v7e-m+fp/hard\libc.a(lib_a-impure.o)
                0x2000000c                _impure_ptr
 .data.impure_data
                0x20000010      0x428 c:/program files (x86)/gnu arm embedded toolchain/10 2021.10/bin/../lib/gcc/arm-none-eabi/10.3.1/../../../../arm-none-eabi/lib/thumb/v7e-m+fp/hard\libc.a(lib_a-impure.o)
 .data.__malloc_av_
                0x20000438      0x408 c:/program files (x86)/gnu arm embedded toolchain/10 2021.10/bin/../lib/gcc/arm-none-eabi/10.3.1/../../../../arm-none-eabi/lib/thumb/v7e-m+fp/hard\libc.a(lib_a-mallocr.o)
                0x20000438                __malloc_av_
 .data.__malloc_sbrk_base
                0x20000840        0x4 c:/program files (x86)/gnu arm embedded toolchain/10 2021.10/bin/../lib/gcc/arm-none-eabi/10.3.1/../../../../arm-none-eabi/lib/thumb/v7e-m+fp/hard\libc.a(lib_a-mallocr.o)
                0x20000840                __malloc_sbrk_base
 .data.__malloc_trim_threshold
                0x20000844        0x4 c:/program files (x86)/gnu arm embedded toolchain/10 2021.10/bin/../lib/gcc/arm-none-eabi/10.3.1/../../../../arm-none-eabi/lib/thumb/v7e-m+fp/hard\libc.a(lib_a-mallocr.o)
                0x20000844                __malloc_trim_threshold
 .data.__global_locale
                0x20000848      0x16c c:/program files (x86)/gnu arm embedded toolchain/10 2021.10/bin/../lib/gcc/arm-none-eabi/10.3.1/../../../../arm-none-eabi/lib/thumb/v7e-m+fp/hard\libc.a(lib_a-locale.o)
                0x20000848                __global_locale
                0x200009b4                . = ALIGN (0x4)
                0x200009b4                _edata = .

.igot.plt       0x200009b4        0x0 load address 0x0800ff54
 .igot.plt      0x200009b4        0x0 CMakeFiles/bootloader.elf.dir/Core/Src/main.c.obj

.bss            0x200009b4       0xcc load address 0x0800ff54
                0x200009b4                . = ALIGN (0x4)
                0x200009b4                _sbss = .
 *(.bss)
 .bss           0x200009b4       0x64 CMakeFiles/bootloader.elf.dir/Core/Src/main.c.obj
                0x200009b4                hcrc
                0x200009bc                huart2
                0x20000a04                hwwdg
 .bss           0x20000a18       0x1c CMakeFiles/bootloader.elf.dir/Core/Src/boot_metadata.c.obj
                0x20000a18                boot_meta
 .bss           0x20000a34        0x4 CMakeFiles/bootloader.elf.dir/Core/Src/sysmem.c.obj
 .bss           0x20000a38        0x4 CMakeFiles/bootloader.elf.dir/Drivers/STM32F4xx_HAL_Driver/Src/stm32f4xx_hal.c.obj
                0x20000a38                uwTick
 *(.bss*)
 .bss.__lock___malloc_recursive_mutex
                0x20000a3c        0x1 c:/program files (x86)/gnu arm embedded toolchain/10 2021.10/bin/../lib/gcc/arm-none-eabi/10.3.1/../../../../arm-none-eabi/lib/thumb/v7e-m+fp/hard\libc.a(lib_a-lock.o)
                0x20000a3c                __lock___malloc_recursive_mutex
 *fill*         0x20000a3d        0x3 
 .bss.__lock___sfp_recursive_mutex
                0x20000a40        0x1 c:/program files (x86)/gnu arm embedded toolchain/10 2021.10/bin/../lib/gcc/arm-none-eabi/10.3.1/../../../../arm-none-eabi/lib/thumb/v7e-m+fp/hard\libc.a(lib_a-lock.o)
                0x20000a40                __lock___sfp_recursive_mutex
 *fill*         0x20000a41        0x3 
 .bss.__lock___sinit_recursive_mutex
                0x20000a44        0x1 c:/program files (x86)/gnu arm embedded toolchain/10 2021.10/bin/../lib/gcc/arm-none-eabi/10.3.1/../../../../arm-none-eabi/lib/thumb/v7e-m+fp/hard\libc.a(lib_a-lock.o)
                0x20000a44                __lock___sinit_recursive_mutex
 *fill*         0x20000a45        0x3 
 .bss.__malloc_current_mallinfo
                0x20000a48       0x28 c:/program files (x86)/gnu arm embedded toolchain/10 2021.10/bin/../lib/gcc/arm-none-eabi/10.3.1/../../../../arm-none-eabi/lib/thumb/v7e-m+fp/hard\libc.a(lib_a-mallocr.o)
                0x20000a48                __malloc_current_mallinfo
 .bss.__malloc_max_sbrked_mem
                0x20000a70        0x4 c:/program files (x86)/gnu arm embedded toolchain/10 2021.10/bin/../lib/gcc/arm-none-eabi/10.3.1/../../../../arm-none-eabi/lib/thumb/v7e-m+fp/hard\libc.a(lib_a-mallocr.o)
                0x20000a70                __malloc_max_sbrked_mem
 .bss.__malloc_max_total_mem
                0x20000a74        0x4 c:/program files (x86)/gnu arm embedded toolchain/10 2021.10/bin/../lib/gcc/arm-none-eabi/10.3.1/../../../../arm-none-eabi/lib/thumb/v7e-m+fp/hard\libc.a(lib_a-mallocr.o)
                0x20000a74                __malloc_max_total_mem
 .bss.__malloc_top_pad
                0x20000a78        0x4 c:/program files (x86)/gnu arm embedded toolchain/10 2021.10/bin/../lib/gcc/arm-none-eabi/10.3.1/../../../../arm-none-eabi/lib/thumb/v7e-m+fp/hard\libc.a(lib_a-mallocr.o)
                0x20000a78                __malloc_top_pad
 .bss.errno     0x20000a7c        0x4 c:/program files (x86)/gnu arm embedded toolchain/10 2021.10/bin/../lib/gcc/arm-none-eabi/10.3.1/../../../../arm-none-eabi/lib/thumb/v7e-m+fp/hard\libc.a(lib_a-reent.o)
                0x20000a7c                errno
 *(COMMON)
                0x20000a80                . = ALIGN (0x4)
                0x20000a80                _ebss = .

._user_heap_stack
                0x20000a80      0x600 load address 0x0800ff54
                0x20000a80                . = ALIGN (0x8)
                [!provide]                PROVIDE (end = .)
                0x20000a80                PROVIDE (_end = .)
                0x20000c80                . = (. + _Min_Heap_Size)
 *fill*         0x20000a80      0x200 
                0x20001080                . = (. + _Min_Stack_Size)
 *fill*         0x20000c80      0x400 
                0x20001080                . = ALIGN (0x8)

/DISCARD/
 libc.a(*)
 libm.a(*)
 libgcc.a(*)
OUTPUT(bootloader.elf elf32-littlearm)
LOAD linker stubs
LOAD c:/program files (x86)/gnu arm embedded toolchain/10 2021.10/bin/../lib/gcc/arm-none-eabi/10.3.1/../../../../arm-none-eabi/lib/thumb/v7e-m+fp/hard\libc.a
LOAD c:/program files (x86)/gnu arm embedded toolchain/10 2021.10/bin/../lib/gcc/arm-none-eabi/10.3.1/../../../../arm-none-eabi/lib/thumb/v7e-m+fp/hard\libm.a
LOAD c:/program files (x86)/gnu arm embedded toolchain/10 2021.10/bin/../lib/gcc/arm-none-eabi/10.3.1/thumb/v7e-m+fp/hard\libgcc.a

.ARM.attributes
                0x00000000       0x30
 .ARM.attributes
                0x00000000       0x1e c:/program files (x86)/gnu arm embedded toolchain/10 2021.10/bin/../lib/gcc/arm-none-eabi/10.3.1/thumb/v7e-m+fp/hard/crti.o
 .ARM.attributes
                0x0000001e       0x34 CMakeFiles/bootloader.elf.dir/Core/Src/main.c.obj
 .ARM.attributes
                0x00000052       0x34 CMakeFiles/bootloader.elf.dir/Core/Src/boot_metadata.c.obj
 .ARM.attributes
                0x00000086       0x34 CMakeFiles/bootloader.elf.dir/Core/Src/image_validate.c.obj
 .ARM.attributes
                0x000000ba       0x34 CMakeFiles/bootloader.elf.dir/Core/Src/jump.c.obj
 .ARM.attributes
                0x000000ee       0x34 CMakeFiles/bootloader.elf.dir/Core/Src/stm32f4xx_hal_msp.c.obj
 .ARM.attributes
                0x00000122       0x34 CMakeFiles/bootloader.elf.dir/Core/Src/stm32f4xx_it.c.obj
 .ARM.attributes
                0x00000156       0x34 CMakeFiles/bootloader.elf.dir/Core/Src/syscalls.c.obj
 .ARM.attributes
                0x0000018a       0x34 CMakeFiles/bootloader.elf.dir/Core/Src/sysmem.c.obj
 .ARM.attributes
                0x000001be       0x34 CMakeFiles/bootloader.elf.dir/Core/Src/system_stm32f4xx.c.obj
 .ARM.attributes
                0x000001f2       0x34 CMakeFiles/bootloader.elf.dir/Drivers/STM32F4xx_HAL_Driver/Src/stm32f4xx_hal.c.obj
 .ARM.attributes
                0x00000226       0x34 CMakeFiles/bootloader.elf.dir/Drivers/STM32F4xx_HAL_Driver/Src/stm32f4xx_hal_cortex.c.obj
 .ARM.attributes
                0x0000025a       0x34 CMakeFiles/bootloader.elf.dir/Drivers/STM32F4xx_HAL_Driver/Src/stm32f4xx_hal_crc.c.obj
 .ARM.attributes
                0x0000028e       0x34 CMakeFiles/bootloader.elf.dir/Drivers/STM32F4xx_HAL_Driver/Src/stm32f4xx_hal_dma.c.obj
 .ARM.attributes
                0x000002c2       0x34 CMakeFiles/bootloader.elf.dir/Drivers/STM32F4xx_HAL_Driver/Src/stm32f4xx_hal_gpio.c.obj
 .ARM.attributes
                0x000002f6       0x34 CMakeFiles/bootloader.elf.dir/Drivers/STM32F4xx_HAL_Driver/Src/stm32f4xx_hal_rcc.c.obj
 .ARM.attributes
                0x0000032a       0x34 CMakeFiles/bootloader.elf.dir/Drivers/STM32F4xx_HAL_Driver/Src/stm32f4xx_hal_rcc_ex.c.obj
 .ARM.attributes
                0x0000035e       0x34 CMakeFiles/bootloader.elf.dir/Drivers/STM32F4xx_HAL_Driver/Src/stm32f4xx_hal_uart.c.obj
 .ARM.attributes
                0x00000392       0x34 CMakeFiles/bootloader.elf.dir/Drivers/STM32F4xx_HAL_Driver/Src/stm32f4xx_hal_wwdg.c.obj
 .ARM.attributes
                0x000003c6       0x21 CMakeFiles/bootloader.elf.dir/Core/Startup/startup_stm32f446retx.s.obj
 .ARM.attributes
                0x000003e7       0x1e c:/program files (x86)/gnu arm embedded toolchain/10 2021.10/bin/../lib/gcc/arm-none-eabi/10.3.1/thumb/v7e-m+fp/hard\libgcc.a(_aeabi_uldivmod.o)
 .ARM.attributes
                0x00000405       0x34 c:/program files (x86)/gnu arm embedded toolchain/10 2021.10/bin/../lib/gcc/arm-none-eabi/10.3.1/thumb/v7e-m+fp/hard\libgcc.a(_udivmoddi4.o)
 .ARM.attributes
                0x00000439       0x1e c:/program files (x86)/gnu arm embedded toolchain/10 2021.10/bin/../lib/gcc/arm-none-eabi/10.3.1/thumb/v7e-m+fp/hard\libgcc.a(_dvmd_tls.o)
 .ARM.attributes
                0x00000457       0x34 c:/program files (x86)/gnu arm embedded toolchain/10 2021.10/bin/../lib/gcc/arm-none-eabi/10.3.1/../../../../arm-none-eabi/lib/thumb/v7e-m+fp/hard\libc.a(lib_a-errno.o)
 .ARM.attributes
                0x0000048b       0x34 c:/program files (x86)/gnu arm embedded toolchain/10 2021.10/bin/../lib/gcc/arm-none-eabi/10.3.1/../../../../arm-none-eabi/lib/thumb/v7e-m+fp/hard\libc.a(lib_a-impure.o)
 .ARM.attributes
                0x000004bf       0x34 c:/program files (x86)/gnu arm embedded toolchain/10 2021.10/bin/../lib/gcc/arm-none-eabi/10.3.1/../../../../arm-none-eabi/lib/thumb/v7e-m+fp/hard\libc.a(lib_a-init.o)
 .ARM.attributes
                0x000004f3       0x34 c:/program files (x86)/gnu arm embedded toolchain/10 2021.10/bin/../lib/gcc/arm-none-eabi/10.3.1/../../../../arm-none-eabi/lib/thumb/v7e-m+fp/hard\libc.a(lib_a-memset.o)
 .ARM.attributes
                0x00000527       0x34 c:/program files (x86)/gnu arm embedded toolchain/10 2021.10/bin/../lib/gcc/arm-none-eabi/10.3.1/../../../../arm-none-eabi/lib/thumb/v7e-m+fp/hard\libc.a(lib_a-printf.o)
 .ARM.attributes
                0x0000055b       0x34 c:/program files (x86)/gnu arm embedded toolchain/10 2021.10/bin/../lib/gcc/arm-none-eabi/10.3.1/../../../../arm-none-eabi/lib/thumb/v7e-m+fp/hard\libc.a(lib_a-puts.o)
 .ARM.attributes
                0x0000058f       0x1c c:/program files (x86)/gnu arm embedded toolchain/10 2021.10/bin/../lib/gcc/arm-none-eabi/10.3.1/../../../../arm-none-eabi/lib/thumb/v7e-m+fp/hard\libc.a(lib_a-strlen.o)
 .ARM.attributes
                0x000005ab       0x34 c:/program files (x86)/gnu arm embedded toolchain/10 2021.10/bin/../lib/gcc/arm-none-eabi/10.3.1/../../../../arm-none-eabi/lib/thumb/v7e-m+fp/hard\libc.a(lib_a-vfprintf.o)
 .ARM.attributes
                0x000005df       0x34 c:/program files (x86)/gnu arm embedded toolchain/10 2021.10/bin/../lib/gcc/arm-none-eabi/10.3.1/../../../../arm-none-eabi/lib/thumb/v7e-m+fp/hard\libc.a(lib_a-wsetup.o)
 .ARM.attributes
                0x00000613       0x34 c:/program files (x86)/gnu arm embedded toolchain/10 2021.10/bin/../lib/gcc/arm-none-eabi/10.3.1/../../../../arm-none-eabi/lib/thumb/v7e-m+fp/hard\libc.a(lib_a-dtoa.o)
 .ARM.attributes
                0x00000647       0x34 c:/program files (x86)/gnu arm embedded toolchain/10 2021.10/bin/../lib/gcc/arm-none-eabi/10.3.1/../../../../arm-none-eabi/lib/thumb/v7e-m+fp/hard\libc.a(lib_a-fflush.o)
 .ARM.attributes
                0x0000067b       0x34 c:/program files (x86)/gnu arm embedded toolchain/10 2021.10/bin/../lib/gcc/arm-none-eabi/10.3.1/../../../../arm-none-eabi/lib/thumb/v7e-m+fp/hard\libc.a(lib_a-findfp.o)
 .ARM.attributes
                0x000006af       0x34 c:/program files (x86)/gnu arm embedded toolchain/10 2021.10/bin/../lib/gcc/arm-none-eabi/10.3.1/../../../../arm-none-eabi/lib/thumb/v7e-m+fp/hard\libc.a(lib_a-freer.o)
 .ARM.attributes
                0x000006e3       0x34 c:/program files (x86)/gnu arm embedded toolchain/10 2021.10/bin/../lib/gcc/arm-none-eabi/10.3.1/../../../../arm-none-eabi/lib/thumb/v7e-m+fp/hard\libc.a(lib_a-fvwrite.o)
 .ARM.attributes
                0x00000717       0x34 c:/program files (x86)/gnu arm embedded toolchain/10 2021.10/bin/../lib/gcc/arm-none-eabi/10.3.1/../../../../arm-none-eabi/lib/thumb/v7e-m+fp/hard\libc.a(lib_a-fwalk.o)
 .ARM.attributes
                0x0000074b       0x34 c:/program files (x86)/gnu arm embedded toolchain/10 2021.10/bin/../lib/gcc/arm-none-eabi/10.3.1/../../../../arm-none-eabi/lib/thumb/v7e-m+fp/hard\libc.a(lib_a-localeconv.o)
 .ARM.attributes
                0x0000077f       0x34 c:/program files (x86)/gnu arm embedded toolchain/10 2021.10/bin/../lib/gcc/arm-none-eabi/10.3.1/../../../../arm-none-eabi/lib/thumb/v7e-m+fp/hard\libc.a(lib_a-lock.o)
 .ARM.attributes
                0x000007b3       0x34 c:/program files (x86)/gnu arm embedded toolchain/10 2021.10/bin/../lib/gcc/arm-none-eabi/10.3.1/../../../../arm-none-eabi/lib/thumb/v7e-m+fp/hard\libc.a(lib_a-makebuf.o)
 .ARM.attributes
                0x000007e7       0x34 c:/program files (x86)/gnu arm embedded toolchain/10 2021.10/bin/../lib/gcc/arm-none-eabi/10.3.1/../../../../arm-none-eabi/lib/thumb/v7e-m+fp/hard\libc.a(lib_a-mallocr.o)
 .ARM.attributes
                0x0000081b       0x1c c:/program files (x86)/gnu arm embedded toolchain/10 2021.10/bin/../lib/gcc/arm-none-eabi/10.3.1/../../../../arm-none-eabi/lib/thumb/v7e-m+fp/hard\libc.a(lib_a-memchr.o)
 .ARM.attributes
                0x00000837       0x1c c:/program files (x86)/gnu arm embedded toolchain/10 2021.10/bin/../lib/gcc/arm-none-eabi/10.3.1/../../../../arm-none-eabi/lib/thumb/v7e-m+fp/hard\libc.a(lib_a-memcpy.o)
 .ARM.attributes
                0x00000853       0x34 c:/program files (x86)/gnu arm embedded toolchain/10 2021.10/bin/../lib/gcc/arm-none-eabi/10.3.1/../../../../arm-none-eabi/lib/thumb/v7e-m+fp/hard\libc.a(lib_a-memmove.o)
 .ARM.attributes
                0x00000887       0x34 c:/program files (x86)/gnu arm embedded toolchain/10 2021.10/bin/../lib/gcc/arm-none-eabi/10.3.1/../../../../arm-none-eabi/lib/thumb/v7e-m+fp/hard\libc.a(lib_a-mlock.o)
 .ARM.attributes
                0x000008bb       0x34 c:/program files (x86)/gnu arm embedded toolchain/10 2021.10/bin/../lib/gcc/arm-none-eabi/10.3.1/../../../../arm-none-eabi/lib/thumb/v7e-m+fp/hard\libc.a(lib_a-mprec.o)
 .ARM.attributes
                0x000008ef       0x34 c:/program files (x86)/gnu arm embedded toolchain/10 2021.10/bin/../lib/gcc/arm-none-eabi/10.3.1/../../../../arm-none-eabi/lib/thumb/v7e-m+fp/hard\libc.a(lib_a-reallocr.o)
 .ARM.attributes
                0x00000923       0x34 c:/program files (x86)/gnu arm embedded toolchain/10 2021.10/bin/../lib/gcc/arm-none-eabi/10.3.1/../../../../arm-none-eabi/lib/thumb/v7e-m+fp/hard\libc.a(lib_a-s_frexp.o)
 .ARM.attributes
                0x00000957       0x34 c:/program files (x86)/gnu arm embedded toolchain/10 2021.10/bin/../lib/gcc/arm-none-eabi/10.3.1/../../../../arm-none-eabi/lib/thumb/v7e-m+fp/hard\libc.a(lib_a-sbrkr.o)
 .ARM.attributes
                0x0000098b       0x34 c:/program files (x86)/gnu arm embedded toolchain/10 2021.10/bin/../lib/gcc/arm-none-eabi/10.3.1/../../../../arm-none-eabi/lib/thumb/v7e-m+fp/hard\libc.a(lib_a-stdio.o)
 .ARM.attributes
                0x000009bf       0x34 c:/program files (x86)/gnu arm embedded toolchain/10 2021.10/bin/../lib/gcc/arm-none-eabi/10.3.1/../../../../arm-none-eabi/lib/thumb/v7e-m+fp/hard\libc.a(lib_a-strncpy.o)
 .ARM.attributes
                0x000009f3       0x34 c:/program files (x86)/gnu arm embedded toolchain/10 2021.10/bin/../lib/gcc/arm-none-eabi/10.3.1/../../../../arm-none-eabi/lib/thumb/v7e-m+fp/hard\libc.a(lib_a-vfiprintf.o)
 .ARM.attributes
                0x00000a27       0x34 c:/program files (x86)/gnu arm embedded toolchain/10 2021.10/bin/../lib/gcc/arm-none-eabi/10.3.1/../../../../arm-none-eabi/lib/thumb/v7e-m+fp/hard\libc.a(lib_a-writer.o)
 .ARM.attributes
                0x00000a5b       0x34 c:/program files (x86)/gnu arm embedded toolchain/10 2021.10/bin/../lib/gcc/arm-none-eabi/10.3.1/../../../../arm-none-eabi/lib/thumb/v7e-m+fp/hard\libc.a(lib_a-assert.o)
 .ARM.attributes
                0x00000a8f       0x34 c:/program files (x86)/gnu arm embedded toolchain/10 2021.10/bin/../lib/gcc/arm-none-eabi/10.3.1/../../../../arm-none-eabi/lib/thumb/v7e-m+fp/hard\libc.a(lib_a-callocr.o)
 .ARM.attributes
                0x00000ac3       0x34 c:/program files (x86)/gnu arm embedded toolchain/10 2021.10/bin/../lib/gcc/arm-none-eabi/10.3.1/../../../../arm-none-eabi/lib/thumb/v7e-m+fp/hard\libc.a(lib_a-closer.o)
 .ARM.attributes
                0x00000af7       0x34 c:/program files (x86)/gnu arm embedded toolchain/10 2021.10/bin/../lib/gcc/arm-none-eabi/10.3.1/../../../../arm-none-eabi/lib/thumb/v7e-m+fp/hard\libc.a(lib_a-fclose.o)
 .ARM.attributes
                0x00000b2b       0x34 c:/program files (x86)/gnu arm embedded toolchain/10 2021.10/bin/../lib/gcc/arm-none-eabi/10.3.1/../../../../arm-none-eabi/lib/thumb/v7e-m+fp/hard\libc.a(lib_a-fiprintf.o)
 .ARM.attributes
                0x00000b5f       0x34 c:/program files (x86)/gnu arm embedded toolchain/10 2021.10/bin/../lib/gcc/arm-none-eabi/10.3.1/../../../../arm-none-eabi/lib/thumb/v7e-m+fp/hard\libc.a(lib_a-fputwc.o)
 .ARM.attributes
                0x00000b93       0x34 c:/program files (x86)/gnu arm embedded toolchain/10 2021.10/bin/../lib/gcc/arm-none-eabi/10.3.1/../../../../arm-none-eabi/lib/thumb/v7e-m+fp/hard\libc.a(lib_a-fstatr.o)
 .ARM.attributes
                0x00000bc7       0x34 c:/program files (x86)/gnu arm embedded toolchain/10 2021.10/bin/../lib/gcc/arm-none-eabi/10.3.1/../../../../arm-none-eabi/lib/thumb/v7e-m+fp/hard\libc.a(lib_a-isattyr.o)
 .ARM.attributes
                0x00000bfb       0x34 c:/program files (x86)/gnu arm embedded toolchain/10 2021.10/bin/../lib/gcc/arm-none-eabi/10.3.1/../../../../arm-none-eabi/lib/thumb/v7e-m+fp/hard\libc.a(lib_a-locale.o)
 .ARM.attributes
                0x00000c2f       0x34 c:/program files (x86)/gnu arm embedded toolchain/10 2021.10/bin/../lib/gcc/arm-none-eabi/10.3.1/../../../../arm-none-eabi/lib/thumb/v7e-m+fp/hard\libc.a(lib_a-lseekr.o)
 .ARM.attributes
                0x00000c63       0x34 c:/program files (x86)/gnu arm embedded toolchain/10 2021.10/bin/../lib/gcc/arm-none-eabi/10.3.1/../../../../arm-none-eabi/lib/thumb/v7e-m+fp/hard\libc.a(lib_a-mbtowc_r.o)
 .ARM.attributes
                0x00000c97       0x34 c:/program files (x86)/gnu arm embedded toolchain/10 2021.10/bin/../lib/gcc/arm-none-eabi/10.3.1/../../../../arm-none-eabi/lib/thumb/v7e-m+fp/hard\libc.a(lib_a-readr.o)
 .ARM.attributes
                0x00000ccb       0x34 c:/program files (x86)/gnu arm embedded toolchain/10 2021.10/bin/../lib/gcc/arm-none-eabi/10.3.1/../../../../arm-none-eabi/lib/thumb/v7e-m+fp/hard\libc.a(lib_a-reent.o)
 .ARM.attributes
                0x00000cff       0x34 c:/program files (x86)/gnu arm embedded toolchain/10 2021.10/bin/../lib/gcc/arm-none-eabi/10.3.1/../../../../arm-none-eabi/lib/thumb/v7e-m+fp/hard\libc.a(lib_a-wbuf.o)
 .ARM.attributes
                0x00000d33       0x34 c:/program files (x86)/gnu arm embedded toolchain/10 2021.10/bin/../lib/gcc/arm-none-eabi/10.3.1/../../../../arm-none-eabi/lib/thumb/v7e-m+fp/hard\libc.a(lib_a-wcrtomb.o)
 .ARM.attributes
                0x00000d67       0x34 c:/program files (x86)/gnu arm embedded toolchain/10 2021.10/bin/../lib/gcc/arm-none-eabi/10.3.1/../../../../arm-none-eabi/lib/thumb/v7e-m+fp/hard\libc.a(lib_a-wctomb_r.o)
 .ARM.attributes
                0x00000d9b       0x34 c:/program files (x86)/gnu arm embedded toolchain/10 2021.10/bin/../lib/gcc/arm-none-eabi/10.3.1/../../../../arm-none-eabi/lib/thumb/v7e-m+fp/hard\libc.a(lib_a-abort.o)
 .ARM.attributes
                0x00000dcf       0x34 c:/program files (x86)/gnu arm embedded toolchain/10 2021.10/bin/../lib/gcc/arm-none-eabi/10.3.1/../../../../arm-none-eabi/lib/thumb/v7e-m+fp/hard\libc.a(lib_a-ctype_.o)
 .ARM.attributes
                0x00000e03       0x34 c:/program files (x86)/gnu arm embedded toolchain/10 2021.10/bin/../lib/gcc/arm-none-eabi/10.3.1/../../../../arm-none-eabi/lib/thumb/v7e-m+fp/hard\libc.a(lib_a-signal.o)
 .ARM.attributes
                0x00000e37       0x34 c:/program files (x86)/gnu arm embedded toolchain/10 2021.10/bin/../lib/gcc/arm-none-eabi/10.3.1/../../../../arm-none-eabi/lib/thumb/v7e-m+fp/hard\libc.a(lib_a-signalr.o)
 .ARM.attributes
                0x00000e6b       0x1e c:/program files (x86)/gnu arm embedded toolchain/10 2021.10/bin/../lib/gcc/arm-none-eabi/10.3.1/thumb/v7e-m+fp/hard\libgcc.a(_arm_addsubdf3.o)
 .ARM.attributes
                0x00000e89       0x1e c:/program files (x86)/gnu arm embedded toolchain/10 2021.10/bin/../lib/gcc/arm-none-eabi/10.3.1/thumb/v7e-m+fp/hard\libgcc.a(_arm_muldivdf3.o)
 .ARM.attributes
                0x00000ea7       0x1e c:/program files (x86)/gnu arm embedded toolchain/10 2021.10/bin/../lib/gcc/arm-none-eabi/10.3.1/thumb/v7e-m+fp/hard\libgcc.a(_arm_cmpdf2.o)
 .ARM.attributes
                0x00000ec5       0x1e c:/program files (x86)/gnu arm embedded toolchain/10 2021.10/bin/../lib/gcc/arm-none-eabi/10.3.1/thumb/v7e-m+fp/hard\libgcc.a(_arm_unorddf2.o)
 .ARM.attributes
                0x00000ee3       0x1e c:/program files (x86)/gnu arm embedded toolchain/10 2021.10/bin/../lib/gcc/arm-none-eabi/10.3.1/thumb/v7e-m+fp/hard\libgcc.a(_arm_fixdfsi.o)
 .ARM.attributes
                0x00000f01       0x1e c:/program files (x86)/gnu arm embedded toolchain/10 2021.10/bin/../lib/gcc/arm-none-eabi/10.3.1/thumb/v7e-m+fp/hard/crtn.o

.comment        0x00000000       0x49
 .comment       0x00000000       0x49 CMakeFiles/bootloader.elf.dir/Core/Src/main.c.obj
                                 0x4a (size before relaxing)
 .comment       0x00000049       0x4a CMakeFiles/bootloader.elf.dir/Core/Src/boot_metadata.c.obj
 .comment       0x00000049       0x4a CMakeFiles/bootloader.elf.dir/Core/Src/image_validate.c.obj
 .comment       0x00000049       0x4a CMakeFiles/bootloader.elf.dir/Core/Src/jump.c.obj
 .comment       0x00000049       0x4a CMakeFiles/bootloader.elf.dir/Core/Src/stm32f4xx_hal_msp.c.obj
 .comment       0x00000049       0x4a CMakeFiles/bootloader.elf.dir/Core/Src/stm32f4xx_it.c.obj
 .comment       0x00000049       0x4a CMakeFiles/bootloader.elf.dir/Core/Src/syscalls.c.obj
 .comment       0x00000049       0x4a CMakeFiles/bootloader.elf.dir/Core/Src/sysmem.c.obj
 .comment       0x00000049       0x4a CMakeFiles/bootloader.elf.dir/Core/Src/system_stm32f4xx.c.obj
 .comment       0x00000049       0x4a CMakeFiles/bootloader.elf.dir/Drivers/STM32F4xx_HAL_Driver/Src/stm32f4xx_hal.c.obj
 .comment       0x00000049       0x4a CMakeFiles/bootloader.elf.dir/Drivers/STM32F4xx_HAL_Driver/Src/stm32f4xx_hal_cortex.c.obj
 .comment       0x00000049       0x4a CMakeFiles/bootloader.elf.dir/Drivers/STM32F4xx_HAL_Driver/Src/stm32f4xx_hal_crc.c.obj
 .comment       0x00000049       0x4a CMakeFiles/bootloader.elf.dir/Drivers/STM32F4xx_HAL_Driver/Src/stm32f4xx_hal_dma.c.obj
 .comment       0x00000049       0x4a CMakeFiles/bootloader.elf.dir/Drivers/STM32F4xx_HAL_Driver/Src/stm32f4xx_hal_gpio.c.obj
 .comment       0x00000049       0x4a CMakeFiles/bootloader.elf.dir/Drivers/STM32F4xx_HAL_Driver/Src/stm32f4xx_hal_rcc.c.obj
 .comment       0x00000049       0x4a CMakeFiles/bootloader.elf.dir/Drivers/STM32F4xx_HAL_Driver/Src/stm32f4xx_hal_rcc_ex.c.obj
 .comment       0x00000049       0x4a CMakeFiles/bootloader.elf.dir/Drivers/STM32F4xx_HAL_Driver/Src/stm32f4xx_hal_uart.c.obj
 .comment       0x00000049       0x4a CMakeFiles/bootloader.elf.dir/Drivers/STM32F4xx_HAL_Driver/Src/stm32f4xx_hal_wwdg.c.obj

.debug_info     0x00000000     0xa153
 .debug_info    0x00000000      0xe4e CMakeFiles/bootloader.elf.dir/Core/Src/main.c.obj
 .debug_info    0x00000e4e      0x125 CMakeFiles/bootloader.elf.dir/Core/Src/boot_metadata.c.obj
 .debug_info    0x00000f73       0xca CMakeFiles/bootloader.elf.dir/Core/Src/image_validate.c.obj
 .debug_info    0x0000103d      0x36a CMakeFiles/bootloader.elf.dir/Core/Src/jump.c.obj
 .debug_info    0x000013a7      0xbd9 CMakeFiles/bootloader.elf.dir/Core/Src/stm32f4xx_hal_msp.c.obj
 .debug_info    0x00001f80      0x119 CMakeFiles/bootloader.elf.dir/Core/Src/stm32f4xx_it.c.obj
 .debug_info    0x00002099      0x6b2 CMakeFiles/bootloader.elf.dir/Core/Src/syscalls.c.obj
 .debug_info    0x0000274b      0x15f CMakeFiles/bootloader.elf.dir/Core/Src/sysmem.c.obj
 .debug_info    0x000028aa      0x554 CMakeFiles/bootloader.elf.dir/Core/Src/system_stm32f4xx.c.obj
 .debug_info    0x00002dfe      0x97f CMakeFiles/bootloader.elf.dir/Drivers/STM32F4xx_HAL_Driver/Src/stm32f4xx_hal.c.obj
 .debug_info    0x0000377d      0xe81 CMakeFiles/bootloader.elf.dir/Drivers/STM32F4xx_HAL_Driver/Src/stm32f4xx_hal_cortex.c.obj
 .debug_info    0x000045fe      0x3b1 CMakeFiles/bootloader.elf.dir/Drivers/STM32F4xx_HAL_Driver/Src/stm32f4xx_hal_crc.c.obj
 .debug_info    0x000049af      0x943 CMakeFiles/bootloader.elf.dir/Drivers/STM32F4xx_HAL_Driver/Src/stm32f4xx_hal_dma.c.obj
 .debug_info    0x000052f2      0x7be CMakeFiles/bootloader.elf.dir/Drivers/STM32F4xx_HAL_Driver/Src/stm32f4xx_hal_gpio.c.obj
 .debug_info    0x00005ab0      0x97c CMakeFiles/bootloader.elf.dir/Drivers/STM32F4xx_HAL_Driver/Src/stm32f4xx_hal_rcc.c.obj
 .debug_info    0x0000642c      0x9d5 CMakeFiles/bootloader.elf.dir/Drivers/STM32F4xx_HAL_Driver/Src/stm32f4xx_hal_rcc_ex.c.obj
 .debug_info    0x00006e01     0x30c0 CMakeFiles/bootloader.elf.dir/Drivers/STM32F4xx_HAL_Driver/Src/stm32f4xx_hal_uart.c.obj
 .debug_info    0x00009ec1      0x270 CMakeFiles/bootloader.elf.dir/Drivers/STM32F4xx_HAL_Driver/Src/stm32f4xx_hal_wwdg.c.obj
 .debug_info    0x0000a131       0x22 CMakeFiles/bootloader.elf.dir/Core/Startup/startup_stm32f446retx.s.obj

.debug_abbrev   0x00000000     0x1cb5
 .debug_abbrev  0x00000000      0x220 CMakeFiles/bootloader.elf.dir/Core/Src/main.c.obj
 .debug_abbrev  0x00000220       0x98 CMakeFiles/bootloader.elf.dir/Core/Src/boot_metadata.c.obj
 .debug_abbrev  0x000002b8       0x7a CMakeFiles/bootloader.elf.dir/Core/Src/image_validate.c.obj
 .debug_abbrev  0x00000332      0x148 CMakeFiles/bootloader.elf.dir/Core/Src/jump.c.obj
 .debug_abbrev  0x0000047a      0x1a2 CMakeFiles/bootloader.elf.dir/Core/Src/stm32f4xx_hal_msp.c.obj
 .debug_abbrev  0x0000061c       0x61 CMakeFiles/bootloader.elf.dir/Core/Src/stm32f4xx_it.c.obj
 .debug_abbrev  0x0000067d      0x180 CMakeFiles/bootloader.elf.dir/Core/Src/syscalls.c.obj
 .debug_abbrev  0x000007fd       0xa6 CMakeFiles/bootloader.elf.dir/Core/Src/sysmem.c.obj
 .debug_abbrev  0x000008a3      0x116 CMakeFiles/bootloader.elf.dir/Core/Src/system_stm32f4xx.c.obj
 .debug_abbrev  0x000009b9      0x1da CMakeFiles/bootloader.elf.dir/Drivers/STM32F4xx_HAL_Driver/Src/stm32f4xx_hal.c.obj
 .debug_abbrev  0x00000b93      0x30d CMakeFiles/bootloader.elf.dir/Drivers/STM32F4xx_HAL_Driver/Src/stm32f4xx_hal_cortex.c.obj
 .debug_abbrev  0x00000ea0      0x1a5 CMakeFiles/bootloader.elf.dir/Drivers/STM32F4xx_HAL_Driver/Src/stm32f4xx_hal_crc.c.obj
 .debug_abbrev  0x00001045      0x246 CMakeFiles/bootloader.elf.dir/Drivers/STM32F4xx_HAL_Driver/Src/stm32f4xx_hal_dma.c.obj
 .debug_abbrev  0x0000128b      0x1c4 CMakeFiles/bootloader.elf.dir/Drivers/STM32F4xx_HAL_Driver/Src/stm32f4xx_hal_gpio.c.obj
 .debug_abbrev  0x0000144f      0x262 CMakeFiles/bootloader.elf.dir/Drivers/STM32F4xx_HAL_Driver/Src/stm32f4xx_hal_rcc.c.obj
 .debug_abbrev  0x000016b1      0x1cf CMakeFiles/bootloader.elf.dir/Drivers/STM32F4xx_HAL_Driver/Src/stm32f4xx_hal_rcc_ex.c.obj
 .debug_abbrev  0x00001880      0x2b3 CMakeFiles/bootloader.elf.dir/Drivers/STM32F4xx_HAL_Driver/Src/stm32f4xx_hal_uart.c.obj
 .debug_abbrev  0x00001b33      0x170 CMakeFiles/bootloader.elf.dir/Drivers/STM32F4xx_HAL_Driver/Src/stm32f4xx_hal_wwdg.c.obj
 .debug_abbrev  0x00001ca3       0x12 CMakeFiles/bootloader.elf.dir/Core/Startup/startup_stm32f446retx.s.obj

.debug_aranges  0x00000000      0x268
 .debug_aranges
                0x00000000       0x20 CMakeFiles/bootloader.elf.dir/Core/Src/main.c.obj
 .debug_aranges
                0x00000020       0x20 CMakeFiles/bootloader.elf.dir/Core/Src/boot_metadata.c.obj
 .debug_aranges
                0x00000040       0x20 CMakeFiles/bootloader.elf.dir/Core/Src/image_validate.c.obj
 .debug_aranges
                0x00000060       0x20 CMakeFiles/bootloader.elf.dir/Core/Src/jump.c.obj
 .debug_aranges
                0x00000080       0x20 CMakeFiles/bootloader.elf.dir/Core/Src/stm32f4xx_hal_msp.c.obj
 .debug_aranges
                0x000000a0       0x20 CMakeFiles/bootloader.elf.dir/Core/Src/stm32f4xx_it.c.obj
 .debug_aranges
                0x000000c0       0x20 CMakeFiles/bootloader.elf.dir/Core/Src/syscalls.c.obj
 .debug_aranges
                0x000000e0       0x20 CMakeFiles/bootloader.elf.dir/Core/Src/sysmem.c.obj
 .debug_aranges
                0x00000100       0x20 CMakeFiles/bootloader.elf.dir/Core/Src/system_stm32f4xx.c.obj
 .debug_aranges
                0x00000120       0x20 CMakeFiles/bootloader.elf.dir/Drivers/STM32F4xx_HAL_Driver/Src/stm32f4xx_hal.c.obj
 .debug_aranges
                0x00000140       0x20 CMakeFiles/bootloader.elf.dir/Drivers/STM32F4xx_HAL_Driver/Src/stm32f4xx_hal_cortex.c.obj
 .debug_aranges
                0x00000160       0x20 CMakeFiles/bootloader.elf.dir/Drivers/STM32F4xx_HAL_Driver/Src/stm32f4xx_hal_crc.c.obj
 .debug_aranges
                0x00000180       0x20 CMakeFiles/bootloader.elf.dir/Drivers/STM32F4xx_HAL_Driver/Src/stm32f4xx_hal_dma.c.obj
 .debug_aranges
                0x000001a0       0x20 CMakeFiles/bootloader.elf.dir/Drivers/STM32F4xx_HAL_Driver/Src/stm32f4xx_hal_gpio.c.obj
 .debug_aranges
                0x000001c0       0x20 CMakeFiles/bootloader.elf.dir/Drivers/STM32F4xx_HAL_Driver/Src/stm32f4xx_hal_rcc.c.obj
 .debug_aranges
                0x000001e0       0x20 CMakeFiles/bootloader.elf.dir/Drivers/STM32F4xx_HAL_Driver/Src/stm32f4xx_hal_rcc_ex.c.obj
 .debug_aranges
                0x00000200       0x20 CMakeFiles/bootloader.elf.dir/Drivers/STM32F4xx_HAL_Driver/Src/stm32f4xx_hal_uart.c.obj
 .debug_aranges
                0x00000220       0x20 CMakeFiles/bootloader.elf.dir/Drivers/STM32F4xx_HAL_Driver/Src/stm32f4xx_hal_wwdg.c.obj
 .debug_aranges
                0x00000240       0x28 CMakeFiles/bootloader.elf.dir/Core/Startup/startup_stm32f446retx.s.obj

.debug_macro    0x00000000    0x22439
 .debug_macro   0x00000000      0x35f CMakeFiles/bootloader.elf.dir/Core/Src/main.c.obj
 .debug_macro   0x0000035f      0xa6c CMakeFiles/bootloader.elf.dir/Core/Src/main.c.obj
 .debug_macro   0x00000dcb      0x2a1 CMakeFiles/bootloader.elf.dir/Core/Src/main.c.obj
 .debug_macro   0x0000106c       0x2e CMakeFiles/bootloader.elf.dir/Core/Src/main.c.obj
 .debug_macro   0x0000109a       0x28 CMakeFiles/bootloader.elf.dir/Core/Src/main.c.obj
 .debug_macro   0x000010c2       0x22 CMakeFiles/bootloader.elf.dir/Core/Src/main.c.obj
 .debug_macro   0x000010e4       0x8e CMakeFiles/bootloader.elf.dir/Core/Src/main.c.obj
 .debug_macro   0x00001172       0x51 CMakeFiles/bootloader.elf.dir/Core/Src/main.c.obj
 .debug_macro   0x000011c3      0x103 CMakeFiles/bootloader.elf.dir/Core/Src/main.c.obj
 .debug_macro   0x000012c6       0x6a CMakeFiles/bootloader.elf.dir/Core/Src/main.c.obj
 .debug_macro   0x00001330      0x1df CMakeFiles/bootloader.elf.dir/Core/Src/main.c.obj
 .debug_macro   0x0000150f       0x1c CMakeFiles/bootloader.elf.dir/Core/Src/main.c.obj
 .debug_macro   0x0000152b       0x22 CMakeFiles/bootloader.elf.dir/Core/Src/main.c.obj
 .debug_macro   0x0000154d       0xfb CMakeFiles/bootloader.elf.dir/Core/Src/main.c.obj
 .debug_macro   0x00001648     0x1011 CMakeFiles/bootloader.elf.dir/Core/Src/main.c.obj
 .debug_macro   0x00002659      0x11f CMakeFiles/bootloader.elf.dir/Core/Src/main.c.obj
 .debug_macro   0x00002778    0x1675e CMakeFiles/bootloader.elf.dir/Core/Src/main.c.obj
 .debug_macro   0x00018ed6       0x6d CMakeFiles/bootloader.elf.dir/Core/Src/main.c.obj
 .debug_macro   0x00018f43     0x3693 CMakeFiles/bootloader.elf.dir/Core/Src/main.c.obj
 .debug_macro   0x0001c5d6      0x174 CMakeFiles/bootloader.elf.dir/Core/Src/main.c.obj
 .debug_macro   0x0001c74a       0x5c CMakeFiles/bootloader.elf.dir/Core/Src/main.c.obj
 .debug_macro   0x0001c7a6      0xca5 CMakeFiles/bootloader.elf.dir/Core/Src/main.c.obj
 .debug_macro   0x0001d44b      0x9e9 CMakeFiles/bootloader.elf.dir/Core/Src/main.c.obj
 .debug_macro   0x0001de34      0x115 CMakeFiles/bootloader.elf.dir/Core/Src/main.c.obj
 .debug_macro   0x0001df49      0x1a0 CMakeFiles/bootloader.elf.dir/Core/Src/main.c.obj
 .debug_macro   0x0001e0e9       0xa5 CMakeFiles/bootloader.elf.dir/Core/Src/main.c.obj
 .debug_macro   0x0001e18e      0x16d CMakeFiles/bootloader.elf.dir/Core/Src/main.c.obj
 .debug_macro   0x0001e2fb      0x287 CMakeFiles/bootloader.elf.dir/Core/Src/main.c.obj
 .debug_macro   0x0001e582       0x5f CMakeFiles/bootloader.elf.dir/Core/Src/main.c.obj
 .debug_macro   0x0001e5e1      0x236 CMakeFiles/bootloader.elf.dir/Core/Src/main.c.obj
 .debug_macro   0x0001e817       0x22 CMakeFiles/bootloader.elf.dir/Core/Src/main.c.obj
 .debug_macro   0x0001e839      0x132 CMakeFiles/bootloader.elf.dir/Core/Src/main.c.obj
 .debug_macro   0x0001e96b      0x29c CMakeFiles/bootloader.elf.dir/Core/Src/main.c.obj
 .debug_macro   0x0001ec07       0x2e CMakeFiles/bootloader.elf.dir/Core/Src/main.c.obj
 .debug_macro   0x0001ec35      0x127 CMakeFiles/bootloader.elf.dir/Core/Src/main.c.obj
 .debug_macro   0x0001ed5c       0xe8 CMakeFiles/bootloader.elf.dir/Core/Src/main.c.obj
 .debug_macro   0x0001ee44       0x89 CMakeFiles/bootloader.elf.dir/Core/Src/main.c.obj
 .debug_macro   0x0001eecd      0x2aa CMakeFiles/bootloader.elf.dir/Core/Src/main.c.obj
 .debug_macro   0x0001f177       0x8d CMakeFiles/bootloader.elf.dir/Core/Src/main.c.obj
 .debug_macro   0x0001f204      0x126 CMakeFiles/bootloader.elf.dir/Core/Src/main.c.obj
 .debug_macro   0x0001f32a       0x10 CMakeFiles/bootloader.elf.dir/Core/Src/main.c.obj
 .debug_macro   0x0001f33a       0x2e CMakeFiles/bootloader.elf.dir/Core/Src/main.c.obj
 .debug_macro   0x0001f368       0x16 CMakeFiles/bootloader.elf.dir/Core/Src/main.c.obj
 .debug_macro   0x0001f37e       0x58 CMakeFiles/bootloader.elf.dir/Core/Src/main.c.obj
 .debug_macro   0x0001f3d6       0x64 CMakeFiles/bootloader.elf.dir/Core/Src/main.c.obj
 .debug_macro   0x0001f43a       0x1e CMakeFiles/bootloader.elf.dir/Core/Src/main.c.obj
 .debug_macro   0x0001f458       0x35 CMakeFiles/bootloader.elf.dir/Core/Src/main.c.obj
 .debug_macro   0x0001f48d       0x34 CMakeFiles/bootloader.elf.dir/Core/Src/main.c.obj
 .debug_macro   0x0001f4c1       0x16 CMakeFiles/bootloader.elf.dir/Core/Src/main.c.obj
 .debug_macro   0x0001f4d7       0x35 CMakeFiles/bootloader.elf.dir/Core/Src/main.c.obj
 .debug_macro   0x0001f50c      0x341 CMakeFiles/bootloader.elf.dir/Core/Src/main.c.obj
 .debug_macro   0x0001f84d       0x10 CMakeFiles/bootloader.elf.dir/Core/Src/main.c.obj
 .debug_macro   0x0001f85d       0x16 CMakeFiles/bootloader.elf.dir/Core/Src/main.c.obj
 .debug_macro   0x0001f873       0x43 CMakeFiles/bootloader.elf.dir/Core/Src/main.c.obj
 .debug_macro   0x0001f8b6       0x34 CMakeFiles/bootloader.elf.dir/Core/Src/main.c.obj
 .debug_macro   0x0001f8ea       0x10 CMakeFiles/bootloader.elf.dir/Core/Src/main.c.obj
 .debug_macro   0x0001f8fa       0x58 CMakeFiles/bootloader.elf.dir/Core/Src/main.c.obj
 .debug_macro   0x0001f952      0x182 CMakeFiles/bootloader.elf.dir/Core/Src/main.c.obj
 .debug_macro   0x0001fad4       0x10 CMakeFiles/bootloader.elf.dir/Core/Src/main.c.obj
 .debug_macro   0x0001fae4       0x1c CMakeFiles/bootloader.elf.dir/Core/Src/main.c.obj
 .debug_macro   0x0001fb00       0x52 CMakeFiles/bootloader.elf.dir/Core/Src/main.c.obj
 .debug_macro   0x0001fb52       0x22 CMakeFiles/bootloader.elf.dir/Core/Src/main.c.obj
 .debug_macro   0x0001fb74       0x10 CMakeFiles/bootloader.elf.dir/Core/Src/main.c.obj
 .debug_macro   0x0001fb84       0x52 CMakeFiles/bootloader.elf.dir/Core/Src/main.c.obj
 .debug_macro   0x0001fbd6       0xd5 CMakeFiles/bootloader.elf.dir/Core/Src/main.c.obj
 .debug_macro   0x0001fcab       0x1c CMakeFiles/bootloader.elf.dir/Core/Src/main.c.obj
 .debug_macro   0x0001fcc7       0x3d CMakeFiles/bootloader.elf.dir/Core/Src/main.c.obj
 .debug_macro   0x0001fd04       0x16 CMakeFiles/bootloader.elf.dir/Core/Src/main.c.obj
 .debug_macro   0x0001fd1a      0x16f CMakeFiles/bootloader.elf.dir/Core/Src/main.c.obj
 .debug_macro   0x0001fe89       0x82 CMakeFiles/bootloader.elf.dir/Core/Src/boot_metadata.c.obj
 .debug_macro   0x0001ff0b       0x6d CMakeFiles/bootloader.elf.dir/Core/Src/image_validate.c.obj
 .debug_macro   0x0001ff78      0x1d7 CMakeFiles/bootloader.elf.dir/Core/Src/jump.c.obj
 .debug_macro   0x0002014f      0x1f3 CMakeFiles/bootloader.elf.dir/Core/Src/stm32f4xx_hal_msp.c.obj
 .debug_macro   0x00020342      0x1fd CMakeFiles/bootloader.elf.dir/Core/Src/stm32f4xx_it.c.obj
 .debug_macro   0x0002053f      0x23d CMakeFiles/bootloader.elf.dir/Core/Src/syscalls.c.obj
 .debug_macro   0x0002077c       0x5e CMakeFiles/bootloader.elf.dir/Core/Src/syscalls.c.obj
 .debug_macro   0x000207da       0x94 CMakeFiles/bootloader.elf.dir/Core/Src/syscalls.c.obj
 .debug_macro   0x0002086e       0x57 CMakeFiles/bootloader.elf.dir/Core/Src/syscalls.c.obj
 .debug_macro   0x000208c5       0x10 CMakeFiles/bootloader.elf.dir/Core/Src/syscalls.c.obj
 .debug_macro   0x000208d5       0x10 CMakeFiles/bootloader.elf.dir/Core/Src/syscalls.c.obj
 .debug_macro   0x000208e5       0x10 CMakeFiles/bootloader.elf.dir/Core/Src/syscalls.c.obj
 .debug_macro   0x000208f5       0x35 CMakeFiles/bootloader.elf.dir/Core/Src/syscalls.c.obj
 .debug_macro   0x0002092a      0x12c CMakeFiles/bootloader.elf.dir/Core/Src/syscalls.c.obj
 .debug_macro   0x00020a56       0x16 CMakeFiles/bootloader.elf.dir/Core/Src/syscalls.c.obj
 .debug_macro   0x00020a6c       0x16 CMakeFiles/bootloader.elf.dir/Core/Src/syscalls.c.obj
 .debug_macro   0x00020a82       0x29 CMakeFiles/bootloader.elf.dir/Core/Src/syscalls.c.obj
 .debug_macro   0x00020aab       0x10 CMakeFiles/bootloader.elf.dir/Core/Src/syscalls.c.obj
 .debug_macro   0x00020abb      0x241 CMakeFiles/bootloader.elf.dir/Core/Src/syscalls.c.obj
 .debug_macro   0x00020cfc       0x1c CMakeFiles/bootloader.elf.dir/Core/Src/syscalls.c.obj