Archive member included to satisfy reference by file (symbol)

c:/progra~2/gnuarm~1/102021~1.10/bin/../lib/gcc/arm-none-eabi/10.3.1/thumb/v7e-m+fp/hard\libgcc.a(_aeabi_uldivmod.o)
                              CMakeFiles/firmware.elf.dir/Drivers/STM32F4xx_HAL_Driver/Src/stm32f4xx_hal_rcc.c.obj (__aeabi_uldivmod)
c:/progra~2/gnuarm~1/102021~1.10/bin/../lib/gcc/arm-none-eabi/10.3.1/thumb/v7e-m+fp/hard\libgcc.a(_udivmoddi4.o)
                              c:/progra~2/gnuarm~1/102021~1.10/bin/../lib/gcc/arm-none-eabi/10.3.1/thumb/v7e-m+fp/hard\libgcc.a(_aeabi_uldivmod.o) (__udivmoddi4)
c:/progra~2/gnuarm~1/102021~1.10/bin/../lib/gcc/arm-none-eabi/10.3.1/thumb/v7e-m+fp/hard\libgcc.a(_dvmd_tls.o)
                              c:/progra~2/gnuarm~1/102021~1.10/bin/../lib/gcc/arm-none-eabi/10.3.1/thumb/v7e-m+fp/hard\libgcc.a(_aeabi_uldivmod.o) (__aeabi_ldiv0)
c:/progra~2/gnuarm~1/102021~1.10/bin/../lib/gcc/arm-none-eabi/10.3.1/../../../../arm-none-eabi/lib/thumb/v7e-m+fp/hard\libc_nano.a(lib_a-errno.o)
                              CMakeFiles/firmware.elf.dir/Core/Src/syscalls.c.obj (__errno)
c:/progra~2/gnuarm~1/102021~1.10/bin/../lib/gcc/arm-none-eabi/10.3.1/../../../../arm-none-eabi/lib/thumb/v7e-m+fp/hard\libc_nano.a(lib_a-exit.o)
                              c:/progra~2/gnuarm~1/102021~1.10/bin/../lib/gcc/arm-none-eabi/10.3.1/../../../../arm-none-eabi/lib/thumb/v7e-m+fp/hard/crt0.o (exit)
c:/progra~2/gnuarm~1/102021~1.10/bin/../lib/gcc/arm-none-eabi/10.3.1/../../../../arm-none-eabi/lib/thumb/v7e-m+fp/hard\libc_nano.a(lib_a-impure.o)
                              c:/progra~2/gnuarm~1/102021~1.10/bin/../lib/gcc/arm-none-eabi/10.3.1/../../../../arm-none-eabi/lib/thumb/v7e-m+fp/hard\libc_nano.a(lib_a-exit.o) (_global_impure_ptr)
c:/progra~2/gnuarm~1/102021~1.10/bin/../lib/gcc/arm-none-eabi/10.3.1/../../../../arm-none-eabi/lib/thumb/v7e-m+fp/hard\libc_nano.a(lib_a-init.o)
                              c:/progra~2/gnuarm~1/102021~1.10/bin/../lib/gcc/arm-none-eabi/10.3.1/../../../../arm-none-eabi/lib/thumb/v7e-m+fp/hard/crt0.o (__libc_init_array)
c:/progra~2/gnuarm~1/102021~1.10/bin/../lib/gcc/arm-none-eabi/10.3.1/../../../../arm-none-eabi/lib/thumb/v7e-m+fp/hard\libc_nano.a(lib_a-memset.o)
                              c:/progra~2/gnuarm~1/102021~1.10/bin/../lib/gcc/arm-none-eabi/10.3.1/../../../../arm-none-eabi/lib/thumb/v7e-m+fp/hard/crt0.o (memset)

Discarded input sections

 .text          0x00000000        0x0 c:/progra~2/gnuarm~1/102021~1.10/bin/../lib/gcc/arm-none-eabi/10.3.1/thumb/v7e-m+fp/hard/crti.o
 .data          0x00000000        0x0 c:/progra~2/gnuarm~1/102021~1.10/bin/../lib/gcc/arm-none-eabi/10.3.1/thumb/v7e-m+fp/hard/crti.o
 .bss           0x00000000        0x0 c:/progra~2/gnuarm~1/102021~1.10/bin/../lib/gcc/arm-none-eabi/10.3.1/thumb/v7e-m+fp/hard/crti.o
 .data          0x00000000        0x4 c:/progra~2/gnuarm~1/102021~1.10/bin/../lib/gcc/arm-none-eabi/10.3.1/thumb/v7e-m+fp/hard/crtbegin.o
 .rodata        0x00000000       0x24 c:/progra~2/gnuarm~1/102021~1.10/bin/../lib/gcc/arm-none-eabi/10.3.1/thumb/v7e-m+fp/hard/crtbegin.o
 .text          0x00000000       0x7c c:/progra~2/gnuarm~1/102021~1.10/bin/../lib/gcc/arm-none-eabi/10.3.1/../../../../arm-none-eabi/lib/thumb/v7e-m+fp/hard/crt0.o
 .data          0x00000000        0x0 c:/progra~2/gnuarm~1/102021~1.10/bin/../lib/gcc/arm-none-eabi/10.3.1/../../../../arm-none-eabi/lib/thumb/v7e-m+fp/hard/crt0.o
 .bss           0x00000000        0x0 c:/progra~2/gnuarm~1/102021~1.10/bin/../lib/gcc/arm-none-eabi/10.3.1/../../../../arm-none-eabi/lib/thumb/v7e-m+fp/hard/crt0.o
 .ARM.extab     0x00000000        0x0 c:/progra~2/gnuarm~1/102021~1.10/bin/../lib/gcc/arm-none-eabi/10.3.1/../../../../arm-none-eabi/lib/thumb/v7e-m+fp/hard/crt0.o
 .ARM.exidx     0x00000000       0x10 c:/progra~2/gnuarm~1/102021~1.10/bin/../lib/gcc/arm-none-eabi/10.3.1/../../../../arm-none-eabi/lib/thumb/v7e-m+fp/hard/crt0.o
 .ARM.attributes
                0x00000000       0x1c c:/progra~2/gnuarm~1/102021~1.10/bin/../lib/gcc/arm-none-eabi/10.3.1/../../../../arm-none-eabi/lib/thumb/v7e-m+fp/hard/crt0.o
 .text          0x00000000        0x0 CMakeFiles/firmware.elf.dir/Core/Src/main.c.obj
 .data          0x00000000        0x0 CMakeFiles/firmware.elf.dir/Core/Src/main.c.obj
 .bss           0x00000000        0x0 CMakeFiles/firmware.elf.dir/Core/Src/main.c.obj
 .text          0x00000000        0x0 CMakeFiles/firmware.elf.dir/Core/Src/stm32f4xx_hal_msp.c.obj
 .data          0x00000000        0x0 CMakeFiles/firmware.elf.dir/Core/Src/stm32f4xx_hal_msp.c.obj
 .bss           0x00000000        0x0 CMakeFiles/firmware.elf.dir/Core/Src/stm32f4xx_hal_msp.c.obj
 .text.HAL_CRC_MspDeInit
                0x00000000       0x34 CMakeFiles/firmware.elf.dir/Core/Src/stm32f4xx_hal_msp.c.obj
 .text.HAL_UART_MspDeInit
                0x00000000       0x3c CMakeFiles/firmware.elf.dir/Core/Src/stm32f4xx_hal_msp.c.obj
 .text          0x00000000        0x0 CMakeFiles/firmware.elf.dir/Core/Src/stm32f4xx_it.c.obj
 .data          0x00000000        0x0 CMakeFiles/firmware.elf.dir/Core/Src/stm32f4xx_it.c.obj
 .bss           0x00000000        0x0 CMakeFiles/firmware.elf.dir/Core/Src/stm32f4xx_it.c.obj
 .text          0x00000000        0x0 CMakeFiles/firmware.elf.dir/Core/Src/syscalls.c.obj
 .data          0x00000000        0x0 CMakeFiles/firmware.elf.dir/Core/Src/syscalls.c.obj
 .bss           0x00000000        0x0 CMakeFiles/firmware.elf.dir/Core/Src/syscalls.c.obj
 .bss.__env     0x00000000        0x4 CMakeFiles/firmware.elf.dir/Core/Src/syscalls.c.obj
 .data.environ  0x00000000        0x4 CMakeFiles/firmware.elf.dir/Core/Src/syscalls.c.obj
 .text.initialise_monitor_handles
                0x00000000        0xe CMakeFiles/firmware.elf.dir/Core/Src/syscalls.c.obj
 .text._getpid  0x00000000       0x10 CMakeFiles/firmware.elf.dir/Core/Src/syscalls.c.obj
 .text._kill    0x00000000       0x20 CMakeFiles/firmware.elf.dir/Core/Src/syscalls.c.obj
 .text._exit    0x00000000       0x14 CMakeFiles/firmware.elf.dir/Core/Src/syscalls.c.obj
 .text._read    0x00000000       0x3a CMakeFiles/firmware.elf.dir/Core/Src/syscalls.c.obj
 .text._write   0x00000000       0x38 CMakeFiles/firmware.elf.dir/Core/Src/syscalls.c.obj
 .text._close   0x00000000       0x18 CMakeFiles/firmware.elf.dir/Core/Src/syscalls.c.obj
 .text._fstat   0x00000000       0x20 CMakeFiles/firmware.elf.dir/Core/Src/syscalls.c.obj
 .text._isatty  0x00000000       0x16 CMakeFiles/firmware.elf.dir/Core/Src/syscalls.c.obj
 .text._lseek   0x00000000       0x1a CMakeFiles/firmware.elf.dir/Core/Src/syscalls.c.obj
 .text._open    0x00000000       0x1c CMakeFiles/firmware.elf.dir/Core/Src/syscalls.c.obj
 .text._wait    0x00000000       0x1e CMakeFiles/firmware.elf.dir/Core/Src/syscalls.c.obj
 .text._unlink  0x00000000       0x1e CMakeFiles/firmware.elf.dir/Core/Src/syscalls.c.obj
 .text._times   0x00000000       0x18 CMakeFiles/firmware.elf.dir/Core/Src/syscalls.c.obj
 .text._stat    0x00000000       0x20 CMakeFiles/firmware.elf.dir/Core/Src/syscalls.c.obj
 .text._link    0x00000000       0x20 CMakeFiles/firmware.elf.dir/Core/Src/syscalls.c.obj
 .text._fork    0x00000000       0x16 CMakeFiles/firmware.elf.dir/Core/Src/syscalls.c.obj
 .text._execve  0x00000000       0x22 CMakeFiles/firmware.elf.dir/Core/Src/syscalls.c.obj
 .comment       0x00000000       0x4a CMakeFiles/firmware.elf.dir/Core/Src/syscalls.c.obj
 .ARM.attributes
                0x00000000       0x34 CMakeFiles/firmware.elf.dir/Core/Src/syscalls.c.obj
 .text          0x00000000        0x0 CMakeFiles/firmware.elf.dir/Core/Src/sysmem.c.obj
 .data          0x00000000        0x0 CMakeFiles/firmware.elf.dir/Core/Src/sysmem.c.obj
 .bss           0x00000000        0x0 CMakeFiles/firmware.elf.dir/Core/Src/sysmem.c.obj
 .bss.__sbrk_heap_end
                0x00000000        0x4 CMakeFiles/firmware.elf.dir/Core/Src/sysmem.c.obj
 .text._sbrk    0x00000000       0x6c CMakeFiles/firmware.elf.dir/Core/Src/sysmem.c.obj
 .comment       0x00000000       0x4a CMakeFiles/firmware.elf.dir/Core/Src/sysmem.c.obj
 .ARM.attributes
                0x00000000       0x34 CMakeFiles/firmware.elf.dir/Core/Src/sysmem.c.obj
 .text          0x00000000        0x0 CMakeFiles/firmware.elf.dir/Core/Src/system_stm32f4xx.c.obj
 .data          0x00000000        0x0 CMakeFiles/firmware.elf.dir/Core/Src/system_stm32f4xx.c.obj
 .bss           0x00000000        0x0 CMakeFiles/firmware.elf.dir/Core/Src/system_stm32f4xx.c.obj
 .text.SystemCoreClockUpdate
                0x00000000       0xec CMakeFiles/firmware.elf.dir/Core/Src/system_stm32f4xx.c.obj
 .text          0x00000000        0x0 CMakeFiles/firmware.elf.dir/Drivers/STM32F4xx_HAL_Driver/Src/stm32f4xx_hal.c.obj
 .data          0x00000000        0x0 CMakeFiles/firmware.elf.dir/Drivers/STM32F4xx_HAL_Driver/Src/stm32f4xx_hal.c.obj
 .bss           0x00000000        0x0 CMakeFiles/firmware.elf.dir/Drivers/STM32F4xx_HAL_Driver/Src/stm32f4xx_hal.c.obj
 .text.HAL_DeInit
                0x00000000       0x5c CMakeFiles/firmware.elf.dir/Drivers/STM32F4xx_HAL_Driver/Src/stm32f4xx_hal.c.obj
 .text.HAL_MspInit
                0x00000000        0xe CMakeFiles/firmware.elf.dir/Drivers/STM32F4xx_HAL_Driver/Src/stm32f4xx_hal.c.obj
 .text.HAL_MspDeInit
                0x00000000        0xe CMakeFiles/firmware.elf.dir/Drivers/STM32F4xx_HAL_Driver/Src/stm32f4xx_hal.c.obj
 .text.HAL_GetTickPrio
                0x00000000       0x18 CMakeFiles/firmware.elf.dir/Drivers/STM32F4xx_HAL_Driver/Src/stm32f4xx_hal.c.obj
 .text.HAL_SetTickFreq
                0x00000000       0x50 CMakeFiles/firmware.elf.dir/Drivers/STM32F4xx_HAL_Driver/Src/stm32f4xx_hal.c.obj
 .text.HAL_GetTickFreq
                0x00000000       0x18 CMakeFiles/firmware.elf.dir/Drivers/STM32F4xx_HAL_Driver/Src/stm32f4xx_hal.c.obj
 .text.HAL_Delay
                0x00000000       0x48 CMakeFiles/firmware.elf.dir/Drivers/STM32F4xx_HAL_Driver/Src/stm32f4xx_hal.c.obj
 .text.HAL_SuspendTick
                0x00000000       0x20 CMakeFiles/firmware.elf.dir/Drivers/STM32F4xx_HAL_Driver/Src/stm32f4xx_hal.c.obj
 .text.HAL_ResumeTick
                0x00000000       0x20 CMakeFiles/firmware.elf.dir/Drivers/STM32F4xx_HAL_Driver/Src/stm32f4xx_hal.c.obj
 .text.HAL_GetHalVersion
                0x00000000       0x14 CMakeFiles/firmware.elf.dir/Drivers/STM32F4xx_HAL_Driver/Src/stm32f4xx_hal.c.obj
 .text.HAL_GetREVID
                0x00000000       0x18 CMakeFiles/firmware.elf.dir/Drivers/STM32F4xx_HAL_Driver/Src/stm32f4xx_hal.c.obj
 .text.HAL_GetDEVID
                0x00000000       0x1c CMakeFiles/firmware.elf.dir/Drivers/STM32F4xx_HAL_Driver/Src/stm32f4xx_hal.c.obj
 .text.HAL_DBGMCU_EnableDBGSleepMode
                0x00000000       0x20 CMakeFiles/firmware.elf.dir/Drivers/STM32F4xx_HAL_Driver/Src/stm32f4xx_hal.c.obj
 .text.HAL_DBGMCU_DisableDBGSleepMode
                0x00000000       0x20 CMakeFiles/firmware.elf.dir/Drivers/STM32F4xx_HAL_Driver/Src/stm32f4xx_hal.c.obj
 .text.HAL_DBGMCU_EnableDBGStopMode
                0x00000000       0x20 CMakeFiles/firmware.elf.dir/Drivers/STM32F4xx_HAL_Driver/Src/stm32f4xx_hal.c.obj
 .text.HAL_DBGMCU_DisableDBGStopMode
                0x00000000       0x20 CMakeFiles/firmware.elf.dir/Drivers/STM32F4xx_HAL_Driver/Src/stm32f4xx_hal.c.obj
 .text.HAL_DBGMCU_EnableDBGStandbyMode
                0x00000000       0x20 CMakeFiles/firmware.elf.dir/Drivers/STM32F4xx_HAL_Driver/Src/stm32f4xx_hal.c.obj
 .text.HAL_DBGMCU_DisableDBGStandbyMode
                0x00000000       0x20 CMakeFiles/firmware.elf.dir/Drivers/STM32F4xx_HAL_Driver/Src/stm32f4xx_hal.c.obj
 .text.HAL_EnableCompensationCell
                0x00000000       0x18 CMakeFiles/firmware.elf.dir/Drivers/STM32F4xx_HAL_Driver/Src/stm32f4xx_hal.c.obj
 .text.HAL_DisableCompensationCell
                0x00000000       0x18 CMakeFiles/firmware.elf.dir/Drivers/STM32F4xx_HAL_Driver/Src/stm32f4xx_hal.c.obj
 .text.HAL_GetUIDw0
                0x00000000       0x18 CMakeFiles/firmware.elf.dir/Drivers/STM32F4xx_HAL_Driver/Src/stm32f4xx_hal.c.obj
 .text.HAL_GetUIDw1
                0x00000000       0x18 CMakeFiles/firmware.elf.dir/Drivers/STM32F4xx_HAL_Driver/Src/stm32f4xx_hal.c.obj
 .text.HAL_GetUIDw2
                0x00000000       0x18 CMakeFiles/firmware.elf.dir/Drivers/STM32F4xx_HAL_Driver/Src/stm32f4xx_hal.c.obj
 .text          0x00000000        0x0 CMakeFiles/firmware.elf.dir/Drivers/STM32F4xx_HAL_Driver/Src/stm32f4xx_hal_cortex.c.obj
 .data          0x00000000        0x0 CMakeFiles/firmware.elf.dir/Drivers/STM32F4xx_HAL_Driver/Src/stm32f4xx_hal_cortex.c.obj
 .bss           0x00000000        0x0 CMakeFiles/firmware.elf.dir/Drivers/STM32F4xx_HAL_Driver/Src/stm32f4xx_hal_cortex.c.obj
 .text.__NVIC_EnableIRQ
                0x00000000       0x3c CMakeFiles/firmware.elf.dir/Drivers/STM32F4xx_HAL_Driver/Src/stm32f4xx_hal_cortex.c.obj
 .text.__NVIC_DisableIRQ
                0x00000000       0x48 CMakeFiles/firmware.elf.dir/Drivers/STM32F4xx_HAL_Driver/Src/stm32f4xx_hal_cortex.c.obj
 .text.__NVIC_GetPendingIRQ
                0x00000000       0x44 CMakeFiles/firmware.elf.dir/Drivers/STM32F4xx_HAL_Driver/Src/stm32f4xx_hal_cortex.c.obj
 .text.__NVIC_SetPendingIRQ
                0x00000000       0x3c CMakeFiles/firmware.elf.dir/Drivers/STM32F4xx_HAL_Driver/Src/stm32f4xx_hal_cortex.c.obj
 .text.__NVIC_ClearPendingIRQ
                0x00000000       0x3c CMakeFiles/firmware.elf.dir/Drivers/STM32F4xx_HAL_Driver/Src/stm32f4xx_hal_cortex.c.obj
 .text.__NVIC_GetActive
                0x00000000       0x44 CMakeFiles/firmware.elf.dir/Drivers/STM32F4xx_HAL_Driver/Src/stm32f4xx_hal_cortex.c.obj
 .text.__NVIC_GetPriority
                0x00000000       0x50 CMakeFiles/firmware.elf.dir/Drivers/STM32F4xx_HAL_Driver/Src/stm32f4xx_hal_cortex.c.obj
 .text.NVIC_DecodePriority
                0x00000000       0x6e CMakeFiles/firmware.elf.dir/Drivers/STM32F4xx_HAL_Driver/Src/stm32f4xx_hal_cortex.c.obj
 .text.__NVIC_SystemReset
                0x00000000       0x2c CMakeFiles/firmware.elf.dir/Drivers/STM32F4xx_HAL_Driver/Src/stm32f4xx_hal_cortex.c.obj
 .text.HAL_NVIC_EnableIRQ
                0x00000000       0x1c CMakeFiles/firmware.elf.dir/Drivers/STM32F4xx_HAL_Driver/Src/stm32f4xx_hal_cortex.c.obj
 .text.HAL_NVIC_DisableIRQ
                0x00000000       0x1c CMakeFiles/firmware.elf.dir/Drivers/STM32F4xx_HAL_Driver/Src/stm32f4xx_hal_cortex.c.obj
 .text.HAL_NVIC_SystemReset
                0x00000000        0x8 CMakeFiles/firmware.elf.dir/Drivers/STM32F4xx_HAL_Driver/Src/stm32f4xx_hal_cortex.c.obj
 .text.HAL_MPU_Disable
                0x00000000       0x30 CMakeFiles/firmware.elf.dir/Drivers/STM32F4xx_HAL_Driver/Src/stm32f4xx_hal_cortex.c.obj
 .text.HAL_MPU_Enable
                0x00000000       0x40 CMakeFiles/firmware.elf.dir/Drivers/STM32F4xx_HAL_Driver/Src/stm32f4xx_hal_cortex.c.obj
 .text.HAL_MPU_EnableRegion
                0x00000000       0x2c CMakeFiles/firmware.elf.dir/Drivers/STM32F4xx_HAL_Driver/Src/stm32f4xx_hal_cortex.c.obj
 .text.HAL_MPU_DisableRegion
                0x00000000       0x2c CMakeFiles/firmware.elf.dir/Drivers/STM32F4xx_HAL_Driver/Src/stm32f4xx_hal_cortex.c.obj
 .text.HAL_MPU_ConfigRegion
                0x00000000       0x80 CMakeFiles/firmware.elf.dir/Drivers/STM32F4xx_HAL_Driver/Src/stm32f4xx_hal_cortex.c.obj
 .text.HAL_CORTEX_ClearEvent
                0x00000000       0x12 CMakeFiles/firmware.elf.dir/Drivers/STM32F4xx_HAL_Driver/Src/stm32f4xx_hal_cortex.c.obj
 .text.HAL_NVIC_GetPriorityGrouping
                0x00000000        0xe CMakeFiles/firmware.elf.dir/Drivers/STM32F4xx_HAL_Driver/Src/stm32f4xx_hal_cortex.c.obj
 .text.HAL_NVIC_GetPriority
                0x00000000       0x2c CMakeFiles/firmware.elf.dir/Drivers/STM32F4xx_HAL_Driver/Src/stm32f4xx_hal_cortex.c.obj
 .text.HAL_NVIC_SetPendingIRQ
                0x00000000       0x1c CMakeFiles/firmware.elf.dir/Drivers/STM32F4xx_HAL_Driver/Src/stm32f4xx_hal_cortex.c.obj
 .text.HAL_NVIC_GetPendingIRQ
                0x00000000       0x1e CMakeFiles/firmware.elf.dir/Drivers/STM32F4xx_HAL_Driver/Src/stm32f4xx_hal_cortex.c.obj
 .text.HAL_NVIC_ClearPendingIRQ
                0x00000000       0x1c CMakeFiles/firmware.elf.dir/Drivers/STM32F4xx_HAL_Driver/Src/stm32f4xx_hal_cortex.c.obj
 .text.HAL_NVIC_GetActive
                0x00000000       0x1e CMakeFiles/firmware.elf.dir/Drivers/STM32F4xx_HAL_Driver/Src/stm32f4xx_hal_cortex.c.obj
 .text.HAL_SYSTICK_CLKSourceConfig
                0x00000000       0x38 CMakeFiles/firmware.elf.dir/Drivers/STM32F4xx_HAL_Driver/Src/stm32f4xx_hal_cortex.c.obj
 .text.HAL_SYSTICK_IRQHandler
                0x00000000        0xc CMakeFiles/firmware.elf.dir/Drivers/STM32F4xx_HAL_Driver/Src/stm32f4xx_hal_cortex.c.obj
 .text.HAL_SYSTICK_Callback
                0x00000000        0xe CMakeFiles/firmware.elf.dir/Drivers/STM32F4xx_HAL_Driver/Src/stm32f4xx_hal_cortex.c.obj
 .text          0x00000000        0x0 CMakeFiles/firmware.elf.dir/Drivers/STM32F4xx_HAL_Driver/Src/stm32f4xx_hal_crc.c.obj
 .data          0x00000000        0x0 CMakeFiles/firmware.elf.dir/Drivers/STM32F4xx_HAL_Driver/Src/stm32f4xx_hal_crc.c.obj
 .bss           0x00000000        0x0 CMakeFiles/firmware.elf.dir/Drivers/STM32F4xx_HAL_Driver/Src/stm32f4xx_hal_crc.c.obj
 .text.HAL_CRC_DeInit
                0x00000000       0x5a CMakeFiles/firmware.elf.dir/Drivers/STM32F4xx_HAL_Driver/Src/stm32f4xx_hal_crc.c.obj
 .text.HAL_CRC_MspInit
                0x00000000       0x14 CMakeFiles/firmware.elf.dir/Drivers/STM32F4xx_HAL_Driver/Src/stm32f4xx_hal_crc.c.obj
 .text.HAL_CRC_MspDeInit
                0x00000000       0x14 CMakeFiles/firmware.elf.dir/Drivers/STM32F4xx_HAL_Driver/Src/stm32f4xx_hal_crc.c.obj
 .text.HAL_CRC_Accumulate
                0x00000000       0x56 CMakeFiles/firmware.elf.dir/Drivers/STM32F4xx_HAL_Driver/Src/stm32f4xx_hal_crc.c.obj
 .text.HAL_CRC_Calculate
                0x00000000       0x66 CMakeFiles/firmware.elf.dir/Drivers/STM32F4xx_HAL_Driver/Src/stm32f4xx_hal_crc.c.obj
 .text.HAL_CRC_GetState
                0x00000000       0x1a CMakeFiles/firmware.elf.dir/Drivers/STM32F4xx_HAL_Driver/Src/stm32f4xx_hal_crc.c.obj
 .text          0x00000000        0x0 CMakeFiles/firmware.elf.dir/Drivers/STM32F4xx_HAL_Driver/Src/stm32f4xx_hal_dma.c.obj
 .data          0x00000000        0x0 CMakeFiles/firmware.elf.dir/Drivers/STM32F4xx_HAL_Driver/Src/stm32f4xx_hal_dma.c.obj
 .bss           0x00000000        0x0 CMakeFiles/firmware.elf.dir/Drivers/STM32F4xx_HAL_Driver/Src/stm32f4xx_hal_dma.c.obj
 .text.HAL_DMA_Init
                0x00000000      0x15c CMakeFiles/firmware.elf.dir/Drivers/STM32F4xx_HAL_Driver/Src/stm32f4xx_hal_dma.c.obj
 .text.HAL_DMA_DeInit
                0x00000000       0xbc CMakeFiles/firmware.elf.dir/Drivers/STM32F4xx_HAL_Driver/Src/stm32f4xx_hal_dma.c.obj
 .text.HAL_DMA_Start
                0x00000000       0x76 CMakeFiles/firmware.elf.dir/Drivers/STM32F4xx_HAL_Driver/Src/stm32f4xx_hal_dma.c.obj
 .text.HAL_DMA_Start_IT
                0x00000000       0xb0 CMakeFiles/firmware.elf.dir/Drivers/STM32F4xx_HAL_Driver/Src/stm32f4xx_hal_dma.c.obj
 .text.HAL_DMA_Abort
                0x00000000       0xe0 CMakeFiles/firmware.elf.dir/Drivers/STM32F4xx_HAL_Driver/Src/stm32f4xx_hal_dma.c.obj
 .text.HAL_DMA_Abort_IT
                0x00000000       0x44 CMakeFiles/firmware.elf.dir/Drivers/STM32F4xx_HAL_Driver/Src/stm32f4xx_hal_dma.c.obj
 .text.HAL_DMA_PollForTransfer
                0x00000000      0x1be CMakeFiles/firmware.elf.dir/Drivers/STM32F4xx_HAL_Driver/Src/stm32f4xx_hal_dma.c.obj
 .text.HAL_DMA_IRQHandler
                0x00000000      0x314 CMakeFiles/firmware.elf.dir/Drivers/STM32F4xx_HAL_Driver/Src/stm32f4xx_hal_dma.c.obj
 .text.HAL_DMA_RegisterCallback
                0x00000000       0xa8 CMakeFiles/firmware.elf.dir/Drivers/STM32F4xx_HAL_Driver/Src/stm32f4xx_hal_dma.c.obj
 .text.HAL_DMA_UnRegisterCallback
                0x00000000       0xd4 CMakeFiles/firmware.elf.dir/Drivers/STM32F4xx_HAL_Driver/Src/stm32f4xx_hal_dma.c.obj
 .text.HAL_DMA_GetState
                0x00000000       0x1c CMakeFiles/firmware.elf.dir/Drivers/STM32F4xx_HAL_Driver/Src/stm32f4xx_hal_dma.c.obj
 .text.HAL_DMA_GetError
                0x00000000       0x18 CMakeFiles/firmware.elf.dir/Drivers/STM32F4xx_HAL_Driver/Src/stm32f4xx_hal_dma.c.obj
 .text.DMA_SetConfig
                0x00000000       0x5c CMakeFiles/firmware.elf.dir/Drivers/STM32F4xx_HAL_Driver/Src/stm32f4xx_hal_dma.c.obj
 .text.DMA_CalcBaseAndBitshift
                0x00000000       0x6c CMakeFiles/firmware.elf.dir/Drivers/STM32F4xx_HAL_Driver/Src/stm32f4xx_hal_dma.c.obj
 .text.DMA_CheckFifoParam
                0x00000000       0xf8 CMakeFiles/firmware.elf.dir/Drivers/STM32F4xx_HAL_Driver/Src/stm32f4xx_hal_dma.c.obj
 .rodata.flagBitshiftOffset.0
                0x00000000        0x8 CMakeFiles/firmware.elf.dir/Drivers/STM32F4xx_HAL_Driver/Src/stm32f4xx_hal_dma.c.obj
 .comment       0x00000000       0x4a CMakeFiles/firmware.elf.dir/Drivers/STM32F4xx_HAL_Driver/Src/stm32f4xx_hal_dma.c.obj
 .ARM.attributes
                0x00000000       0x34 CMakeFiles/firmware.elf.dir/Drivers/STM32F4xx_HAL_Driver/Src/stm32f4xx_hal_dma.c.obj
 .text          0x00000000        0x0 CMakeFiles/firmware.elf.dir/Drivers/STM32F4xx_HAL_Driver/Src/stm32f4xx_hal_dma_ex.c.obj
 .data          0x00000000        0x0 CMakeFiles/firmware.elf.dir/Drivers/STM32F4xx_HAL_Driver/Src/stm32f4xx_hal_dma_ex.c.obj
 .bss           0x00000000        0x0 CMakeFiles/firmware.elf.dir/Drivers/STM32F4xx_HAL_Driver/Src/stm32f4xx_hal_dma_ex.c.obj
 .text.HAL_DMAEx_MultiBufferStart
                0x00000000       0x96 CMakeFiles/firmware.elf.dir/Drivers/STM32F4xx_HAL_Driver/Src/stm32f4xx_hal_dma_ex.c.obj
 .text.HAL_DMAEx_MultiBufferStart_IT
                0x00000000     0x1290 CMakeFiles/firmware.elf.dir/Drivers/STM32F4xx_HAL_Driver/Src/stm32f4xx_hal_dma_ex.c.obj
 .text.HAL_DMAEx_ChangeMemory
                0x00000000       0x34 CMakeFiles/firmware.elf.dir/Drivers/STM32F4xx_HAL_Driver/Src/stm32f4xx_hal_dma_ex.c.obj
 .text.DMA_MultiBufferSetConfig
                0x00000000       0x4c CMakeFiles/firmware.elf.dir/Drivers/STM32F4xx_HAL_Driver/Src/stm32f4xx_hal_dma_ex.c.obj
 .comment       0x00000000       0x4a CMakeFiles/firmware.elf.dir/Drivers/STM32F4xx_HAL_Driver/Src/stm32f4xx_hal_dma_ex.c.obj
 .ARM.attributes
                0x00000000       0x34 CMakeFiles/firmware.elf.dir/Drivers/STM32F4xx_HAL_Driver/Src/stm32f4xx_hal_dma_ex.c.obj
 .text          0x00000000        0x0 CMakeFiles/firmware.elf.dir/Drivers/STM32F4xx_HAL_Driver/Src/stm32f4xx_hal_exti.c.obj
 .data          0x00000000        0x0 CMakeFiles/firmware.elf.dir/Drivers/STM32F4xx_HAL_Driver/Src/stm32f4xx_hal_exti.c.obj
 .bss           0x00000000        0x0 CMakeFiles/firmware.elf.dir/Drivers/STM32F4xx_HAL_Driver/Src/stm32f4xx_hal_exti.c.obj
 .text.HAL_EXTI_SetConfigLine
                0x00000000      0x150 CMakeFiles/firmware.elf.dir/Drivers/STM32F4xx_HAL_Driver/Src/stm32f4xx_hal_exti.c.obj
 .text.HAL_EXTI_GetConfigLine
                0x00000000       0xf4 CMakeFiles/firmware.elf.dir/Drivers/STM32F4xx_HAL_Driver/Src/stm32f4xx_hal_exti.c.obj
 .text.HAL_EXTI_ClearConfigLine
                0x00000000       0xc0 CMakeFiles/firmware.elf.dir/Drivers/STM32F4xx_HAL_Driver/Src/stm32f4xx_hal_exti.c.obj
 .text.HAL_EXTI_RegisterCallback
                0x00000000       0x34 CMakeFiles/firmware.elf.dir/Drivers/STM32F4xx_HAL_Driver/Src/stm32f4xx_hal_exti.c.obj
 .text.HAL_EXTI_GetHandle
                0x00000000       0x28 CMakeFiles/firmware.elf.dir/Drivers/STM32F4xx_HAL_Driver/Src/stm32f4xx_hal_exti.c.obj
 .text.HAL_EXTI_IRQHandler
                0x00000000       0x48 CMakeFiles/firmware.elf.dir/Drivers/STM32F4xx_HAL_Driver/Src/stm32f4xx_hal_exti.c.obj
 .text.HAL_EXTI_GetPending
                0x00000000       0x40 CMakeFiles/firmware.elf.dir/Drivers/STM32F4xx_HAL_Driver/Src/stm32f4xx_hal_exti.c.obj
 .text.HAL_EXTI_ClearPending
                0x00000000       0x30 CMakeFiles/firmware.elf.dir/Drivers/STM32F4xx_HAL_Driver/Src/stm32f4xx_hal_exti.c.obj
 .text.HAL_EXTI_GenerateSWI
                0x00000000       0x30 CMakeFiles/firmware.elf.dir/Drivers/STM32F4xx_HAL_Driver/Src/stm32f4xx_hal_exti.c.obj
 .comment       0x00000000       0x4a CMakeFiles/firmware.elf.dir/Drivers/STM32F4xx_HAL_Driver/Src/stm32f4xx_hal_exti.c.obj
 .ARM.attributes
                0x00000000       0x34 CMakeFiles/firmware.elf.dir/Drivers/STM32F4xx_HAL_Driver/Src/stm32f4xx_hal_exti.c.obj
 .text          0x00000000        0x0 CMakeFiles/firmware.elf.dir/Drivers/STM32F4xx_HAL_Driver/Src/stm32f4xx_hal_flash.c.obj
 .data          0x00000000        0x0 CMakeFiles/firmware.elf.dir/Drivers/STM32F4xx_HAL_Driver/Src/stm32f4xx_hal_flash.c.obj
 .bss           0x00000000        0x0 CMakeFiles/firmware.elf.dir/Drivers/STM32F4xx_HAL_Driver/Src/stm32f4xx_hal_flash.c.obj
 .data.pFlash   0x00000000       0x20 CMakeFiles/firmware.elf.dir/Drivers/STM32F4xx_HAL_Driver/Src/stm32f4xx_hal_flash.c.obj
 .text.HAL_FLASH_Program
                0x00000000       0xa4 CMakeFiles/firmware.elf.dir/Drivers/STM32F4xx_HAL_Driver/Src/stm32f4xx_hal_flash.c.obj
 .text.HAL_FLASH_Program_IT
                0x00000000       0x88 CMakeFiles/firmware.elf.dir/Drivers/STM32F4xx_HAL_Driver/Src/stm32f4xx_hal_flash.c.obj
 .text.HAL_FLASH_IRQHandler
                0x00000000      0x138 CMakeFiles/firmware.elf.dir/Drivers/STM32F4xx_HAL_Driver/Src/stm32f4xx_hal_flash.c.obj
 .text.HAL_FLASH_EndOfOperationCallback
                0x00000000       0x14 CMakeFiles/firmware.elf.dir/Drivers/STM32F4xx_HAL_Driver/Src/stm32f4xx_hal_flash.c.obj
 .text.HAL_FLASH_OperationErrorCallback
                0x00000000       0x14 CMakeFiles/firmware.elf.dir/Drivers/STM32F4xx_HAL_Driver/Src/stm32f4xx_hal_flash.c.obj
 .text.HAL_FLASH_Unlock
                0x00000000       0x44 CMakeFiles/firmware.elf.dir/Drivers/STM32F4xx_HAL_Driver/Src/stm32f4xx_hal_flash.c.obj
 .text.HAL_FLASH_Lock
                0x00000000       0x20 CMakeFiles/firmware.elf.dir/Drivers/STM32F4xx_HAL_Driver/Src/stm32f4xx_hal_flash.c.obj
 .text.HAL_FLASH_OB_Unlock
                0x00000000       0x38 CMakeFiles/firmware.elf.dir/Drivers/STM32F4xx_HAL_Driver/Src/stm32f4xx_hal_flash.c.obj
 .text.HAL_FLASH_OB_Lock
                0x00000000       0x20 CMakeFiles/firmware.elf.dir/Drivers/STM32F4xx_HAL_Driver/Src/stm32f4xx_hal_flash.c.obj
 .text.HAL_FLASH_OB_Launch
                0x00000000       0x28 CMakeFiles/firmware.elf.dir/Drivers/STM32F4xx_HAL_Driver/Src/stm32f4xx_hal_flash.c.obj
 .text.HAL_FLASH_GetError
                0x00000000       0x18 CMakeFiles/firmware.elf.dir/Drivers/STM32F4xx_HAL_Driver/Src/stm32f4xx_hal_flash.c.obj
 .text.FLASH_WaitForLastOperation
                0x00000000       0x80 CMakeFiles/firmware.elf.dir/Drivers/STM32F4xx_HAL_Driver/Src/stm32f4xx_hal_flash.c.obj
 .text.FLASH_Program_DoubleWord
                0x00000000       0x64 CMakeFiles/firmware.elf.dir/Drivers/STM32F4xx_HAL_Driver/Src/stm32f4xx_hal_flash.c.obj
 .text.FLASH_Program_Word
                0x00000000       0x44 CMakeFiles/firmware.elf.dir/Drivers/STM32F4xx_HAL_Driver/Src/stm32f4xx_hal_flash.c.obj
 .text.FLASH_Program_HalfWord
                0x00000000       0x48 CMakeFiles/firmware.elf.dir/Drivers/STM32F4xx_HAL_Driver/Src/stm32f4xx_hal_flash.c.obj
 .text.FLASH_Program_Byte
                0x00000000       0x44 CMakeFiles/firmware.elf.dir/Drivers/STM32F4xx_HAL_Driver/Src/stm32f4xx_hal_flash.c.obj
 .text.FLASH_SetErrorCode
                0x00000000       0xcc CMakeFiles/firmware.elf.dir/Drivers/STM32F4xx_HAL_Driver/Src/stm32f4xx_hal_flash.c.obj
 .comment       0x00000000       0x4a CMakeFiles/firmware.elf.dir/Drivers/STM32F4xx_HAL_Driver/Src/stm32f4xx_hal_flash.c.obj
 .ARM.attributes
                0x00000000       0x34 CMakeFiles/firmware.elf.dir/Drivers/STM32F4xx_HAL_Driver/Src/stm32f4xx_hal_flash.c.obj
 .text          0x00000000        0x0 CMakeFiles/firmware.elf.dir/Drivers/STM32F4xx_HAL_Driver/Src/stm32f4xx_hal_flash_ex.c.obj
 .data          0x00000000        0x0 CMakeFiles/firmware.elf.dir/Drivers/STM32F4xx_HAL_Driver/Src/stm32f4xx_hal_flash_ex.c.obj
 .bss           0x00000000        0x0 CMakeFiles/firmware.elf.dir/Drivers/STM32F4xx_HAL_Driver/Src/stm32f4xx_hal_flash_ex.c.obj
 .text.HAL_FLASHEx_Erase
                0x00000000       0xdc CMakeFiles/firmware.elf.dir/Drivers/STM32F4xx_HAL_Driver/Src/stm32f4xx_hal_flash_ex.c.obj
 .text.HAL_FLASHEx_Erase_IT
                0x00000000       0x98 CMakeFiles/firmware.elf.dir/Drivers/STM32F4xx_HAL_Driver/Src/stm32f4xx_hal_flash_ex.c.obj
 .text.HAL_FLASHEx_OBProgram
                0x00000000       0xdc CMakeFiles/firmware.elf.dir/Drivers/STM32F4xx_HAL_Driver/Src/stm32f4xx_hal_flash_ex.c.obj
 .text.HAL_FLASHEx_OBGetConfig
                0x00000000       0x46 CMakeFiles/firmware.elf.dir/Drivers/STM32F4xx_HAL_Driver/Src/stm32f4xx_hal_flash_ex.c.obj
 .text.HAL_FLASHEx_AdvOBProgram
                0x00000000       0x48 CMakeFiles/firmware.elf.dir/Drivers/STM32F4xx_HAL_Driver/Src/stm32f4xx_hal_flash_ex.c.obj
 .text.HAL_FLASHEx_AdvOBGetConfig
                0x00000000       0x24 CMakeFiles/firmware.elf.dir/Drivers/STM32F4xx_HAL_Driver/Src/stm32f4xx_hal_flash_ex.c.obj
 .text.HAL_FLASHEx_OB_SelectPCROP
                0x00000000       0x30 CMakeFiles/firmware.elf.dir/Drivers/STM32F4xx_HAL_Driver/Src/stm32f4xx_hal_flash_ex.c.obj
 .text.HAL_FLASHEx_OB_DeSelectPCROP
                0x00000000       0x2c CMakeFiles/firmware.elf.dir/Drivers/STM32F4xx_HAL_Driver/Src/stm32f4xx_hal_flash_ex.c.obj
 .text.FLASH_MassErase
                0x00000000       0x48 CMakeFiles/firmware.elf.dir/Drivers/STM32F4xx_HAL_Driver/Src/stm32f4xx_hal_flash_ex.c.obj
 .text.FLASH_Erase_Sector
                0x00000000       0x90 CMakeFiles/firmware.elf.dir/Drivers/STM32F4xx_HAL_Driver/Src/stm32f4xx_hal_flash_ex.c.obj
 .text.FLASH_OB_EnableWRP
                0x00000000       0x44 CMakeFiles/firmware.elf.dir/Drivers/STM32F4xx_HAL_Driver/Src/stm32f4xx_hal_flash_ex.c.obj
 .text.FLASH_OB_DisableWRP
                0x00000000       0x40 CMakeFiles/firmware.elf.dir/Drivers/STM32F4xx_HAL_Driver/Src/stm32f4xx_hal_flash_ex.c.obj
 .text.FLASH_OB_EnablePCROP
                0x00000000       0x40 CMakeFiles/firmware.elf.dir/Drivers/STM32F4xx_HAL_Driver/Src/stm32f4xx_hal_flash_ex.c.obj
 .text.FLASH_OB_DisablePCROP
                0x00000000       0x44 CMakeFiles/firmware.elf.dir/Drivers/STM32F4xx_HAL_Driver/Src/stm32f4xx_hal_flash_ex.c.obj
 .text.FLASH_OB_RDP_LevelConfig
                0x00000000       0x34 CMakeFiles/firmware.elf.dir/Drivers/STM32F4xx_HAL_Driver/Src/stm32f4xx_hal_flash_ex.c.obj
 .text.FLASH_OB_UserConfig
                0x00000000       0x5c CMakeFiles/firmware.elf.dir/Drivers/STM32F4xx_HAL_Driver/Src/stm32f4xx_hal_flash_ex.c.obj
 .text.FLASH_OB_BOR_LevelConfig
                0x00000000       0x3c CMakeFiles/firmware.elf.dir/Drivers/STM32F4xx_HAL_Driver/Src/stm32f4xx_hal_flash_ex.c.obj
 .text.FLASH_OB_GetUser
                0x00000000       0x20 CMakeFiles/firmware.elf.dir/Drivers/STM32F4xx_HAL_Driver/Src/stm32f4xx_hal_flash_ex.c.obj
 .text.FLASH_OB_GetWRP
                0x00000000       0x18 CMakeFiles/firmware.elf.dir/Drivers/STM32F4xx_HAL_Driver/Src/stm32f4xx_hal_flash_ex.c.obj
 .text.FLASH_OB_GetRDP
                0x00000000       0x40 CMakeFiles/firmware.elf.dir/Drivers/STM32F4xx_HAL_Driver/Src/stm32f4xx_hal_flash_ex.c.obj
 .text.FLASH_OB_GetBOR
                0x00000000       0x20 CMakeFiles/firmware.elf.dir/Drivers/STM32F4xx_HAL_Driver/Src/stm32f4xx_hal_flash_ex.c.obj
 .text.FLASH_FlushCaches
                0x00000000       0x8c CMakeFiles/firmware.elf.dir/Drivers/STM32F4xx_HAL_Driver/Src/stm32f4xx_hal_flash_ex.c.obj
 .comment       0x00000000       0x4a CMakeFiles/firmware.elf.dir/Drivers/STM32F4xx_HAL_Driver/Src/stm32f4xx_hal_flash_ex.c.obj
 .ARM.attributes
                0x00000000       0x34 CMakeFiles/firmware.elf.dir/Drivers/STM32F4xx_HAL_Driver/Src/stm32f4xx_hal_flash_ex.c.obj
 .text          0x00000000        0x0 CMakeFiles/firmware.elf.dir/Drivers/STM32F4xx_HAL_Driver/Src/stm32f4xx_hal_flash_ramfunc.c.obj
 .data          0x00000000        0x0 CMakeFiles/firmware.elf.dir/Drivers/STM32F4xx_HAL_Driver/Src/stm32f4xx_hal_flash_ramfunc.c.obj
 .bss           0x00000000        0x0 CMakeFiles/firmware.elf.dir/Drivers/STM32F4xx_HAL_Driver/Src/stm32f4xx_hal_flash_ramfunc.c.obj
 .RamFunc       0x00000000      0x110 CMakeFiles/firmware.elf.dir/Drivers/STM32F4xx_HAL_Driver/Src/stm32f4xx_hal_flash_ramfunc.c.obj
 .comment       0x00000000       0x4a CMakeFiles/firmware.elf.dir/Drivers/STM32F4xx_HAL_Driver/Src/stm32f4xx_hal_flash_ramfunc.c.obj
 .ARM.attributes
                0x00000000       0x34 CMakeFiles/firmware.elf.dir/Drivers/STM32F4xx_HAL_Driver/Src/stm32f4xx_hal_flash_ramfunc.c.obj
 .text          0x00000000        0x0 CMakeFiles/firmware.elf.dir/Drivers/STM32F4xx_HAL_Driver/Src/stm32f4xx_hal_gpio.c.obj
 .data          0x00000000        0x0 CMakeFiles/firmware.elf.dir/Drivers/STM32F4xx_HAL_Driver/Src/stm32f4xx_hal_gpio.c.obj
 .bss           0x00000000        0x0 CMakeFiles/firmware.elf.dir/Drivers/STM32F4xx_HAL_Driver/Src/stm32f4xx_hal_gpio.c.obj
 .text.HAL_GPIO_DeInit
                0x00000000      0x1e8 CMakeFiles/firmware.elf.dir/Drivers/STM32F4xx_HAL_Driver/Src/stm32f4xx_hal_gpio.c.obj
 .text.HAL_GPIO_ReadPin
                0x00000000       0x30 CMakeFiles/firmware.elf.dir/Drivers/STM32F4xx_HAL_Driver/Src/stm32f4xx_hal_gpio.c.obj
 .text.HAL_GPIO_TogglePin
                0x00000000       0x34 CMakeFiles/firmware.elf.dir/Drivers/STM32F4xx_HAL_Driver/Src/stm32f4xx_hal_gpio.c.obj
 .text.HAL_GPIO_LockPin
                0x00000000       0x50 CMakeFiles/firmware.elf.dir/Drivers/STM32F4xx_HAL_Driver/Src/stm32f4xx_hal_gpio.c.obj
 .text.HAL_GPIO_EXTI_IRQHandler
                0x00000000       0x30 CMakeFiles/firmware.elf.dir/Drivers/STM32F4xx_HAL_Driver/Src/stm32f4xx_hal_gpio.c.obj
 .text.HAL_GPIO_EXTI_Callback
                0x00000000       0x16 CMakeFiles/firmware.elf.dir/Drivers/STM32F4xx_HAL_Driver/Src/stm32f4xx_hal_gpio.c.obj
 .text          0x00000000        0x0 CMakeFiles/firmware.elf.dir/Drivers/STM32F4xx_HAL_Driver/Src/stm32f4xx_hal_pwr.c.obj
 .data          0x00000000        0x0 CMakeFiles/firmware.elf.dir/Drivers/STM32F4xx_HAL_Driver/Src/stm32f4xx_hal_pwr.c.obj
 .bss           0x00000000        0x0 CMakeFiles/firmware.elf.dir/Drivers/STM32F4xx_HAL_Driver/Src/stm32f4xx_hal_pwr.c.obj
 .text.HAL_PWR_DeInit
                0x00000000       0x2c CMakeFiles/firmware.elf.dir/Drivers/STM32F4xx_HAL_Driver/Src/stm32f4xx_hal_pwr.c.obj
 .text.HAL_PWR_EnableBkUpAccess
                0x00000000       0x28 CMakeFiles/firmware.elf.dir/Drivers/STM32F4xx_HAL_Driver/Src/stm32f4xx_hal_pwr.c.obj
 .text.HAL_PWR_DisableBkUpAccess
                0x00000000       0x28 CMakeFiles/firmware.elf.dir/Drivers/STM32F4xx_HAL_Driver/Src/stm32f4xx_hal_pwr.c.obj
 .text.HAL_PWR_ConfigPVD
                0x00000000       0xc0 CMakeFiles/firmware.elf.dir/Drivers/STM32F4xx_HAL_Driver/Src/stm32f4xx_hal_pwr.c.obj
 .text.HAL_PWR_EnablePVD
                0x00000000       0x18 CMakeFiles/firmware.elf.dir/Drivers/STM32F4xx_HAL_Driver/Src/stm32f4xx_hal_pwr.c.obj
 .text.HAL_PWR_DisablePVD
                0x00000000       0x18 CMakeFiles/firmware.elf.dir/Drivers/STM32F4xx_HAL_Driver/Src/stm32f4xx_hal_pwr.c.obj
 .text.HAL_PWR_EnableWakeUpPin
                0x00000000       0x24 CMakeFiles/firmware.elf.dir/Drivers/STM32F4xx_HAL_Driver/Src/stm32f4xx_hal_pwr.c.obj
 .text.HAL_PWR_DisableWakeUpPin
                0x00000000       0x28 CMakeFiles/firmware.elf.dir/Drivers/STM32F4xx_HAL_Driver/Src/stm32f4xx_hal_pwr.c.obj
 .text.HAL_PWR_EnterSLEEPMode
                0x00000000       0x40 CMakeFiles/firmware.elf.dir/Drivers/STM32F4xx_HAL_Driver/Src/stm32f4xx_hal_pwr.c.obj
 .text.HAL_PWR_EnterSTOPMode
                0x00000000       0x60 CMakeFiles/firmware.elf.dir/Drivers/STM32F4xx_HAL_Driver/Src/stm32f4xx_hal_pwr.c.obj
 .text.HAL_PWR_EnterSTANDBYMode
                0x00000000       0x30 CMakeFiles/firmware.elf.dir/Drivers/STM32F4xx_HAL_Driver/Src/stm32f4xx_hal_pwr.c.obj
 .text.HAL_PWR_PVD_IRQHandler
                0x00000000       0x24 CMakeFiles/firmware.elf.dir/Drivers/STM32F4xx_HAL_Driver/Src/stm32f4xx_hal_pwr.c.obj
 .text.HAL_PWR_PVDCallback
                0x00000000        0xe CMakeFiles/firmware.elf.dir/Drivers/STM32F4xx_HAL_Driver/Src/stm32f4xx_hal_pwr.c.obj
 .text.HAL_PWR_EnableSleepOnExit
                0x00000000       0x20 CMakeFiles/firmware.elf.dir/Drivers/STM32F4xx_HAL_Driver/Src/stm32f4xx_hal_pwr.c.obj
 .text.HAL_PWR_DisableSleepOnExit
                0x00000000       0x20 CMakeFiles/firmware.elf.dir/Drivers/STM32F4xx_HAL_Driver/Src/stm32f4xx_hal_pwr.c.obj
 .text.HAL_PWR_EnableSEVOnPend
                0x00000000       0x20 CMakeFiles/firmware.elf.dir/Drivers/STM32F4xx_HAL_Driver/Src/stm32f4xx_hal_pwr.c.obj
 .text.HAL_PWR_DisableSEVOnPend
                0x00000000       0x20 CMakeFiles/firmware.elf.dir/Drivers/STM32F4xx_HAL_Driver/Src/stm32f4xx_hal_pwr.c.obj
 .comment       0x00000000       0x4a CMakeFiles/firmware.elf.dir/Drivers/STM32F4xx_HAL_Driver/Src/stm32f4xx_hal_pwr.c.obj
 .ARM.attributes
                0x00000000       0x34 CMakeFiles/firmware.elf.dir/Drivers/STM32F4xx_HAL_Driver/Src/stm32f4xx_hal_pwr.c.obj
 .text          0x00000000        0x0 CMakeFiles/firmware.elf.dir/Drivers/STM32F4xx_HAL_Driver/Src/stm32f4xx_hal_pwr_ex.c.obj
 .data          0x00000000        0x0 CMakeFiles/firmware.elf.dir/Drivers/STM32F4xx_HAL_Driver/Src/stm32f4xx_hal_pwr_ex.c.obj
 .bss           0x00000000        0x0 CMakeFiles/firmware.elf.dir/Drivers/STM32F4xx_HAL_Driver/Src/stm32f4xx_hal_pwr_ex.c.obj
 .text.HAL_PWREx_EnableBkUpReg
                0x00000000       0x4c CMakeFiles/firmware.elf.dir/Drivers/STM32F4xx_HAL_Driver/Src/stm32f4xx_hal_pwr_ex.c.obj
 .text.HAL_PWREx_DisableBkUpReg
                0x00000000       0x4c CMakeFiles/firmware.elf.dir/Drivers/STM32F4xx_HAL_Driver/Src/stm32f4xx_hal_pwr_ex.c.obj
 .text.HAL_PWREx_EnableFlashPowerDown
                0x00000000       0x18 CMakeFiles/firmware.elf.dir/Drivers/STM32F4xx_HAL_Driver/Src/stm32f4xx_hal_pwr_ex.c.obj
 .text.HAL_PWREx_DisableFlashPowerDown
                0x00000000       0x18 CMakeFiles/firmware.elf.dir/Drivers/STM32F4xx_HAL_Driver/Src/stm32f4xx_hal_pwr_ex.c.obj
 .text.HAL_PWREx_GetVoltageRange
                0x00000000       0x1c CMakeFiles/firmware.elf.dir/Drivers/STM32F4xx_HAL_Driver/Src/stm32f4xx_hal_pwr_ex.c.obj
 .text.HAL_PWREx_ControlVoltageScaling
                0x00000000       0xf4 CMakeFiles/firmware.elf.dir/Drivers/STM32F4xx_HAL_Driver/Src/stm32f4xx_hal_pwr_ex.c.obj
 .text.HAL_PWREx_EnableOverDrive
                0x00000000       0xa0 CMakeFiles/firmware.elf.dir/Drivers/STM32F4xx_HAL_Driver/Src/stm32f4xx_hal_pwr_ex.c.obj
 .text.HAL_PWREx_DisableOverDrive
                0x00000000       0xa0 CMakeFiles/firmware.elf.dir/Drivers/STM32F4xx_HAL_Driver/Src/stm32f4xx_hal_pwr_ex.c.obj
 .text.HAL_PWREx_EnterUnderDriveSTOPMode
                0x00000000       0xa4 CMakeFiles/firmware.elf.dir/Drivers/STM32F4xx_HAL_Driver/Src/stm32f4xx_hal_pwr_ex.c.obj
 .comment       0x00000000       0x4a CMakeFiles/firmware.elf.dir/Drivers/STM32F4xx_HAL_Driver/Src/stm32f4xx_hal_pwr_ex.c.obj
 .ARM.attributes
                0x00000000       0x34 CMakeFiles/firmware.elf.dir/Drivers/STM32F4xx_HAL_Driver/Src/stm32f4xx_hal_pwr_ex.c.obj
 .text          0x00000000        0x0 CMakeFiles/firmware.elf.dir/Drivers/STM32F4xx_HAL_Driver/Src/stm32f4xx_hal_rcc.c.obj
 .data          0x00000000        0x0 CMakeFiles/firmware.elf.dir/Drivers/STM32F4xx_HAL_Driver/Src/stm32f4xx_hal_rcc.c.obj
 .bss           0x00000000        0x0 CMakeFiles/firmware.elf.dir/Drivers/STM32F4xx_HAL_Driver/Src/stm32f4xx_hal_rcc.c.obj
 .text.HAL_RCC_DeInit
                0x00000000       0x10 CMakeFiles/firmware.elf.dir/Drivers/STM32F4xx_HAL_Driver/Src/stm32f4xx_hal_rcc.c.obj
 .text.HAL_RCC_OscConfig
                0x00000000      0x500 CMakeFiles/firmware.elf.dir/Drivers/STM32F4xx_HAL_Driver/Src/stm32f4xx_hal_rcc.c.obj
 .text.HAL_RCC_MCOConfig
                0x00000000       0xd0 CMakeFiles/firmware.elf.dir/Drivers/STM32F4xx_HAL_Driver/Src/stm32f4xx_hal_rcc.c.obj
 .text.HAL_RCC_EnableCSS
                0x00000000       0x18 CMakeFiles/firmware.elf.dir/Drivers/STM32F4xx_HAL_Driver/Src/stm32f4xx_hal_rcc.c.obj
 .text.HAL_RCC_DisableCSS
                0x00000000       0x18 CMakeFiles/firmware.elf.dir/Drivers/STM32F4xx_HAL_Driver/Src/stm32f4xx_hal_rcc.c.obj
 .text.HAL_RCC_GetSysClockFreq
                0x00000000      0x20c CMakeFiles/firmware.elf.dir/Drivers/STM32F4xx_HAL_Driver/Src/stm32f4xx_hal_rcc.c.obj
 .text.HAL_RCC_GetOscConfig
                0x00000000      0x128 CMakeFiles/firmware.elf.dir/Drivers/STM32F4xx_HAL_Driver/Src/stm32f4xx_hal_rcc.c.obj
 .text.HAL_RCC_GetClockConfig
                0x00000000       0x64 CMakeFiles/firmware.elf.dir/Drivers/STM32F4xx_HAL_Driver/Src/stm32f4xx_hal_rcc.c.obj
 .text.HAL_RCC_NMI_IRQHandler
                0x00000000       0x28 CMakeFiles/firmware.elf.dir/Drivers/STM32F4xx_HAL_Driver/Src/stm32f4xx_hal_rcc.c.obj
 .text.HAL_RCC_CSSCallback
                0x00000000        0xe CMakeFiles/firmware.elf.dir/Drivers/STM32F4xx_HAL_Driver/Src/stm32f4xx_hal_rcc.c.obj
 .text          0x00000000        0x0 CMakeFiles/firmware.elf.dir/Drivers/STM32F4xx_HAL_Driver/Src/stm32f4xx_hal_rcc_ex.c.obj
 .data          0x00000000        0x0 CMakeFiles/firmware.elf.dir/Drivers/STM32F4xx_HAL_Driver/Src/stm32f4xx_hal_rcc_ex.c.obj
 .bss           0x00000000        0x0 CMakeFiles/firmware.elf.dir/Drivers/STM32F4xx_HAL_Driver/Src/stm32f4xx_hal_rcc_ex.c.obj
 .text.HAL_RCCEx_PeriphCLKConfig
                0x00000000      0x654 CMakeFiles/firmware.elf.dir/Drivers/STM32F4xx_HAL_Driver/Src/stm32f4xx_hal_rcc_ex.c.obj
 .text.HAL_RCCEx_GetPeriphCLKConfig
                0x00000000      0x18c CMakeFiles/firmware.elf.dir/Drivers/STM32F4xx_HAL_Driver/Src/stm32f4xx_hal_rcc_ex.c.obj
 .text.HAL_RCCEx_GetPeriphCLKFreq
                0x00000000      0x494 CMakeFiles/firmware.elf.dir/Drivers/STM32F4xx_HAL_Driver/Src/stm32f4xx_hal_rcc_ex.c.obj
 .text.HAL_RCCEx_SelectLSEMode
                0x00000000       0x3c CMakeFiles/firmware.elf.dir/Drivers/STM32F4xx_HAL_Driver/Src/stm32f4xx_hal_rcc_ex.c.obj
 .text.HAL_RCCEx_EnablePLLI2S
                0x00000000       0xa0 CMakeFiles/firmware.elf.dir/Drivers/STM32F4xx_HAL_Driver/Src/stm32f4xx_hal_rcc_ex.c.obj
 .text.HAL_RCCEx_DisablePLLI2S
                0x00000000       0x44 CMakeFiles/firmware.elf.dir/Drivers/STM32F4xx_HAL_Driver/Src/stm32f4xx_hal_rcc_ex.c.obj
 .text.HAL_RCCEx_EnablePLLSAI
                0x00000000       0x9c CMakeFiles/firmware.elf.dir/Drivers/STM32F4xx_HAL_Driver/Src/stm32f4xx_hal_rcc_ex.c.obj
 .text.HAL_RCCEx_DisablePLLSAI
                0x00000000       0x48 CMakeFiles/firmware.elf.dir/Drivers/STM32F4xx_HAL_Driver/Src/stm32f4xx_hal_rcc_ex.c.obj
 .text.HAL_RCC_DeInit
                0x00000000      0x1f0 CMakeFiles/firmware.elf.dir/Drivers/STM32F4xx_HAL_Driver/Src/stm32f4xx_hal_rcc_ex.c.obj
 .text.HAL_RCC_GetOscConfig
                0x00000000      0x138 CMakeFiles/firmware.elf.dir/Drivers/STM32F4xx_HAL_Driver/Src/stm32f4xx_hal_rcc_ex.c.obj
 .text          0x00000000        0x0 CMakeFiles/firmware.elf.dir/Drivers/STM32F4xx_HAL_Driver/Src/stm32f4xx_hal_uart.c.obj
 .data          0x00000000        0x0 CMakeFiles/firmware.elf.dir/Drivers/STM32F4xx_HAL_Driver/Src/stm32f4xx_hal_uart.c.obj
 .bss           0x00000000        0x0 CMakeFiles/firmware.elf.dir/Drivers/STM32F4xx_HAL_Driver/Src/stm32f4xx_hal_uart.c.obj
 .text.HAL_HalfDuplex_Init
                0x00000000       0xb0 CMakeFiles/firmware.elf.dir/Drivers/STM32F4xx_HAL_Driver/Src/stm32f4xx_hal_uart.c.obj
 .text.HAL_LIN_Init
                0x00000000       0xd2 CMakeFiles/firmware.elf.dir/Drivers/STM32F4xx_HAL_Driver/Src/stm32f4xx_hal_uart.c.obj
 .text.HAL_MultiProcessor_Init
                0x00000000       0xe6 CMakeFiles/firmware.elf.dir/Drivers/STM32F4xx_HAL_Driver/Src/stm32f4xx_hal_uart.c.obj
 .text.HAL_UART_DeInit
                0x00000000       0x64 CMakeFiles/firmware.elf.dir/Drivers/STM32F4xx_HAL_Driver/Src/stm32f4xx_hal_uart.c.obj
 .text.HAL_UART_MspInit
                0x00000000       0x14 CMakeFiles/firmware.elf.dir/Drivers/STM32F4xx_HAL_Driver/Src/stm32f4xx_hal_uart.c.obj
 .text.HAL_UART_MspDeInit
                0x00000000       0x14 CMakeFiles/firmware.elf.dir/Drivers/STM32F4xx_HAL_Driver/Src/stm32f4xx_hal_uart.c.obj
 .text.HAL_UART_Transmit
                0x00000000      0x116 CMakeFiles/firmware.elf.dir/Drivers/STM32F4xx_HAL_Driver/Src/stm32f4xx_hal_uart.c.obj
 .text.HAL_UART_Receive
                0x00000000      0x12e CMakeFiles/firmware.elf.dir/Drivers/STM32F4xx_HAL_Driver/Src/stm32f4xx_hal_uart.c.obj
 .text.HAL_UART_Transmit_IT
                0x00000000       0x6c CMakeFiles/firmware.elf.dir/Drivers/STM32F4xx_HAL_Driver/Src/stm32f4xx_hal_uart.c.obj
 .text.HAL_UART_Receive_IT
                0x00000000       0x4a CMakeFiles/firmware.elf.dir/Drivers/STM32F4xx_HAL_Driver/Src/stm32f4xx_hal_uart.c.obj
 .text.HAL_UART_Transmit_DMA
                0x00000000       0xf8 CMakeFiles/firmware.elf.dir/Drivers/STM32F4xx_HAL_Driver/Src/stm32f4xx_hal_uart.c.obj
 .text.HAL_UART_Receive_DMA
                0x00000000       0x4a CMakeFiles/firmware.elf.dir/Drivers/STM32F4xx_HAL_Driver/Src/stm32f4xx_hal_uart.c.obj
 .text.HAL_UART_DMAPause
                0x00000000      0x13a CMakeFiles/firmware.elf.dir/Drivers/STM32F4xx_HAL_Driver/Src/stm32f4xx_hal_uart.c.obj
 .text.HAL_UART_DMAResume
                0x00000000      0x11c CMakeFiles/firmware.elf.dir/Drivers/STM32F4xx_HAL_Driver/Src/stm32f4xx_hal_uart.c.obj
 .text.HAL_UART_DMAStop
                0x00000000       0xfe CMakeFiles/firmware.elf.dir/Drivers/STM32F4xx_HAL_Driver/Src/stm32f4xx_hal_uart.c.obj
 .text.HAL_UARTEx_ReceiveToIdle
                0x00000000      0x1a8 CMakeFiles/firmware.elf.dir/Drivers/STM32F4xx_HAL_Driver/Src/stm32f4xx_hal_uart.c.obj
 .text.HAL_UARTEx_ReceiveToIdle_IT
                0x00000000       0xba CMakeFiles/firmware.elf.dir/Drivers/STM32F4xx_HAL_Driver/Src/stm32f4xx_hal_uart.c.obj
 .text.HAL_UARTEx_ReceiveToIdle_DMA
                0x00000000       0xb2 CMakeFiles/firmware.elf.dir/Drivers/STM32F4xx_HAL_Driver/Src/stm32f4xx_hal_uart.c.obj
 .text.HAL_UARTEx_GetRxEventType
                0x00000000       0x18 CMakeFiles/firmware.elf.dir/Drivers/STM32F4xx_HAL_Driver/Src/stm32f4xx_hal_uart.c.obj
 .text.HAL_UART_Abort
                0x00000000      0x1d6 CMakeFiles/firmware.elf.dir/Drivers/STM32F4xx_HAL_Driver/Src/stm32f4xx_hal_uart.c.obj
 .text.HAL_UART_AbortTransmit
                0x00000000       0xd0 CMakeFiles/firmware.elf.dir/Drivers/STM32F4xx_HAL_Driver/Src/stm32f4xx_hal_uart.c.obj
 .text.HAL_UART_AbortReceive
                0x00000000      0x146 CMakeFiles/firmware.elf.dir/Drivers/STM32F4xx_HAL_Driver/Src/stm32f4xx_hal_uart.c.obj
 .text.HAL_UART_Abort_IT
                0x00000000      0x228 CMakeFiles/firmware.elf.dir/Drivers/STM32F4xx_HAL_Driver/Src/stm32f4xx_hal_uart.c.obj
 .text.HAL_UART_AbortTransmit_IT
                0x00000000       0xe8 CMakeFiles/firmware.elf.dir/Drivers/STM32F4xx_HAL_Driver/Src/stm32f4xx_hal_uart.c.obj
 .text.HAL_UART_AbortReceive_IT
                0x00000000      0x164 CMakeFiles/firmware.elf.dir/Drivers/STM32F4xx_HAL_Driver/Src/stm32f4xx_hal_uart.c.obj
 .text.HAL_UART_IRQHandler
                0x00000000      0x554 CMakeFiles/firmware.elf.dir/Drivers/STM32F4xx_HAL_Driver/Src/stm32f4xx_hal_uart.c.obj
 .text.HAL_UART_TxCpltCallback
                0x00000000       0x14 CMakeFiles/firmware.elf.dir/Drivers/STM32F4xx_HAL_Driver/Src/stm32f4xx_hal_uart.c.obj
 .text.HAL_UART_TxHalfCpltCallback
                0x00000000       0x14 CMakeFiles/firmware.elf.dir/Drivers/STM32F4xx_HAL_Driver/Src/stm32f4xx_hal_uart.c.obj
 .text.HAL_UART_RxCpltCallback
                0x00000000       0x14 CMakeFiles/firmware.elf.dir/Drivers/STM32F4xx_HAL_Driver/Src/stm32f4xx_hal_uart.c.obj
 .text.HAL_UART_RxHalfCpltCallback
                0x00000000       0x14 CMakeFiles/firmware.elf.dir/Drivers/STM32F4xx_HAL_Driver/Src/stm32f4xx_hal_uart.c.obj
 .text.HAL_UART_ErrorCallback
                0x00000000       0x14 CMakeFiles/firmware.elf.dir/Drivers/STM32F4xx_HAL_Driver/Src/stm32f4xx_hal_uart.c.obj
 .text.HAL_UART_AbortCpltCallback
                0x00000000       0x14 CMakeFiles/firmware.elf.dir/Drivers/STM32F4xx_HAL_Driver/Src/stm32f4xx_hal_uart.c.obj
 .text.HAL_UART_AbortTransmitCpltCallback
                0x00000000       0x14 CMakeFiles/firmware.elf.dir/Drivers/STM32F4xx_HAL_Driver/Src/stm32f4xx_hal_uart.c.obj
 .text.HAL_UART_AbortReceiveCpltCallback
                0x00000000       0x14 CMakeFiles/firmware.elf.dir/Drivers/STM32F4xx_HAL_Driver/Src/stm32f4xx_hal_uart.c.obj
 .text.HAL_UARTEx_RxEventCallback
                0x00000000       0x18 CMakeFiles/firmware.elf.dir/Drivers/STM32F4xx_HAL_Driver/Src/stm32f4xx_hal_uart.c.obj
 .text.HAL_LIN_SendBreak
                0x00000000       0x78 CMakeFiles/firmware.elf.dir/Drivers/STM32F4xx_HAL_Driver/Src/stm32f4xx_hal_uart.c.obj
 .text.HAL_MultiProcessor_EnterMuteMode
                0x00000000       0x7e CMakeFiles/firmware.elf.dir/Drivers/STM32F4xx_HAL_Driver/Src/stm32f4xx_hal_uart.c.obj
 .text.HAL_MultiProcessor_ExitMuteMode
                0x00000000       0x7e CMakeFiles/firmware.elf.dir/Drivers/STM32F4xx_HAL_Driver/Src/stm32f4xx_hal_uart.c.obj
 .text.HAL_HalfDuplex_EnableTransmitter
                0x00000000       0x68 CMakeFiles/firmware.elf.dir/Drivers/STM32F4xx_HAL_Driver/Src/stm32f4xx_hal_uart.c.obj
 .text.HAL_HalfDuplex_EnableReceiver
                0x00000000       0x68 CMakeFiles/firmware.elf.dir/Drivers/STM32F4xx_HAL_Driver/Src/stm32f4xx_hal_uart.c.obj
 .text.HAL_UART_GetState
                0x00000000       0x3c CMakeFiles/firmware.elf.dir/Drivers/STM32F4xx_HAL_Driver/Src/stm32f4xx_hal_uart.c.obj
 .text.HAL_UART_GetError
                0x00000000       0x18 CMakeFiles/firmware.elf.dir/Drivers/STM32F4xx_HAL_Driver/Src/stm32f4xx_hal_uart.c.obj
 .text.UART_DMATransmitCplt
                0x00000000       0x9a CMakeFiles/firmware.elf.dir/Drivers/STM32F4xx_HAL_Driver/Src/stm32f4xx_hal_uart.c.obj
 .text.UART_DMATxHalfCplt
                0x00000000       0x1c CMakeFiles/firmware.elf.dir/Drivers/STM32F4xx_HAL_Driver/Src/stm32f4xx_hal_uart.c.obj
 .text.UART_DMAReceiveCplt
                0x00000000      0x12c CMakeFiles/firmware.elf.dir/Drivers/STM32F4xx_HAL_Driver/Src/stm32f4xx_hal_uart.c.obj
 .text.UART_DMARxHalfCplt
                0x00000000       0x3c CMakeFiles/firmware.elf.dir/Drivers/STM32F4xx_HAL_Driver/Src/stm32f4xx_hal_uart.c.obj
 .text.UART_DMAError
                0x00000000       0x94 CMakeFiles/firmware.elf.dir/Drivers/STM32F4xx_HAL_Driver/Src/stm32f4xx_hal_uart.c.obj
 .text.UART_WaitOnFlagUntilTimeout
                0x00000000       0xb2 CMakeFiles/firmware.elf.dir/Drivers/STM32F4xx_HAL_Driver/Src/stm32f4xx_hal_uart.c.obj
 .text.UART_Start_Receive_IT
                0x00000000       0x74 CMakeFiles/firmware.elf.dir/Drivers/STM32F4xx_HAL_Driver/Src/stm32f4xx_hal_uart.c.obj
 .text.UART_Start_Receive_DMA
                0x00000000      0x14c CMakeFiles/firmware.elf.dir/Drivers/STM32F4xx_HAL_Driver/Src/stm32f4xx_hal_uart.c.obj
 .text.UART_EndTxTransfer
                0x00000000       0x50 CMakeFiles/firmware.elf.dir/Drivers/STM32F4xx_HAL_Driver/Src/stm32f4xx_hal_uart.c.obj
 .text.UART_EndRxTransfer
                0x00000000       0xc6 CMakeFiles/firmware.elf.dir/Drivers/STM32F4xx_HAL_Driver/Src/stm32f4xx_hal_uart.c.obj
 .text.UART_DMAAbortOnError
                0x00000000       0x22 CMakeFiles/firmware.elf.dir/Drivers/STM32F4xx_HAL_Driver/Src/stm32f4xx_hal_uart.c.obj
 .text.UART_DMATxAbortCallback
                0x00000000       0x60 CMakeFiles/firmware.elf.dir/Drivers/STM32F4xx_HAL_Driver/Src/stm32f4xx_hal_uart.c.obj
 .text.UART_DMARxAbortCallback
                0x00000000       0x60 CMakeFiles/firmware.elf.dir/Drivers/STM32F4xx_HAL_Driver/Src/stm32f4xx_hal_uart.c.obj
 .text.UART_DMATxOnlyAbortCallback
                0x00000000       0x2a CMakeFiles/firmware.elf.dir/Drivers/STM32F4xx_HAL_Driver/Src/stm32f4xx_hal_uart.c.obj
 .text.UART_DMARxOnlyAbortCallback
                0x00000000       0x30 CMakeFiles/firmware.elf.dir/Drivers/STM32F4xx_HAL_Driver/Src/stm32f4xx_hal_uart.c.obj
 .text.UART_Transmit_IT
                0x00000000       0xa0 CMakeFiles/firmware.elf.dir/Drivers/STM32F4xx_HAL_Driver/Src/stm32f4xx_hal_uart.c.obj
 .text.UART_EndTransmit_IT
                0x00000000       0x30 CMakeFiles/firmware.elf.dir/Drivers/STM32F4xx_HAL_Driver/Src/stm32f4xx_hal_uart.c.obj
 .text.UART_Receive_IT
                0x00000000      0x17c CMakeFiles/firmware.elf.dir/Drivers/STM32F4xx_HAL_Driver/Src/stm32f4xx_hal_uart.c.obj
 .text          0x00000000        0x0 CMakeFiles/firmware.elf.dir/Drivers/STM32F4xx_HAL_Driver/Src/stm32f4xx_hal_wwdg.c.obj
 .data          0x00000000        0x0 CMakeFiles/firmware.elf.dir/Drivers/STM32F4xx_HAL_Driver/Src/stm32f4xx_hal_wwdg.c.obj
 .bss           0x00000000        0x0 CMakeFiles/firmware.elf.dir/Drivers/STM32F4xx_HAL_Driver/Src/stm32f4xx_hal_wwdg.c.obj
 .text.HAL_WWDG_MspInit
                0x00000000       0x14 CMakeFiles/firmware.elf.dir/Drivers/STM32F4xx_HAL_Driver/Src/stm32f4xx_hal_wwdg.c.obj
 .text.HAL_WWDG_Refresh
                0x00000000       0x20 CMakeFiles/firmware.elf.dir/Drivers/STM32F4xx_HAL_Driver/Src/stm32f4xx_hal_wwdg.c.obj
 .text.HAL_WWDG_IRQHandler
                0x00000000       0x3e CMakeFiles/firmware.elf.dir/Drivers/STM32F4xx_HAL_Driver/Src/stm32f4xx_hal_wwdg.c.obj
 .text.HAL_WWDG_EarlyWakeupCallback
                0x00000000       0x14 CMakeFiles/firmware.elf.dir/Drivers/STM32F4xx_HAL_Driver/Src/stm32f4xx_hal_wwdg.c.obj
 .text          0x00000000       0x14 CMakeFiles/firmware.elf.dir/Core/Startup/startup_stm32f446retx.s.obj
 .data          0x00000000        0x0 CMakeFiles/firmware.elf.dir/Core/Startup/startup_stm32f446retx.s.obj
 .bss           0x00000000        0x0 CMakeFiles/firmware.elf.dir/Core/Startup/startup_stm32f446retx.s.obj
 .data          0x00000000        0x0 c:/progra~2/gnuarm~1/102021~1.10/bin/../lib/gcc/arm-none-eabi/10.3.1/thumb/v7e-m+fp/hard\libgcc.a(_aeabi_uldivmod.o)
 .bss           0x00000000        0x0 c:/progra~2/gnuarm~1/102021~1.10/bin/../lib/gcc/arm-none-eabi/10.3.1/thumb/v7e-m+fp/hard\libgcc.a(_aeabi_uldivmod.o)
 .data          0x00000000        0x0 c:/progra~2/gnuarm~1/102021~1.10/bin/../lib/gcc/arm-none-eabi/10.3.1/thumb/v7e-m+fp/hard\libgcc.a(_udivmoddi4.o)
 .bss           0x00000000        0x0 c:/progra~2/gnuarm~1/102021~1.10/bin/../lib/gcc/arm-none-eabi/10.3.1/thumb/v7e-m+fp/hard\libgcc.a(_udivmoddi4.o)
 .ARM.extab     0x00000000        0x0 c:/progra~2/gnuarm~1/102021~1.10/bin/../lib/gcc/arm-none-eabi/10.3.1/thumb/v7e-m+fp/hard\libgcc.a(_udivmoddi4.o)
 .data          0x00000000        0x0 c:/progra~2/gnuarm~1/102021~1.10/bin/../lib/gcc/arm-none-eabi/10.3.1/thumb/v7e-m+fp/hard\libgcc.a(_dvmd_tls.o)
 .bss           0x00000000        0x0 c:/progra~2/gnuarm~1/102021~1.10/bin/../lib/gcc/arm-none-eabi/10.3.1/thumb/v7e-m+fp/hard\libgcc.a(_dvmd_tls.o)
 .text          0x00000000        0x0 c:/progra~2/gnuarm~1/102021~1.10/bin/../lib/gcc/arm-none-eabi/10.3.1/../../../../arm-none-eabi/lib/thumb/v7e-m+fp/hard\libc_nano.a(lib_a-errno.o)
 .data          0x00000000        0x0 c:/progra~2/gnuarm~1/102021~1.10/bin/../lib/gcc/arm-none-eabi/10.3.1/../../../../arm-none-eabi/lib/thumb/v7e-m+fp/hard\libc_nano.a(lib_a-errno.o)
 .bss           0x00000000        0x0 c:/progra~2/gnuarm~1/102021~1.10/bin/../lib/gcc/arm-none-eabi/10.3.1/../../../../arm-none-eabi/lib/thumb/v7e-m+fp/hard\libc_nano.a(lib_a-errno.o)
 .text.__errno  0x00000000        0xc c:/progra~2/gnuarm~1/102021~1.10/bin/../lib/gcc/arm-none-eabi/10.3.1/../../../../arm-none-eabi/lib/thumb/v7e-m+fp/hard\libc_nano.a(lib_a-errno.o)
 .debug_frame   0x00000000       0x20 c:/progra~2/gnuarm~1/102021~1.10/bin/../lib/gcc/arm-none-eabi/10.3.1/../../../../arm-none-eabi/lib/thumb/v7e-m+fp/hard\libc_nano.a(lib_a-errno.o)
 .ARM.attributes
                0x00000000       0x34 c:/progra~2/gnuarm~1/102021~1.10/bin/../lib/gcc/arm-none-eabi/10.3.1/../../../../arm-none-eabi/lib/thumb/v7e-m+fp/hard\libc_nano.a(lib_a-errno.o)
 .text          0x00000000        0x0 c:/progra~2/gnuarm~1/102021~1.10/bin/../lib/gcc/arm-none-eabi/10.3.1/../../../../arm-none-eabi/lib/thumb/v7e-m+fp/hard\libc_nano.a(lib_a-exit.o)
 .data          0x00000000        0x0 c:/progra~2/gnuarm~1/102021~1.10/bin/../lib/gcc/arm-none-eabi/10.3.1/../../../../arm-none-eabi/lib/thumb/v7e-m+fp/hard\libc_nano.a(lib_a-exit.o)
 .bss           0x00000000        0x0 c:/progra~2/gnuarm~1/102021~1.10/bin/../lib/gcc/arm-none-eabi/10.3.1/../../../../arm-none-eabi/lib/thumb/v7e-m+fp/hard\libc_nano.a(lib_a-exit.o)
 .text.exit     0x00000000       0x28 c:/progra~2/gnuarm~1/102021~1.10/bin/../lib/gcc/arm-none-eabi/10.3.1/../../../../arm-none-eabi/lib/thumb/v7e-m+fp/hard\libc_nano.a(lib_a-exit.o)
 .debug_frame   0x00000000       0x28 c:/progra~2/gnuarm~1/102021~1.10/bin/../lib/gcc/arm-none-eabi/10.3.1/../../../../arm-none-eabi/lib/thumb/v7e-m+fp/hard\libc_nano.a(lib_a-exit.o)
 .ARM.attributes
                0x00000000       0x34 c:/progra~2/gnuarm~1/102021~1.10/bin/../lib/gcc/arm-none-eabi/10.3.1/../../../../arm-none-eabi/lib/thumb/v7e-m+fp/hard\libc_nano.a(lib_a-exit.o)
 .text          0x00000000        0x0 c:/progra~2/gnuarm~1/102021~1.10/bin/../lib/gcc/arm-none-eabi/10.3.1/../../../../arm-none-eabi/lib/thumb/v7e-m+fp/hard\libc_nano.a(lib_a-impure.o)
 .data          0x00000000        0x0 c:/progra~2/gnuarm~1/102021~1.10/bin/../lib/gcc/arm-none-eabi/10.3.1/../../../../arm-none-eabi/lib/thumb/v7e-m+fp/hard\libc_nano.a(lib_a-impure.o)
 .bss           0x00000000        0x0 c:/progra~2/gnuarm~1/102021~1.10/bin/../lib/gcc/arm-none-eabi/10.3.1/../../../../arm-none-eabi/lib/thumb/v7e-m+fp/hard\libc_nano.a(lib_a-impure.o)
 .data._impure_ptr
                0x00000000        0x4 c:/progra~2/gnuarm~1/102021~1.10/bin/../lib/gcc/arm-none-eabi/10.3.1/../../../../arm-none-eabi/lib/thumb/v7e-m+fp/hard\libc_nano.a(lib_a-impure.o)
 .data.impure_data
                0x00000000       0x60 c:/progra~2/gnuarm~1/102021~1.10/bin/../lib/gcc/arm-none-eabi/10.3.1/../../../../arm-none-eabi/lib/thumb/v7e-m+fp/hard\libc_nano.a(lib_a-impure.o)
 .rodata._global_impure_ptr
                0x00000000        0x4 c:/progra~2/gnuarm~1/102021~1.10/bin/../lib/gcc/arm-none-eabi/10.3.1/../../../../arm-none-eabi/lib/thumb/v7e-m+fp/hard\libc_nano.a(lib_a-impure.o)
 .ARM.attributes
                0x00000000       0x34 c:/progra~2/gnuarm~1/102021~1.10/bin/../lib/gcc/arm-none-eabi/10.3.1/../../../../arm-none-eabi/lib/thumb/v7e-m+fp/hard\libc_nano.a(lib_a-impure.o)
 .text          0x00000000        0x0 c:/progra~2/gnuarm~1/102021~1.10/bin/../lib/gcc/arm-none-eabi/10.3.1/../../../../arm-none-eabi/lib/thumb/v7e-m+fp/hard\libc_nano.a(lib_a-init.o)
 .data          0x00000000        0x0 c:/progra~2/gnuarm~1/102021~1.10/bin/../lib/gcc/arm-none-eabi/10.3.1/../../../../arm-none-eabi/lib/thumb/v7e-m+fp/hard\libc_nano.a(lib_a-init.o)
 .bss           0x00000000        0x0 c:/progra~2/gnuarm~1/102021~1.10/bin/../lib/gcc/arm-none-eabi/10.3.1/../../../../arm-none-eabi/lib/thumb/v7e-m+fp/hard\libc_nano.a(lib_a-init.o)
 .text          0x00000000        0x0 c:/progra~2/gnuarm~1/102021~1.10/bin/../lib/gcc/arm-none-eabi/10.3.1/../../../../arm-none-eabi/lib/thumb/v7e-m+fp/hard\libc_nano.a(lib_a-memset.o)
 .data          0x00000000        0x0 c:/progra~2/gnuarm~1/102021~1.10/bin/../lib/gcc/arm-none-eabi/10.3.1/../../../../arm-none-eabi/lib/thumb/v7e-m+fp/hard\libc_nano.a(lib_a-memset.o)
 .bss           0x00000000        0x0 c:/progra~2/gnuarm~1/102021~1.10/bin/../lib/gcc/arm-none-eabi/10.3.1/../../../../arm-none-eabi/lib/thumb/v7e-m+fp/hard\libc_nano.a(lib_a-memset.o)
 .text          0x00000000        0x0 c:/progra~2/gnuarm~1/102021~1.10/bin/../lib/gcc/arm-none-eabi/10.3.1/thumb/v7e-m+fp/hard/crtend.o
 .data          0x00000000        0x0 c:/progra~2/gnuarm~1/102021~1.10/bin/../lib/gcc/arm-none-eabi/10.3.1/thumb/v7e-m+fp/hard/crtend.o
 .bss           0x00000000        0x0 c:/progra~2/gnuarm~1/102021~1.10/bin/../lib/gcc/arm-none-eabi/10.3.1/thumb/v7e-m+fp/hard/crtend.o
 .rodata        0x00000000       0x24 c:/progra~2/gnuarm~1/102021~1.10/bin/../lib/gcc/arm-none-eabi/10.3.1/thumb/v7e-m+fp/hard/crtend.o
 .eh_frame      0x00000000        0x4 c:/progra~2/gnuarm~1/102021~1.10/bin/../lib/gcc/arm-none-eabi/10.3.1/thumb/v7e-m+fp/hard/crtend.o
 .ARM.attributes
                0x00000000       0x34 c:/progra~2/gnuarm~1/102021~1.10/bin/../lib/gcc/arm-none-eabi/10.3.1/thumb/v7e-m+fp/hard/crtend.o
 .text          0x00000000        0x0 c:/progra~2/gnuarm~1/102021~1.10/bin/../lib/gcc/arm-none-eabi/10.3.1/thumb/v7e-m+fp/hard/crtn.o
 .data          0x00000000        0x0 c:/progra~2/gnuarm~1/102021~1.10/bin/../lib/gcc/arm-none-eabi/10.3.1/thumb/v7e-m+fp/hard/crtn.o
 .bss           0x00000000        0x0 c:/progra~2/gnuarm~1/102021~1.10/bin/../lib/gcc/arm-none-eabi/10.3.1/thumb/v7e-m+fp/hard/crtn.o

Memory Configuration

Name             Origin             Length             Attributes
RAM              0x20000000         0x00020000         xrw
FLASH            0x08000000         0x00080000         xr
*default*        0x00000000         0xffffffff

Linker script and memory map

LOAD c:/progra~2/gnuarm~1/102021~1.10/bin/../lib/gcc/arm-none-eabi/10.3.1/thumb/v7e-m+fp/hard/crti.o
LOAD c:/progra~2/gnuarm~1/102021~1.10/bin/../lib/gcc/arm-none-eabi/10.3.1/thumb/v7e-m+fp/hard/crtbegin.o
LOAD c:/progra~2/gnuarm~1/102021~1.10/bin/../lib/gcc/arm-none-eabi/10.3.1/../../../../arm-none-eabi/lib/thumb/v7e-m+fp/hard/crt0.o
LOAD CMakeFiles/firmware.elf.dir/Core/Src/main.c.obj
LOAD CMakeFiles/firmware.elf.dir/Core/Src/stm32f4xx_hal_msp.c.obj
LOAD CMakeFiles/firmware.elf.dir/Core/Src/stm32f4xx_it.c.obj
LOAD CMakeFiles/firmware.elf.dir/Core/Src/syscalls.c.obj
LOAD CMakeFiles/firmware.elf.dir/Core/Src/sysmem.c.obj
LOAD CMakeFiles/firmware.elf.dir/Core/Src/system_stm32f4xx.c.obj
LOAD CMakeFiles/firmware.elf.dir/Drivers/STM32F4xx_HAL_Driver/Src/stm32f4xx_hal.c.obj
LOAD CMakeFiles/firmware.elf.dir/Drivers/STM32F4xx_HAL_Driver/Src/stm32f4xx_hal_cortex.c.obj
LOAD CMakeFiles/firmware.elf.dir/Drivers/STM32F4xx_HAL_Driver/Src/stm32f4xx_hal_crc.c.obj
LOAD CMakeFiles/firmware.elf.dir/Drivers/STM32F4xx_HAL_Driver/Src/stm32f4xx_hal_dma.c.obj
LOAD CMakeFiles/firmware.elf.dir/Drivers/STM32F4xx_HAL_Driver/Src/stm32f4xx_hal_dma_ex.c.obj
LOAD CMakeFiles/firmware.elf.dir/Drivers/STM32F4xx_HAL_Driver/Src/stm32f4xx_hal_exti.c.obj
LOAD CMakeFiles/firmware.elf.dir/Drivers/STM32F4xx_HAL_Driver/Src/stm32f4xx_hal_flash.c.obj
LOAD CMakeFiles/firmware.elf.dir/Drivers/STM32F4xx_HAL_Driver/Src/stm32f4xx_hal_flash_ex.c.obj
LOAD CMakeFiles/firmware.elf.dir/Drivers/STM32F4xx_HAL_Driver/Src/stm32f4xx_hal_flash_ramfunc.c.obj
LOAD CMakeFiles/firmware.elf.dir/Drivers/STM32F4xx_HAL_Driver/Src/stm32f4xx_hal_gpio.c.obj
LOAD CMakeFiles/firmware.elf.dir/Drivers/STM32F4xx_HAL_Driver/Src/stm32f4xx_hal_pwr.c.obj
LOAD CMakeFiles/firmware.elf.dir/Drivers/STM32F4xx_HAL_Driver/Src/stm32f4xx_hal_pwr_ex.c.obj
LOAD CMakeFiles/firmware.elf.dir/Drivers/STM32F4xx_HAL_Driver/Src/stm32f4xx_hal_rcc.c.obj
LOAD CMakeFiles/firmware.elf.dir/Drivers/STM32F4xx_HAL_Driver/Src/stm32f4xx_hal_rcc_ex.c.obj
LOAD CMakeFiles/firmware.elf.dir/Drivers/STM32F4xx_HAL_Driver/Src/stm32f4xx_hal_uart.c.obj
LOAD CMakeFiles/firmware.elf.dir/Drivers/STM32F4xx_HAL_Driver/Src/stm32f4xx_hal_wwdg.c.obj
LOAD CMakeFiles/firmware.elf.dir/Core/Startup/startup_stm32f446retx.s.obj
START GROUP
LOAD c:/progra~2/gnuarm~1/102021~1.10/bin/../lib/gcc/arm-none-eabi/10.3.1/thumb/v7e-m+fp/hard\libgcc.a
LOAD c:/progra~2/gnuarm~1/102021~1.10/bin/../lib/gcc/arm-none-eabi/10.3.1/../../../../arm-none-eabi/lib/thumb/v7e-m+fp/hard\libc_nano.a
END GROUP
START GROUP
LOAD c:/progra~2/gnuarm~1/102021~1.10/bin/../lib/gcc/arm-none-eabi/10.3.1/thumb/v7e-m+fp/hard\libgcc.a
LOAD c:/progra~2/gnuarm~1/102021~1.10/bin/../lib/gcc/arm-none-eabi/10.3.1/../../../../arm-none-eabi/lib/thumb/v7e-m+fp/hard\libc_nano.a
LOAD c:/progra~2/gnuarm~1/102021~1.10/bin/../lib/gcc/arm-none-eabi/10.3.1/../../../../arm-none-eabi/lib/thumb/v7e-m+fp/hard\libnosys.a
END GROUP
START GROUP
LOAD c:/progra~2/gnuarm~1/102021~1.10/bin/../lib/gcc/arm-none-eabi/10.3.1/thumb/v7e-m+fp/hard\libgcc.a
LOAD c:/progra~2/gnuarm~1/102021~1.10/bin/../lib/gcc/arm-none-eabi/10.3.1/../../../../arm-none-eabi/lib/thumb/v7e-m+fp/hard\libc_nano.a
LOAD c:/progra~2/gnuarm~1/102021~1.10/bin/../lib/gcc/arm-none-eabi/10.3.1/../../../../arm-none-eabi/lib/thumb/v7e-m+fp/hard\libnosys.a
END GROUP
LOAD c:/progra~2/gnuarm~1/102021~1.10/bin/../lib/gcc/arm-none-eabi/10.3.1/thumb/v7e-m+fp/hard/crtend.o
LOAD c:/progra~2/gnuarm~1/102021~1.10/bin/../lib/gcc/arm-none-eabi/10.3.1/thumb/v7e-m+fp/hard/crtn.o
                0x20020000                _estack = (ORIGIN (RAM) + LENGTH (RAM))
                0x00000200                _Min_Heap_Size = 0x200
                0x00000400                _Min_Stack_Size = 0x400

.isr_vector     0x08000000      0x1c4
                0x08000000                . = ALIGN (0x4)
 *(.isr_vector)
 .isr_vector    0x08000000      0x1c4 CMakeFiles/firmware.elf.dir/Core/Startup/startup_stm32f446retx.s.obj
                0x08000000                g_pfnVectors
                0x080001c4                . = ALIGN (0x4)

.text           0x080001c4     0x206c
                0x080001c4                . = ALIGN (0x4)
 *(.text)
 .text          0x080001c4       0x40 c:/progra~2/gnuarm~1/102021~1.10/bin/../lib/gcc/arm-none-eabi/10.3.1/thumb/v7e-m+fp/hard/crtbegin.o
 .text          0x08000204       0x30 c:/progra~2/gnuarm~1/102021~1.10/bin/../lib/gcc/arm-none-eabi/10.3.1/thumb/v7e-m+fp/hard\libgcc.a(_aeabi_uldivmod.o)
                0x08000204                __aeabi_uldivmod
 .text          0x08000234      0x2d0 c:/progra~2/gnuarm~1/102021~1.10/bin/../lib/gcc/arm-none-eabi/10.3.1/thumb/v7e-m+fp/hard\libgcc.a(_udivmoddi4.o)
                0x08000234                __udivmoddi4
 .text          0x08000504        0x4 c:/progra~2/gnuarm~1/102021~1.10/bin/../lib/gcc/arm-none-eabi/10.3.1/thumb/v7e-m+fp/hard\libgcc.a(_dvmd_tls.o)
                0x08000504                __aeabi_idiv0
                0x08000504                __aeabi_ldiv0
 *(.text*)
 .text.main     0x08000508       0x1e CMakeFiles/firmware.elf.dir/Core/Src/main.c.obj
                0x08000508                main
 *fill*         0x08000526        0x2 
 .text.SystemClock_Config
                0x08000528       0xdc CMakeFiles/firmware.elf.dir/Core/Src/main.c.obj
                0x08000528                SystemClock_Config
 .text.MX_CRC_Init
                0x08000604       0x28 CMakeFiles/firmware.elf.dir/Core/Src/main.c.obj
 .text.MX_USART2_UART_Init
                0x0800062c       0x54 CMakeFiles/firmware.elf.dir/Core/Src/main.c.obj
 .text.MX_WWDG_Init
                0x08000680       0x40 CMakeFiles/firmware.elf.dir/Core/Src/main.c.obj
 .text.MX_GPIO_Init
                0x080006c0       0xdc CMakeFiles/firmware.elf.dir/Core/Src/main.c.obj
 .text.Error_Handler
                0x0800079c        0xa CMakeFiles/firmware.elf.dir/Core/Src/main.c.obj
                0x0800079c                Error_Handler
 *fill*         0x080007a6        0x2 
 .text.HAL_MspInit
                0x080007a8       0x50 CMakeFiles/firmware.elf.dir/Core/Src/stm32f4xx_hal_msp.c.obj
                0x080007a8                HAL_MspInit
 .text.HAL_CRC_MspInit
                0x080007f8       0x44 CMakeFiles/firmware.elf.dir/Core/Src/stm32f4xx_hal_msp.c.obj
                0x080007f8                HAL_CRC_MspInit
 .text.HAL_UART_MspInit
                0x0800083c       0x90 CMakeFiles/firmware.elf.dir/Core/Src/stm32f4xx_hal_msp.c.obj
                0x0800083c                HAL_UART_MspInit
 .text.HAL_WWDG_MspInit
                0x080008cc       0x44 CMakeFiles/firmware.elf.dir/Core/Src/stm32f4xx_hal_msp.c.obj
                0x080008cc                HAL_WWDG_MspInit
 .text.NMI_Handler
                0x08000910        0x6 CMakeFiles/firmware.elf.dir/Core/Src/stm32f4xx_it.c.obj
                0x08000910                NMI_Handler
 .text.HardFault_Handler
                0x08000916        0x6 CMakeFiles/firmware.elf.dir/Core/Src/stm32f4xx_it.c.obj
                0x08000916                HardFault_Handler
 .text.MemManage_Handler
                0x0800091c        0x6 CMakeFiles/firmware.elf.dir/Core/Src/stm32f4xx_it.c.obj
                0x0800091c                MemManage_Handler
 .text.BusFault_Handler
                0x08000922        0x6 CMakeFiles/firmware.elf.dir/Core/Src/stm32f4xx_it.c.obj
                0x08000922                BusFault_Handler
 .text.UsageFault_Handler
                0x08000928        0x6 CMakeFiles/firmware.elf.dir/Core/Src/stm32f4xx_it.c.obj
                0x08000928                UsageFault_Handler
 .text.SVC_Handler
                0x0800092e        0xe CMakeFiles/firmware.elf.dir/Core/Src/stm32f4xx_it.c.obj
                0x0800092e                SVC_Handler
 .text.DebugMon_Handler
                0x0800093c        0xe CMakeFiles/firmware.elf.dir/Core/Src/stm32f4xx_it.c.obj
                0x0800093c                DebugMon_Handler
 .text.PendSV_Handler
                0x0800094a        0xe CMakeFiles/firmware.elf.dir/Core/Src/stm32f4xx_it.c.obj
                0x0800094a                PendSV_Handler
 .text.SysTick_Handler
                0x08000958        0xc CMakeFiles/firmware.elf.dir/Core/Src/stm32f4xx_it.c.obj
                0x08000958                SysTick_Handler
 .text.SystemInit
                0x08000964       0x24 CMakeFiles/firmware.elf.dir/Core/Src/system_stm32f4xx.c.obj
                0x08000964                SystemInit
 .text.HAL_Init
                0x08000988       0x44 CMakeFiles/firmware.elf.dir/Drivers/STM32F4xx_HAL_Driver/Src/stm32f4xx_hal.c.obj
                0x08000988                HAL_Init
 .text.HAL_InitTick
                0x080009cc       0x60 CMakeFiles/firmware.elf.dir/Drivers/STM32F4xx_HAL_Driver/Src/stm32f4xx_hal.c.obj
                0x080009cc                HAL_InitTick
 .text.HAL_IncTick
                0x08000a2c       0x28 CMakeFiles/firmware.elf.dir/Drivers/STM32F4xx_HAL_Driver/Src/stm32f4xx_hal.c.obj
                0x08000a2c                HAL_IncTick
 .text.HAL_GetTick
                0x08000a54       0x18 CMakeFiles/firmware.elf.dir/Drivers/STM32F4xx_HAL_Driver/Src/stm32f4xx_hal.c.obj
                0x08000a54                HAL_GetTick
 .text.__NVIC_SetPriorityGrouping
                0x08000a6c       0x48 CMakeFiles/firmware.elf.dir/Drivers/STM32F4xx_HAL_Driver/Src/stm32f4xx_hal_cortex.c.obj
 .text.__NVIC_GetPriorityGrouping
                0x08000ab4       0x1c CMakeFiles/firmware.elf.dir/Drivers/STM32F4xx_HAL_Driver/Src/stm32f4xx_hal_cortex.c.obj
 .text.__NVIC_SetPriority
                0x08000ad0       0x54 CMakeFiles/firmware.elf.dir/Drivers/STM32F4xx_HAL_Driver/Src/stm32f4xx_hal_cortex.c.obj
 .text.NVIC_EncodePriority
                0x08000b24       0x66 CMakeFiles/firmware.elf.dir/Drivers/STM32F4xx_HAL_Driver/Src/stm32f4xx_hal_cortex.c.obj
 *fill*         0x08000b8a        0x2 
 .text.SysTick_Config
                0x08000b8c       0x44 CMakeFiles/firmware.elf.dir/Drivers/STM32F4xx_HAL_Driver/Src/stm32f4xx_hal_cortex.c.obj
 .text.HAL_NVIC_SetPriorityGrouping
                0x08000bd0       0x16 CMakeFiles/firmware.elf.dir/Drivers/STM32F4xx_HAL_Driver/Src/stm32f4xx_hal_cortex.c.obj
                0x08000bd0                HAL_NVIC_SetPriorityGrouping
 .text.HAL_NVIC_SetPriority
                0x08000be6       0x38 CMakeFiles/firmware.elf.dir/Drivers/STM32F4xx_HAL_Driver/Src/stm32f4xx_hal_cortex.c.obj
                0x08000be6                HAL_NVIC_SetPriority
 .text.HAL_SYSTICK_Config
                0x08000c1e       0x18 CMakeFiles/firmware.elf.dir/Drivers/STM32F4xx_HAL_Driver/Src/stm32f4xx_hal_cortex.c.obj
                0x08000c1e                HAL_SYSTICK_Config
 .text.HAL_CRC_Init
                0x08000c36       0x38 CMakeFiles/firmware.elf.dir/Drivers/STM32F4xx_HAL_Driver/Src/stm32f4xx_hal_crc.c.obj
                0x08000c36                HAL_CRC_Init
 *fill*         0x08000c6e        0x2 
 .text.HAL_GPIO_Init
                0x08000c70      0x328 CMakeFiles/firmware.elf.dir/Drivers/STM32F4xx_HAL_Driver/Src/stm32f4xx_hal_gpio.c.obj
                0x08000c70                HAL_GPIO_Init
 .text.HAL_GPIO_WritePin
                0x08000f98       0x32 CMakeFiles/firmware.elf.dir/Drivers/STM32F4xx_HAL_Driver/Src/stm32f4xx_hal_gpio.c.obj
                0x08000f98                HAL_GPIO_WritePin
 *fill*         0x08000fca        0x2 
 .text.HAL_RCC_ClockConfig
                0x08000fcc      0x1cc CMakeFiles/firmware.elf.dir/Drivers/STM32F4xx_HAL_Driver/Src/stm32f4xx_hal_rcc.c.obj
                0x08000fcc                HAL_RCC_ClockConfig
 .text.HAL_RCC_GetHCLKFreq
                0x08001198       0x18 CMakeFiles/firmware.elf.dir/Drivers/STM32F4xx_HAL_Driver/Src/stm32f4xx_hal_rcc.c.obj
                0x08001198                HAL_RCC_GetHCLKFreq
 .text.HAL_RCC_GetPCLK1Freq
                0x080011b0       0x28 CMakeFiles/firmware.elf.dir/Drivers/STM32F4xx_HAL_Driver/Src/stm32f4xx_hal_rcc.c.obj
                0x080011b0                HAL_RCC_GetPCLK1Freq
 .text.HAL_RCC_GetPCLK2Freq
                0x080011d8       0x28 CMakeFiles/firmware.elf.dir/Drivers/STM32F4xx_HAL_Driver/Src/stm32f4xx_hal_rcc.c.obj
                0x080011d8                HAL_RCC_GetPCLK2Freq
 .text.HAL_RCC_GetSysClockFreq
                0x08001200      0x460 CMakeFiles/firmware.elf.dir/Drivers/STM32F4xx_HAL_Driver/Src/stm32f4xx_hal_rcc_ex.c.obj
                0x08001200                HAL_RCC_GetSysClockFreq
 .text.HAL_RCC_OscConfig
                0x08001660      0x53c CMakeFiles/firmware.elf.dir/Drivers/STM32F4xx_HAL_Driver/Src/stm32f4xx_hal_rcc_ex.c.obj
                0x08001660                HAL_RCC_OscConfig
 .text.HAL_UART_Init
                0x08001b9c       0xa0 CMakeFiles/firmware.elf.dir/Drivers/STM32F4xx_HAL_Driver/Src/stm32f4xx_hal_uart.c.obj
                0x08001b9c                HAL_UART_Init
 .text.UART_SetConfig
                0x08001c3c      0x4e8 CMakeFiles/firmware.elf.dir/Drivers/STM32F4xx_HAL_Driver/Src/stm32f4xx_hal_uart.c.obj
 .text.HAL_WWDG_Init
                0x08002124       0x48 CMakeFiles/firmware.elf.dir/Drivers/STM32F4xx_HAL_Driver/Src/stm32f4xx_hal_wwdg.c.obj
                0x08002124                HAL_WWDG_Init
 .text.Reset_Handler
                0x0800216c       0x50 CMakeFiles/firmware.elf.dir/Core/Startup/startup_stm32f446retx.s.obj
                0x0800216c                Reset_Handler
 .text.Default_Handler
                0x080021bc        0x2 CMakeFiles/firmware.elf.dir/Core/Startup/startup_stm32f446retx.s.obj
                0x080021bc                RTC_Alarm_IRQHandler
                0x080021bc                EXTI2_IRQHandler
                0x080021bc                TIM8_CC_IRQHandler
                0x080021bc                FMPI2C1_EV_IRQHandler
                0x080021bc                SPI4_IRQHandler
                0x080021bc                TIM1_CC_IRQHandler
                0x080021bc                DMA2_Stream5_IRQHandler
                0x080021bc                DMA1_Stream5_IRQHandler
                0x080021bc                PVD_IRQHandler
                0x080021bc                SDIO_IRQHandler
                0x080021bc                TAMP_STAMP_IRQHandler
                0x080021bc                CAN2_RX1_IRQHandler
                0x080021bc                EXTI3_IRQHandler
                0x080021bc                TIM8_TRG_COM_TIM14_IRQHandler
                0x080021bc                TIM1_UP_TIM10_IRQHandler
                0x080021bc                TIM8_UP_TIM13_IRQHandler
                0x080021bc                I2C3_ER_IRQHandler
                0x080021bc                EXTI0_IRQHandler
                0x080021bc                I2C2_EV_IRQHandler
                0x080021bc                DMA1_Stream2_IRQHandler
                0x080021bc                CAN1_RX0_IRQHandler
                0x080021bc                FPU_IRQHandler
                0x080021bc                OTG_HS_WKUP_IRQHandler
                0x080021bc                CAN2_SCE_IRQHandler
                0x080021bc                DMA2_Stream2_IRQHandler
                0x080021bc                SPI1_IRQHandler
                0x080021bc                TIM6_DAC_IRQHandler
                0x080021bc                TIM1_BRK_TIM9_IRQHandler
                0x080021bc                DCMI_IRQHandler
                0x080021bc                CAN2_RX0_IRQHandler
                0x080021bc                DMA2_Stream3_IRQHandler
                0x080021bc                SAI2_IRQHandler
                0x080021bc                USART6_IRQHandler
                0x080021bc                USART3_IRQHandler
                0x080021bc                CAN1_RX1_IRQHandler
                0x080021bc                UART5_IRQHandler
                0x080021bc                DMA2_Stream0_IRQHandler
                0x080021bc                TIM4_IRQHandler
                0x080021bc                QUADSPI_IRQHandler
                0x080021bc                I2C1_EV_IRQHandler
                0x080021bc                DMA1_Stream6_IRQHandler
                0x080021bc                DMA1_Stream1_IRQHandler
                0x080021bc                UART4_IRQHandler
                0x080021bc                TIM3_IRQHandler
                0x080021bc                RCC_IRQHandler
                0x080021bc                TIM8_BRK_TIM12_IRQHandler
                0x080021bc                Default_Handler
                0x080021bc                CEC_IRQHandler
                0x080021bc                EXTI15_10_IRQHandler
                0x080021bc                ADC_IRQHandler
                0x080021bc                DMA1_Stream7_IRQHandler
                0x080021bc                TIM7_IRQHandler
                0x080021bc                CAN2_TX_IRQHandler
                0x080021bc                TIM5_IRQHandler
                0x080021bc                DMA2_Stream7_IRQHandler
                0x080021bc                I2C3_EV_IRQHandler
                0x080021bc                EXTI9_5_IRQHandler
                0x080021bc                RTC_WKUP_IRQHandler
                0x080021bc                SPDIF_RX_IRQHandler
                0x080021bc                SPI2_IRQHandler
                0x080021bc                OTG_HS_EP1_IN_IRQHandler
                0x080021bc                DMA1_Stream0_IRQHandler
                0x080021bc                CAN1_TX_IRQHandler
                0x080021bc                FMPI2C1_ER_IRQHandler
                0x080021bc                EXTI4_IRQHandler
                0x080021bc                OTG_HS_EP1_OUT_IRQHandler
                0x080021bc                WWDG_IRQHandler
                0x080021bc                TIM2_IRQHandler
                0x080021bc                OTG_FS_WKUP_IRQHandler
                0x080021bc                TIM1_TRG_COM_TIM11_IRQHandler
                0x080021bc                OTG_HS_IRQHandler
                0x080021bc                EXTI1_IRQHandler
                0x080021bc                USART2_IRQHandler
                0x080021bc                I2C2_ER_IRQHandler
                0x080021bc                DMA2_Stream1_IRQHandler
                0x080021bc                CAN1_SCE_IRQHandler
                0x080021bc                FLASH_IRQHandler
                0x080021bc                DMA2_Stream4_IRQHandler
                0x080021bc                USART1_IRQHandler
                0x080021bc                OTG_FS_IRQHandler
                0x080021bc                SPI3_IRQHandler
                0x080021bc                DMA1_Stream4_IRQHandler
                0x080021bc                I2C1_ER_IRQHandler
                0x080021bc                FMC_IRQHandler
                0x080021bc                DMA2_Stream6_IRQHandler
                0x080021bc                SAI1_IRQHandler
                0x080021bc                DMA1_Stream3_IRQHandler
 *fill*         0x080021be        0x2 
 .text.__libc_init_array
                0x080021c0       0x48 c:/progra~2/gnuarm~1/102021~1.10/bin/../lib/gcc/arm-none-eabi/10.3.1/../../../../arm-none-eabi/lib/thumb/v7e-m+fp/hard\libc_nano.a(lib_a-init.o)
                0x080021c0                __libc_init_array
 .text.memset   0x08002208       0x10 c:/progra~2/gnuarm~1/102021~1.10/bin/../lib/gcc/arm-none-eabi/10.3.1/../../../../arm-none-eabi/lib/thumb/v7e-m+fp/hard\libc_nano.a(lib_a-memset.o)
                0x08002208                memset
 *(.glue_7)
 .glue_7        0x08002218        0x0 linker stubs
 *(.glue_7t)
 .glue_7t       0x08002218        0x0 linker stubs
 *(.eh_frame)
 .eh_frame      0x08002218        0x0 c:/progra~2/gnuarm~1/102021~1.10/bin/../lib/gcc/arm-none-eabi/10.3.1/thumb/v7e-m+fp/hard/crtbegin.o
 *(.init)
 .init          0x08002218        0x4 c:/progra~2/gnuarm~1/102021~1.10/bin/../lib/gcc/arm-none-eabi/10.3.1/thumb/v7e-m+fp/hard/crti.o
                0x08002218                _init
 .init          0x0800221c        0x8 c:/progra~2/gnuarm~1/102021~1.10/bin/../lib/gcc/arm-none-eabi/10.3.1/thumb/v7e-m+fp/hard/crtn.o
 *(.fini)
 .fini          0x08002224        0x4 c:/progra~2/gnuarm~1/102021~1.10/bin/../lib/gcc/arm-none-eabi/10.3.1/thumb/v7e-m+fp/hard/crti.o
                0x08002224                _fini
 .fini          0x08002228        0x8 c:/progra~2/gnuarm~1/102021~1.10/bin/../lib/gcc/arm-none-eabi/10.3.1/thumb/v7e-m+fp/hard/crtn.o
                0x08002230                . = ALIGN (0x4)
                0x08002230                _etext = .

.vfp11_veneer   0x08002230        0x0
 .vfp11_veneer  0x08002230        0x0 linker stubs

.v4_bx          0x08002230        0x0
 .v4_bx         0x08002230        0x0 linker stubs

.iplt           0x08002230        0x0
 .iplt          0x08002230        0x0 c:/progra~2/gnuarm~1/102021~1.10/bin/../lib/gcc/arm-none-eabi/10.3.1/thumb/v7e-m+fp/hard/crtbegin.o

.rodata         0x08002230       0x18
                0x08002230                . = ALIGN (0x4)
 *(.rodata)
 *(.rodata*)
 .rodata.AHBPrescTable
                0x08002230       0x10 CMakeFiles/firmware.elf.dir/Core/Src/system_stm32f4xx.c.obj
                0x08002230                AHBPrescTable
 .rodata.APBPrescTable
                0x08002240        0x8 CMakeFiles/firmware.elf.dir/Core/Src/system_stm32f4xx.c.obj
                0x08002240                APBPrescTable
                0x08002248                . = ALIGN (0x4)

.ARM.extab      0x08002248        0x0
                0x08002248                . = ALIGN (0x4)
 *(.ARM.extab* .gnu.linkonce.armextab.*)
                0x08002248                . = ALIGN (0x4)

.ARM            0x08002248        0x8
                0x08002248                . = ALIGN (0x4)
                0x08002248                __exidx_start = .
 *(.ARM.exidx*)
 .ARM.exidx     0x08002248        0x8 c:/progra~2/gnuarm~1/102021~1.10/bin/../lib/gcc/arm-none-eabi/10.3.1/thumb/v7e-m+fp/hard\libgcc.a(_udivmoddi4.o)
                0x08002250                __exidx_end = .
                0x08002250                . = ALIGN (0x4)

.rel.dyn        0x08002250        0x0
 .rel.iplt      0x08002250        0x0 c:/progra~2/gnuarm~1/102021~1.10/bin/../lib/gcc/arm-none-eabi/10.3.1/thumb/v7e-m+fp/hard/crtbegin.o

.preinit_array  0x08002250        0x0
                0x08002250                . = ALIGN (0x4)
                0x08002250                PROVIDE (__preinit_array_start = .)
 *(.preinit_array*)
                0x08002250                PROVIDE (__preinit_array_end = .)
                0x08002250                . = ALIGN (0x4)

.init_array     0x08002250        0x4
                0x08002250                . = ALIGN (0x4)
                0x08002250                PROVIDE (__init_array_start = .)
 *(SORT_BY_NAME(.init_array.*))
 *(.init_array*)
 .init_array    0x08002250        0x4 c:/progra~2/gnuarm~1/102021~1.10/bin/../lib/gcc/arm-none-eabi/10.3.1/thumb/v7e-m+fp/hard/crtbegin.o
                0x08002254                PROVIDE (__init_array_end = .)
                0x08002254                . = ALIGN (0x4)

.fini_array     0x08002254        0x4
                0x08002254                . = ALIGN (0x4)
                [!provide]                PROVIDE (__fini_array_start = .)
 *(SORT_BY_NAME(.fini_array.*))
 *(.fini_array*)
 .fini_array    0x08002254        0x4 c:/progra~2/gnuarm~1/102021~1.10/bin/../lib/gcc/arm-none-eabi/10.3.1/thumb/v7e-m+fp/hard/crtbegin.o
                [!provide]                PROVIDE (__fini_array_end = .)
                0x08002258                . = ALIGN (0x4)
                0x08002258                _sidata = LOADADDR (.data)

.data           0x20000000        0xc load address 0x08002258
                0x20000000                . = ALIGN (0x4)
                0x20000000                _sdata = .
 *(.data)
 *(.data*)
 .data.SystemCoreClock
                0x20000000        0x4 CMakeFiles/firmware.elf.dir/Core/Src/system_stm32f4xx.c.obj
                0x20000000                SystemCoreClock
 .data.uwTickPrio
                0x20000004        0x4 CMakeFiles/firmware.elf.dir/Drivers/STM32F4xx_HAL_Driver/Src/stm32f4xx_hal.c.obj
                0x20000004                uwTickPrio
 .data.uwTickFreq
                0x20000008        0x1 CMakeFiles/firmware.elf.dir/Drivers/STM32F4xx_HAL_Driver/Src/stm32f4xx_hal.c.obj
                0x20000008                uwTickFreq
 *(.RamFunc)
 *(.RamFunc*)
                0x2000000c                . = ALIGN (0x4)
 *fill*         0x20000009        0x3 
                0x2000000c                _edata = .

.igot.plt       0x2000000c        0x0 load address 0x08002264
 .igot.plt      0x2000000c        0x0 c:/progra~2/gnuarm~1/102021~1.10/bin/../lib/gcc/arm-none-eabi/10.3.1/thumb/v7e-m+fp/hard/crtbegin.o
                0x2000000c                . = ALIGN (0x4)

.bss            0x2000000c       0x84 load address 0x08002264
                0x2000000c                _sbss = .
                0x2000000c                __bss_start__ = _sbss
 *(.bss)
 .bss           0x2000000c       0x1c c:/progra~2/gnuarm~1/102021~1.10/bin/../lib/gcc/arm-none-eabi/10.3.1/thumb/v7e-m+fp/hard/crtbegin.o
 *(.bss*)
 .bss.hcrc      0x20000028        0x8 CMakeFiles/firmware.elf.dir/Core/Src/main.c.obj
                0x20000028                hcrc
 .bss.huart2    0x20000030       0x48 CMakeFiles/firmware.elf.dir/Core/Src/main.c.obj
                0x20000030                huart2
 .bss.hwwdg     0x20000078       0x14 CMakeFiles/firmware.elf.dir/Core/Src/main.c.obj
                0x20000078                hwwdg
 .bss.uwTick    0x2000008c        0x4 CMakeFiles/firmware.elf.dir/Drivers/STM32F4xx_HAL_Driver/Src/stm32f4xx_hal.c.obj
                0x2000008c                uwTick
 *(COMMON)
                0x20000090                . = ALIGN (0x4)
                0x20000090                _ebss = .
                0x20000090                __bss_end__ = _ebss

._user_heap_stack
                0x20000090      0x600 load address 0x08002264
                0x20000090                . = ALIGN (0x8)
                [!provide]                PROVIDE (end = .)
                0x20000090                PROVIDE (_end = .)
                0x20000290                . = (. + _Min_Heap_Size)
 *fill*         0x20000090      0x200 
                0x20000690                . = (. + _Min_Stack_Size)
 *fill*         0x20000290      0x400 
                0x20000690                . = ALIGN (0x8)

/DISCARD/
 libc.a(*)
 libm.a(*)
 libgcc.a(*)

.ARM.attributes
                0x00000000       0x30
 *(.ARM.attributes)
 .ARM.attributes
                0x00000000       0x1e c:/progra~2/gnuarm~1/102021~1.10/bin/../lib/gcc/arm-none-eabi/10.3.1/thumb/v7e-m+fp/hard/crti.o
 .ARM.attributes
                0x0000001e       0x34 c:/progra~2/gnuarm~1/102021~1.10/bin/../lib/gcc/arm-none-eabi/10.3.1/thumb/v7e-m+fp/hard/crtbegin.o
 .ARM.attributes
                0x00000052       0x34 CMakeFiles/firmware.elf.dir/Core/Src/main.c.obj
 .ARM.attributes
                0x00000086       0x34 CMakeFiles/firmware.elf.dir/Core/Src/stm32f4xx_hal_msp.c.obj
 .ARM.attributes
                0x000000ba       0x34 CMakeFiles/firmware.elf.dir/Core/Src/stm32f4xx_it.c.obj
 .ARM.attributes
                0x000000ee       0x34 CMakeFiles/firmware.elf.dir/Core/Src/system_stm32f4xx.c.obj
 .ARM.attributes
                0x00000122       0x34 CMakeFiles/firmware.elf.dir/Drivers/STM32F4xx_HAL_Driver/Src/stm32f4xx_hal.c.obj
 .ARM.attributes
                0x00000156       0x34 CMakeFiles/firmware.elf.dir/Drivers/STM32F4xx_HAL_Driver/Src/stm32f4xx_hal_cortex.c.obj
 .ARM.attributes
                0x0000018a       0x34 CMakeFiles/firmware.elf.dir/Drivers/STM32F4xx_HAL_Driver/Src/stm32f4xx_hal_crc.c.obj
 .ARM.attributes
                0x000001be       0x34 CMakeFiles/firmware.elf.dir/Drivers/STM32F4xx_HAL_Driver/Src/stm32f4xx_hal_gpio.c.obj
 .ARM.attributes
                0x000001f2       0x34 CMakeFiles/firmware.elf.dir/Drivers/STM32F4xx_HAL_Driver/Src/stm32f4xx_hal_rcc.c.obj
 .ARM.attributes
                0x00000226       0x34 CMakeFiles/firmware.elf.dir/Drivers/STM32F4xx_HAL_Driver/Src/stm32f4xx_hal_rcc_ex.c.obj
 .ARM.attributes
                0x0000025a       0x34 CMakeFiles/firmware.elf.dir/Drivers/STM32F4xx_HAL_Driver/Src/stm32f4xx_hal_uart.c.obj
 .ARM.attributes
                0x0000028e       0x34 CMakeFiles/firmware.elf.dir/Drivers/STM32F4xx_HAL_Driver/Src/stm32f4xx_hal_wwdg.c.obj
 .ARM.attributes
                0x000002c2       0x21 CMakeFiles/firmware.elf.dir/Core/Startup/startup_stm32f446retx.s.obj
 .ARM.attributes
                0x000002e3       0x1e c:/progra~2/gnuarm~1/102021~1.10/bin/../lib/gcc/arm-none-eabi/10.3.1/thumb/v7e-m+fp/hard\libgcc.a(_aeabi_uldivmod.o)
 .ARM.attributes
                0x00000301       0x34 c:/progra~2/gnuarm~1/102021~1.10/bin/../lib/gcc/arm-none-eabi/10.3.1/thumb/v7e-m+fp/hard\libgcc.a(_udivmoddi4.o)
 .ARM.attributes
                0x00000335       0x1e c:/progra~2/gnuarm~1/102021~1.10/bin/../lib/gcc/arm-none-eabi/10.3.1/thumb/v7e-m+fp/hard\libgcc.a(_dvmd_tls.o)
 .ARM.attributes
                0x00000353       0x34 c:/progra~2/gnuarm~1/102021~1.10/bin/../lib/gcc/arm-none-eabi/10.3.1/../../../../arm-none-eabi/lib/thumb/v7e-m+fp/hard\libc_nano.a(lib_a-init.o)
 .ARM.attributes
                0x00000387       0x34 c:/progra~2/gnuarm~1/102021~1.10/bin/../lib/gcc/arm-none-eabi/10.3.1/../../../../arm-none-eabi/lib/thumb/v7e-m+fp/hard\libc_nano.a(lib_a-memset.o)
 .ARM.attributes
                0x000003bb       0x1e c:/progra~2/gnuarm~1/102021~1.10/bin/../lib/gcc/arm-none-eabi/10.3.1/thumb/v7e-m+fp/hard/crtn.o
OUTPUT(firmware.elf elf32-littlearm)
LOAD linker stubs
LOAD c:/progra~2/gnuarm~1/102021~1.10/bin/../lib/gcc/arm-none-eabi/10.3.1/../../../../arm-none-eabi/lib/thumb/v7e-m+fp/hard\libc.a
LOAD c:/progra~2/gnuarm~1/102021~1.10/bin/../lib/gcc/arm-none-eabi/10.3.1/../../../../arm-none-eabi/lib/thumb/v7e-m+fp/hard\libm.a
LOAD c:/progra~2/gnuarm~1/102021~1.10/bin/../lib/gcc/arm-none-eabi/10.3.1/thumb/v7e-m+fp/hard\libgcc.a

.comment        0x00000000       0x49
 .comment       0x00000000       0x49 CMakeFiles/firmware.elf.dir/Core/Src/main.c.obj
                                 0x4a (size before relaxing)
 .comment       0x00000049       0x4a CMakeFiles/firmware.elf.dir/Core/Src/stm32f4xx_hal_msp.c.obj
 .comment       0x00000049       0x4a CMakeFiles/firmware.elf.dir/Core/Src/stm32f4xx_it.c.obj
 .comment       0x00000049       0x4a CMakeFiles/firmware.elf.dir/Core/Src/system_stm32f4xx.c.obj
 .comment       0x00000049       0x4a CMakeFiles/firmware.elf.dir/Drivers/STM32F4xx_HAL_Driver/Src/stm32f4xx_hal.c.obj
 .comment       0x00000049       0x4a CMakeFiles/firmware.elf.dir/Drivers/STM32F4xx_HAL_Driver/Src/stm32f4xx_hal_cortex.c.obj
 .comment       0x00000049       0x4a CMakeFiles/firmware.elf.dir/Drivers/STM32F4xx_HAL_Driver/Src/stm32f4xx_hal_crc.c.obj
 .comment       0x00000049       0x4a CMakeFiles/firmware.elf.dir/Drivers/STM32F4xx_HAL_Driver/Src/stm32f4xx_hal_gpio.c.obj
 .comment       0x00000049       0x4a CMakeFiles/firmware.elf.dir/Drivers/STM32F4xx_HAL_Driver/Src/stm32f4xx_hal_rcc.c.obj
 .comment       0x00000049       0x4a CMakeFiles/firmware.elf.dir/Drivers/STM32F4xx_HAL_Driver/Src/stm32f4xx_hal_rcc_ex.c.obj
 .comment       0x00000049       0x4a CMakeFiles/firmware.elf.dir/Drivers/STM32F4xx_HAL_Driver/Src/stm32f4xx_hal_uart.c.obj
 .comment       0x00000049       0x4a CMakeFiles/firmware.elf.dir/Drivers/STM32F4xx_HAL_Driver/Src/stm32f4xx_hal_wwdg.c.obj

.debug_frame    0x00000000       0xac
 .debug_frame   0x00000000       0x2c c:/progra~2/gnuarm~1/102021~1.10/bin/../lib/gcc/arm-none-eabi/10.3.1/thumb/v7e-m+fp/hard\libgcc.a(_aeabi_uldivmod.o)
 .debug_frame   0x0000002c       0x34 c:/progra~2/gnuarm~1/102021~1.10/bin/../lib/gcc/arm-none-eabi/10.3.1/thumb/v7e-m+fp/hard\libgcc.a(_udivmoddi4.o)
 .debug_frame   0x00000060       0x2c c:/progra~2/gnuarm~1/102021~1.10/bin/../lib/gcc/arm-none-eabi/10.3.1/../../../../arm-none-eabi/lib/thumb/v7e-m+fp/hard\libc_nano.a(lib_a-init.o)
 .debug_frame   0x0000008c       0x20 c:/progra~2/gnuarm~1/102021~1.10/bin/../lib/gcc/arm-none-eabi/10.3.1/../../../../arm-none-eabi/lib/thumb/v7e-m+fp/hard\libc_nano.a(lib_a-memset.o)
